Symbol: BANKED_DRIVER_DISPATCHER (cubixdrv.s) = 8800
Symbol: CONSOLEDEVICE (cubixdrv.s) = 0100
Symbol: CURRENTCYL (cubixdrv.s) = 01F9
Symbol: CURRENTDEVICE (cubixdrv.s) = 01FB
Symbol: CURRENTHEAD (cubixdrv.s) = 01F8
Symbol: CURRENTSEC (cubixdrv.s) = 01FA
Symbol: CURRENTSLICE (cubixdrv.s) = 01FC
Symbol: DISKERROR (cubixdrv.s) = 01F7
Symbol: DISPATCHTABLE (cubixdrv.s) = 8813
Symbol: drv_noop (cubixdrv.s) = 8E56
Symbol: DSKY_ABORT (cubixdrv.s) = 8BFC
Symbol: DSKY_BEEP (cubixdrv.s) = 8DA8
Symbol: DSKY_BEEP1 (cubixdrv.s) = 8DBB
Symbol: DSKY_BIN2SEG (cubixdrv.s) = 8C8F
Symbol: DSKY_BIN2SEG1 (cubixdrv.s) = 8C92
Symbol: DSKY_BLANK (cubixdrv.s) = 8D61
Symbol: DSKY_BLANK1 (cubixdrv.s) = 8D68
Symbol: DSKY_BUF (cubixdrv.s) = 01EA
Symbol: DSKY_CMD (cubixdrv.s) = 8CED
Symbol: DSKY_CMD_CLK (cubixdrv.s) = 0020
Symbol: DSKY_CMD_CLR (cubixdrv.s) = 00DF
Symbol: DSKY_CMD_CLRX (cubixdrv.s) = 00D3
Symbol: DSKY_CMD_FIFO (cubixdrv.s) = 0040
Symbol: DSKY_CMD_RDSP (cubixdrv.s) = 0070
Symbol: DSKY_CMD_WDSP (cubixdrv.s) = 0090
Symbol: DSKY_DIN (cubixdrv.s) = 8D2E
Symbol: DSKY_DIN2 (cubixdrv.s) = 8D30
Symbol: DSKY_DOUT (cubixdrv.s) = 8CF4
Symbol: DSKY_DOUT2 (cubixdrv.s) = 8CF8
Symbol: DSKY_DSPL (cubixdrv.s) = 8DCF
Symbol: DSKY_DSPL_1 (cubixdrv.s) = 8DE5
Symbol: DSKY_GETBYTE (cubixdrv.s) = 8D84
Symbol: DSKY_GETKEY (cubixdrv.s) = 8C31
Symbol: DSKY_GETKEY1 (cubixdrv.s) = 8C51
Symbol: DSKY_GETKEY1A (cubixdrv.s) = 8C61
Symbol: DSKY_GETKEY2 (cubixdrv.s) = 8C66
Symbol: DSKY_HEXBUF (cubixdrv.s) = 01F3
Symbol: DSKY_HEXMAP (cubixdrv.s) = 8E18
Symbol: DSKY_INIT (cubixdrv.s) = 8B84
Symbol: DSKY_INITA (cubixdrv.s) = 8BB1
Symbol: DSKY_INITB (cubixdrv.s) = 8BC9
Symbol: DSKY_KEYMAP (cubixdrv.s) = 8C73
Symbol: DSKY_PPI (cubixdrv.s) = 0560
Symbol: DSKY_PPI_IDLE (cubixdrv.s) = 0006
Symbol: DSKY_PPIA (cubixdrv.s) = 0560
Symbol: DSKY_PPIB (cubixdrv.s) = 0561
Symbol: DSKY_PPIC (cubixdrv.s) = 0562
Symbol: DSKY_PPIDETECT (cubixdrv.s) = 8C16
Symbol: DSKY_PPIIDLE (cubixdrv.s) = 8E15
Symbol: DSKY_PPIRD (cubixdrv.s) = 8E02
Symbol: DSKY_PPIRD1 (cubixdrv.s) = 8E13
Symbol: DSKY_PPIWR (cubixdrv.s) = 8DEA
Symbol: DSKY_PPIWR1 (cubixdrv.s) = 8E00
Symbol: DSKY_PPIX (cubixdrv.s) = 0563
Symbol: DSKY_PPIX_RD (cubixdrv.s) = 0092
Symbol: DSKY_PPIX_VAL (cubixdrv.s) = 8E29
Symbol: DSKY_PPIX_WR (cubixdrv.s) = 0082
Symbol: DSKY_PREINIT (cubixdrv.s) = 8BCD
Symbol: DSKY_PRESENT (cubixdrv.s) = 8E2A
Symbol: DSKY_PUTBYTE (cubixdrv.s) = 8D71
Symbol: DSKY_PUTLED (cubixdrv.s) = 8D93
Symbol: DSKY_PUTLED_1 (cubixdrv.s) = 8D9A
Symbol: DSKY_REINIT (cubixdrv.s) = 8BFD
Symbol: DSKY_RESET (cubixdrv.s) = 8C05
Symbol: DSKY_RESET1 (cubixdrv.s) = 8C0D
Symbol: DSKY_RESET2 (cubixdrv.s) = 8C15
Symbol: DSKY_SHOW (cubixdrv.s) = 8CD6
Symbol: DSKY_SHOW1 (cubixdrv.s) = 8CDB
Symbol: DSKY_ST (cubixdrv.s) = 8D29
Symbol: DSKY_STAT (cubixdrv.s) = 8C24
Symbol: DSKY_STATA (cubixdrv.s) = 8C30
Symbol: DSKY_TEMP_VAL (cubixdrv.s) = 8E28
Symbol: DSKYINITMSG (cubixdrv.s) = 8E2B
Symbol: DSKYMESSAGE1 (cubixdrv.s) = 8E33
Symbol: DSKYMESSAGE2 (cubixdrv.s) = 8E39
Symbol: DSKYMESSAGE3 (cubixdrv.s) = 8E40
Symbol: DSKYMESSAGE4 (cubixdrv.s) = 8E49
Symbol: farpointer (cubixdrv.s) = 01FE
Symbol: FUNCTION_DISPATCHER (cubixdrv.s) = 8800
Symbol: HOUT (cubixdrv.s) = 8E84
Symbol: HSTBUF (cubixdrv.s) = 0300
Symbol: IDE_ABORT (cubixdrv.s) = 88B2
Symbol: IDE_INITA (cubixdrv.s) = 88D4
Symbol: IDE_PPIDETECT (cubixdrv.s) = 8978
Symbol: IDE_PRINT_INFO (cubixdrv.s) = 88BB
Symbol: IDE_READ (cubixdrv.s) = 8A81
Symbol: IDE_READ_BUFFER (cubixdrv.s) = 8A46
Symbol: IDE_READ_INFO (cubixdrv.s) = 8919
Symbol: IDE_READ_INFO_ABORT (cubixdrv.s) = 8966
Symbol: IDE_READ_INFO_OK (cubixdrv.s) = 8972
Symbol: IDE_READ_NO_SETUP (cubixdrv.s) = 8A84
Symbol: IDE_READ_SECTOR (cubixdrv.s) = 8986
Symbol: IDE_READ_SECTOR_1 (cubixdrv.s) = 898B
Symbol: IDE_READ_SECTOR_ERROR (cubixdrv.s) = 89A6
Symbol: IDE_SETUP_LBA (cubixdrv.s) = 8B26
Symbol: IDE_WAIT_DRQ (cubixdrv.s) = 8A18
Symbol: IDE_WAIT_DRQ1 (cubixdrv.s) = 8A22
Symbol: IDE_WAIT_DRQ2 (cubixdrv.s) = 8A42
Symbol: IDE_WAIT_DRQ3 (cubixdrv.s) = 8A44
Symbol: IDE_WAIT_DRQE (cubixdrv.s) = 8A3D
Symbol: IDE_WAIT_NOT_BUSY (cubixdrv.s) = 89F1
Symbol: IDE_WAIT_NOT_BUSY1 (cubixdrv.s) = 89FB
Symbol: IDE_WAIT_NOT_BUSY2 (cubixdrv.s) = 8A13
Symbol: IDE_WAIT_NOT_BUSY3 (cubixdrv.s) = 8A15
Symbol: IDE_WRITE (cubixdrv.s) = 8AAA
Symbol: IDE_WRITE_BUFFER (cubixdrv.s) = 8A62
Symbol: IDE_WRITE_SECTOR (cubixdrv.s) = 89AC
Symbol: IDE_WRITE_SECTOR_ERROR (cubixdrv.s) = 89D1
Symbol: IDEBUFRD (cubixdrv.s) = 8A4A
Symbol: IDEBUFWT (cubixdrv.s) = 8A66
Symbol: KY_0 (cubixdrv.s) = 0000
Symbol: KY_1 (cubixdrv.s) = 0001
Symbol: KY_2 (cubixdrv.s) = 0002
Symbol: KY_3 (cubixdrv.s) = 0003
Symbol: KY_4 (cubixdrv.s) = 0004
Symbol: KY_5 (cubixdrv.s) = 0005
Symbol: KY_6 (cubixdrv.s) = 0006
Symbol: KY_7 (cubixdrv.s) = 0007
Symbol: KY_8 (cubixdrv.s) = 0008
Symbol: KY_9 (cubixdrv.s) = 0009
Symbol: KY_A (cubixdrv.s) = 000A
Symbol: KY_B (cubixdrv.s) = 000B
Symbol: KY_BK (cubixdrv.s) = 0011
Symbol: KY_BO (cubixdrv.s) = 0017
Symbol: KY_C (cubixdrv.s) = 000C
Symbol: KY_CL (cubixdrv.s) = 0012
Symbol: KY_D (cubixdrv.s) = 000D
Symbol: KY_DE (cubixdrv.s) = 0014
Symbol: KY_E (cubixdrv.s) = 000E
Symbol: KY_EN (cubixdrv.s) = 0013
Symbol: KY_EX (cubixdrv.s) = 0015
Symbol: KY_F (cubixdrv.s) = 000F
Symbol: KY_F1 (cubixdrv.s) = 0021
Symbol: KY_F2 (cubixdrv.s) = 0020
Symbol: KY_F3 (cubixdrv.s) = 0019
Symbol: KY_F4 (cubixdrv.s) = 0018
Symbol: KY_FW (cubixdrv.s) = 0010
Symbol: KY_GO (cubixdrv.s) = 0016
Symbol: LFCR (cubixdrv.s) = 8E57
Symbol: MD_PAGERA (cubixdrv.s) = 0200
Symbol: MESSAGE1 (cubixdrv.s) = 8AE5
Symbol: MESSAGE2 (cubixdrv.s) = 8AED
Symbol: MESSAGE3 (cubixdrv.s) = 8AF4
Symbol: MESSAGE4 (cubixdrv.s) = 8B01
Symbol: MESSAGE5 (cubixdrv.s) = 8B12
Symbol: MESSAGE6 (cubixdrv.s) = 8B23
Symbol: PAGER_D (cubixdrv.s) = 02F8
Symbol: PAGER_S (cubixdrv.s) = 02FE
Symbol: PAGER_STACK (cubixdrv.s) = 02F5
Symbol: PAGER_U (cubixdrv.s) = 02F6
Symbol: PAGER_X (cubixdrv.s) = 02FA
Symbol: PAGER_Y (cubixdrv.s) = 02FC
Symbol: PPIDE_A0_LINE (cubixdrv.s) = 0001
Symbol: PPIDE_A1_LINE (cubixdrv.s) = 0002
Symbol: PPIDE_A2_LINE (cubixdrv.s) = 0004
Symbol: PPIDE_ASTATUS (cubixdrv.s) = 0017
Symbol: PPIDE_CMD_ID (cubixdrv.s) = 00EC
Symbol: PPIDE_CMD_INIT (cubixdrv.s) = 0091
Symbol: PPIDE_CMD_READ (cubixdrv.s) = 0020
Symbol: PPIDE_CMD_RECAL (cubixdrv.s) = 0010
Symbol: PPIDE_CMD_SPINDOWN (cubixdrv.s) = 00E0
Symbol: PPIDE_CMD_SPINUP (cubixdrv.s) = 00E1
Symbol: PPIDE_CMD_WRITE (cubixdrv.s) = 0030
Symbol: PPIDE_COMMAND (cubixdrv.s) = 000F
Symbol: PPIDE_CONTROL (cubixdrv.s) = 0016
Symbol: PPIDE_CS0_LINE (cubixdrv.s) = 0008
Symbol: PPIDE_CS1_LINE (cubixdrv.s) = 0010
Symbol: PPIDE_DATA (cubixdrv.s) = 0008
Symbol: PPIDE_DEVICE (cubixdrv.s) = 000E
Symbol: PPIDE_ERR (cubixdrv.s) = 0009
Symbol: PPIDE_INIT (cubixdrv.s) = 8887
Symbol: PPIDE_LBAHI (cubixdrv.s) = 000D
Symbol: PPIDE_LBALOW (cubixdrv.s) = 000B
Symbol: PPIDE_LBAMID (cubixdrv.s) = 000C
Symbol: PPIDE_PPI (cubixdrv.s) = 0560
Symbol: PPIDE_PROBE (cubixdrv.s) = 88D8
Symbol: PPIDE_PROBE_FAIL (cubixdrv.s) = 8916
Symbol: PPIDE_PROBE_SUCCESS (cubixdrv.s) = 8918
Symbol: PPIDE_RD_LINE (cubixdrv.s) = 0040
Symbol: PPIDE_RESET (cubixdrv.s) = 89D7
Symbol: PPIDE_RST_LINE (cubixdrv.s) = 0080
Symbol: PPIDE_SEC_CNT (cubixdrv.s) = 000A
Symbol: PPIDE_STATUS (cubixdrv.s) = 000F
Symbol: PPIDE_WR_LINE (cubixdrv.s) = 0020
Symbol: PPIDECNTRL (cubixdrv.s) = 0562
Symbol: PPIDECOMMAND (cubixdrv.s) = 8884
Symbol: PPIDEHI (cubixdrv.s) = 0561
Symbol: PPIDELO (cubixdrv.s) = 0560
Symbol: PPIDELOTMP (cubixdrv.s) = 8883
Symbol: PPIDEPPIC (cubixdrv.s) = 0563
Symbol: PPIDETIMEOUT (cubixdrv.s) = 8885
Symbol: PPRD_IDE_8255 (cubixdrv.s) = 0092
Symbol: PPWR_IDE_8255 (cubixdrv.s) = 0080
Symbol: PUTCHR (cubixdrv.s) = 8E90
Symbol: RDSER1 (cubixdrv.s) = 886B
Symbol: RST_DLY (cubixdrv.s) = 89E0
Symbol: SERIALINIT (cubixdrv.s) = 885D
Symbol: SET_PPI_RD (cubixdrv.s) = 8AC9
Symbol: SET_PPI_WR (cubixdrv.s) = 8AD7
Symbol: UART0 (cubixdrv.s) = 0568
Symbol: UART1 (cubixdrv.s) = 0569
Symbol: UART2 (cubixdrv.s) = 056A
Symbol: UART3 (cubixdrv.s) = 056B
Symbol: UART4 (cubixdrv.s) = 056C
Symbol: UART5 (cubixdrv.s) = 056D
Symbol: UART6 (cubixdrv.s) = 056E
Symbol: UART7 (cubixdrv.s) = 056F
Symbol: WRHEX (cubixdrv.s) = 8E76
Symbol: WRHEXW (cubixdrv.s) = 8E6D
Symbol: WRSER1 (cubixdrv.s) = 885E
Symbol: WRST1 (cubixdrv.s) = 8E62
Symbol: WRST2 (cubixdrv.s) = 8E6A
Symbol: WRSTR (cubixdrv.s) = 8E60
