Symbol: CONSOLEDEVICE (cubixdrv.s) = 0100
Symbol: CURRENTCYL (cubixdrv.s) = 01F9
Symbol: CURRENTDEVICE (cubixdrv.s) = 01FB
Symbol: CURRENTHEAD (cubixdrv.s) = 01F8
Symbol: CURRENTSEC (cubixdrv.s) = 01FA
Symbol: CURRENTSLICE (cubixdrv.s) = 01FC
Symbol: DEBCYLL (cubixdrv.s) = 886D
Symbol: DEBCYLM (cubixdrv.s) = 886E
Symbol: DEBSEHD (cubixdrv.s) = 886F
Symbol: DISKERROR (cubixdrv.s) = 01F7
Symbol: DISPATCHTABLE (cubixdrv.s) = 8813
Symbol: drv_noop (cubixdrv.s) = 8B65
Symbol: farpointer (cubixdrv.s) = 01FE
Symbol: FUNCTION_DISPATCHER (cubixdrv.s) = 8800
Symbol: HOUT (cubixdrv.s) = 8B93
Symbol: HSTBUF (cubixdrv.s) = 0300
Symbol: IDE_ABORT (cubixdrv.s) = 88A5
Symbol: IDE_INITA (cubixdrv.s) = 88C7
Symbol: IDE_PPIDETECT (cubixdrv.s) = 896B
Symbol: IDE_PRINT_INFO (cubixdrv.s) = 88AE
Symbol: IDE_READ (cubixdrv.s) = 8A71
Symbol: IDE_READ_BUFFER (cubixdrv.s) = 8A36
Symbol: IDE_READ_INFO (cubixdrv.s) = 890C
Symbol: IDE_READ_INFO_ABORT (cubixdrv.s) = 8959
Symbol: IDE_READ_INFO_OK (cubixdrv.s) = 8965
Symbol: IDE_READ_NO_SETUP (cubixdrv.s) = 8A74
Symbol: IDE_READ_SECTOR (cubixdrv.s) = 8979
Symbol: IDE_READ_SECTOR_1 (cubixdrv.s) = 897E
Symbol: IDE_READ_SECTOR_ERROR (cubixdrv.s) = 8999
Symbol: IDE_SETUP_LBA (cubixdrv.s) = 8B16
Symbol: IDE_WAIT_DRQ (cubixdrv.s) = 8A08
Symbol: IDE_WAIT_DRQ1 (cubixdrv.s) = 8A12
Symbol: IDE_WAIT_DRQ2 (cubixdrv.s) = 8A32
Symbol: IDE_WAIT_DRQ3 (cubixdrv.s) = 8A34
Symbol: IDE_WAIT_DRQE (cubixdrv.s) = 8A2D
Symbol: IDE_WAIT_NOT_BUSY (cubixdrv.s) = 89E1
Symbol: IDE_WAIT_NOT_BUSY1 (cubixdrv.s) = 89EB
Symbol: IDE_WAIT_NOT_BUSY2 (cubixdrv.s) = 8A03
Symbol: IDE_WAIT_NOT_BUSY3 (cubixdrv.s) = 8A05
Symbol: IDE_WRITE (cubixdrv.s) = 8A9A
Symbol: IDE_WRITE_BUFFER (cubixdrv.s) = 8A52
Symbol: IDE_WRITE_SECTOR (cubixdrv.s) = 899F
Symbol: IDE_WRITE_SECTOR_ERROR (cubixdrv.s) = 89C4
Symbol: IDEBUFRD (cubixdrv.s) = 8A3A
Symbol: IDEBUFWT (cubixdrv.s) = 8A56
Symbol: LFCR (cubixdrv.s) = 8B66
Symbol: MESSAGE1 (cubixdrv.s) = 8AD5
Symbol: MESSAGE2 (cubixdrv.s) = 8ADD
Symbol: MESSAGE3 (cubixdrv.s) = 8AE4
Symbol: MESSAGE4 (cubixdrv.s) = 8AF1
Symbol: MESSAGE5 (cubixdrv.s) = 8B02
Symbol: MESSAGE6 (cubixdrv.s) = 8B13
Symbol: PAGER_D (cubixdrv.s) = 02F8
Symbol: PAGER_S (cubixdrv.s) = 02FE
Symbol: PAGER_STACK (cubixdrv.s) = 02F5
Symbol: PAGER_U (cubixdrv.s) = 02F7
Symbol: PAGER_X (cubixdrv.s) = 02FA
Symbol: PAGER_Y (cubixdrv.s) = 02FC
Symbol: PPIDE_A0_LINE (cubixdrv.s) = 0001
Symbol: PPIDE_A1_LINE (cubixdrv.s) = 0002
Symbol: PPIDE_A2_LINE (cubixdrv.s) = 0004
Symbol: PPIDE_ASTATUS (cubixdrv.s) = 0017
Symbol: PPIDE_CMD_ID (cubixdrv.s) = 00EC
Symbol: PPIDE_CMD_INIT (cubixdrv.s) = 0091
Symbol: PPIDE_CMD_READ (cubixdrv.s) = 0020
Symbol: PPIDE_CMD_RECAL (cubixdrv.s) = 0010
Symbol: PPIDE_CMD_SPINDOWN (cubixdrv.s) = 00E0
Symbol: PPIDE_CMD_SPINUP (cubixdrv.s) = 00E1
Symbol: PPIDE_CMD_WRITE (cubixdrv.s) = 0030
Symbol: PPIDE_COMMAND (cubixdrv.s) = 000F
Symbol: PPIDE_CONTROL (cubixdrv.s) = 0016
Symbol: PPIDE_CS0_LINE (cubixdrv.s) = 0008
Symbol: PPIDE_CS1_LINE (cubixdrv.s) = 0010
Symbol: PPIDE_DATA (cubixdrv.s) = 0008
Symbol: PPIDE_DEVICE (cubixdrv.s) = 000E
Symbol: PPIDE_ERR (cubixdrv.s) = 0009
Symbol: PPIDE_INIT (cubixdrv.s) = 8877
Symbol: PPIDE_LBAHI (cubixdrv.s) = 000D
Symbol: PPIDE_LBALOW (cubixdrv.s) = 000B
Symbol: PPIDE_LBAMID (cubixdrv.s) = 000C
Symbol: PPIDE_PPI (cubixdrv.s) = 0560
Symbol: PPIDE_PROBE (cubixdrv.s) = 88CB
Symbol: PPIDE_PROBE_FAIL (cubixdrv.s) = 8909
Symbol: PPIDE_PROBE_SUCCESS (cubixdrv.s) = 890B
Symbol: PPIDE_RD_LINE (cubixdrv.s) = 0040
Symbol: PPIDE_RESET (cubixdrv.s) = 89CA
Symbol: PPIDE_RST_LINE (cubixdrv.s) = 0080
Symbol: PPIDE_SEC_CNT (cubixdrv.s) = 000A
Symbol: PPIDE_STATUS (cubixdrv.s) = 000F
Symbol: PPIDE_WR_LINE (cubixdrv.s) = 0020
Symbol: PPIDECNTRL (cubixdrv.s) = 0562
Symbol: PPIDECOMMAND (cubixdrv.s) = 8872
Symbol: PPIDEHI (cubixdrv.s) = 0561
Symbol: PPIDELO (cubixdrv.s) = 0560
Symbol: PPIDELOTMP (cubixdrv.s) = 8871
Symbol: PPIDEPPIC (cubixdrv.s) = 0563
Symbol: PPIDETIMEOUT (cubixdrv.s) = 8873
Symbol: PPIDETMP (cubixdrv.s) = 8870
Symbol: PPIDEWORKVAR (cubixdrv.s) = 8875
Symbol: PPRD_IDE_8255 (cubixdrv.s) = 0092
Symbol: PPWR_IDE_8255 (cubixdrv.s) = 0080
Symbol: PUTCHR (cubixdrv.s) = 8B9F
Symbol: RDSER1 (cubixdrv.s) = 8857
Symbol: RST_DLY (cubixdrv.s) = 89D3
Symbol: SERIALINIT (cubixdrv.s) = 8849
Symbol: SET_PPI_RD (cubixdrv.s) = 8AB9
Symbol: SET_PPI_WR (cubixdrv.s) = 8AC7
Symbol: UART0 (cubixdrv.s) = 0568
Symbol: UART1 (cubixdrv.s) = 0569
Symbol: UART2 (cubixdrv.s) = 056A
Symbol: UART3 (cubixdrv.s) = 056B
Symbol: UART4 (cubixdrv.s) = 056C
Symbol: UART5 (cubixdrv.s) = 056D
Symbol: UART6 (cubixdrv.s) = 056E
Symbol: UART7 (cubixdrv.s) = 056F
Symbol: WRHEX (cubixdrv.s) = 8B85
Symbol: WRHEXW (cubixdrv.s) = 8B7C
Symbol: WRSER1 (cubixdrv.s) = 884A
Symbol: WRST1 (cubixdrv.s) = 8B71
Symbol: WRST2 (cubixdrv.s) = 8B79
Symbol: WRSTR (cubixdrv.s) = 8B6F
