Symbol: BANKED_DRIVER_DISPATCHER (cubixdrv.s) = 8800
Symbol: CFD_DRVSTAT (cubixdrv.s) = 0004
Symbol: CFD_FMTTRK (cubixdrv.s) = 000D
Symbol: CFD_MFM (cubixdrv.s) = 0040
Symbol: CFD_READ (cubixdrv.s) = 0006
Symbol: CFD_READDEL (cubixdrv.s) = 000C
Symbol: CFD_READID (cubixdrv.s) = 000A
Symbol: CFD_READTRK (cubixdrv.s) = 0002
Symbol: CFD_RECAL (cubixdrv.s) = 0007
Symbol: CFD_SCANEQ (cubixdrv.s) = 0011
Symbol: CFD_SCANHIEQ (cubixdrv.s) = 001D
Symbol: CFD_SCANLOEQ (cubixdrv.s) = 0019
Symbol: CFD_SEEK (cubixdrv.s) = 000F
Symbol: CFD_SENSEINT (cubixdrv.s) = 0008
Symbol: CFD_SPECIFY (cubixdrv.s) = 0003
Symbol: CFD_VERSION (cubixdrv.s) = 0010
Symbol: CFD_WRITE (cubixdrv.s) = 0005
Symbol: CFD_WRITEDEL (cubixdrv.s) = 0009
Symbol: CHECKINT (cubixdrv.s) = 9114
Symbol: CONSOLEDEVICE (cubixdrv.s) = 0100
Symbol: CPU_CLK (cubixdrv.s) = 0008
Symbol: CURRENTCYL (cubixdrv.s) = 01F9
Symbol: CURRENTDEVICE (cubixdrv.s) = 01FB
Symbol: CURRENTHEAD (cubixdrv.s) = 01F8
Symbol: CURRENTSEC (cubixdrv.s) = 01FA
Symbol: CURRENTSLICE (cubixdrv.s) = 01FC
Symbol: DISKERROR (cubixdrv.s) = 01F7
Symbol: DISPATCHTABLE (cubixdrv.s) = 8813
Symbol: DOR_BR250 (cubixdrv.s) = 000C
Symbol: DOR_BR500 (cubixdrv.s) = 000C
Symbol: DOR_INIT (cubixdrv.s) = 000C
Symbol: drv_noop (cubixdrv.s) = 96E5
Symbol: DSKEXIT (cubixdrv.s) = 8F96
Symbol: DSKOP (cubixdrv.s) = 8F7F
Symbol: DSKOPEND (cubixdrv.s) = 9028
Symbol: DSKUNIT (cubixdrv.s) = 01E6
Symbol: DSKY_ABORT (cubixdrv.s) = 8C07
Symbol: DSKY_BEEP (cubixdrv.s) = 8DB3
Symbol: DSKY_BEEP1 (cubixdrv.s) = 8DC6
Symbol: DSKY_BIN2SEG (cubixdrv.s) = 8C9A
Symbol: DSKY_BIN2SEG1 (cubixdrv.s) = 8C9D
Symbol: DSKY_BLANK (cubixdrv.s) = 8D6C
Symbol: DSKY_BLANK1 (cubixdrv.s) = 8D73
Symbol: DSKY_BUF (cubixdrv.s) = 01EA
Symbol: DSKY_CMD (cubixdrv.s) = 8CF8
Symbol: DSKY_CMD_CLK (cubixdrv.s) = 0020
Symbol: DSKY_CMD_CLR (cubixdrv.s) = 00DF
Symbol: DSKY_CMD_CLRX (cubixdrv.s) = 00D3
Symbol: DSKY_CMD_FIFO (cubixdrv.s) = 0040
Symbol: DSKY_CMD_RDSP (cubixdrv.s) = 0070
Symbol: DSKY_CMD_WDSP (cubixdrv.s) = 0090
Symbol: DSKY_DIN (cubixdrv.s) = 8D39
Symbol: DSKY_DIN2 (cubixdrv.s) = 8D3B
Symbol: DSKY_DOUT (cubixdrv.s) = 8CFF
Symbol: DSKY_DOUT2 (cubixdrv.s) = 8D03
Symbol: DSKY_DSPL (cubixdrv.s) = 8DDA
Symbol: DSKY_DSPL_1 (cubixdrv.s) = 8DF0
Symbol: DSKY_GETBYTE (cubixdrv.s) = 8D8F
Symbol: DSKY_GETKEY (cubixdrv.s) = 8C3C
Symbol: DSKY_GETKEY1 (cubixdrv.s) = 8C5C
Symbol: DSKY_GETKEY1A (cubixdrv.s) = 8C6C
Symbol: DSKY_GETKEY2 (cubixdrv.s) = 8C71
Symbol: DSKY_HEXBUF (cubixdrv.s) = 01F3
Symbol: DSKY_HEXMAP (cubixdrv.s) = 8E23
Symbol: DSKY_INIT (cubixdrv.s) = 8B8F
Symbol: DSKY_INITA (cubixdrv.s) = 8BBC
Symbol: DSKY_INITB (cubixdrv.s) = 8BD4
Symbol: DSKY_KEYMAP (cubixdrv.s) = 8C7E
Symbol: DSKY_PPI (cubixdrv.s) = DF88
Symbol: DSKY_PPI_IDLE (cubixdrv.s) = 0006
Symbol: DSKY_PPIA (cubixdrv.s) = DF88
Symbol: DSKY_PPIB (cubixdrv.s) = DF89
Symbol: DSKY_PPIC (cubixdrv.s) = DF8A
Symbol: DSKY_PPIDETECT (cubixdrv.s) = 8C21
Symbol: DSKY_PPIIDLE (cubixdrv.s) = 8E20
Symbol: DSKY_PPIRD (cubixdrv.s) = 8E0D
Symbol: DSKY_PPIRD1 (cubixdrv.s) = 8E1E
Symbol: DSKY_PPIWR (cubixdrv.s) = 8DF5
Symbol: DSKY_PPIWR1 (cubixdrv.s) = 8E0B
Symbol: DSKY_PPIX (cubixdrv.s) = DF8B
Symbol: DSKY_PPIX_RD (cubixdrv.s) = 0092
Symbol: DSKY_PPIX_VAL (cubixdrv.s) = 8E34
Symbol: DSKY_PPIX_WR (cubixdrv.s) = 0082
Symbol: DSKY_PREINIT (cubixdrv.s) = 8BD8
Symbol: DSKY_PRESENT (cubixdrv.s) = 8E35
Symbol: DSKY_PUTBYTE (cubixdrv.s) = 8D7C
Symbol: DSKY_PUTLED (cubixdrv.s) = 8D9E
Symbol: DSKY_PUTLED_1 (cubixdrv.s) = 8DA5
Symbol: DSKY_REINIT (cubixdrv.s) = 8C08
Symbol: DSKY_RESET (cubixdrv.s) = 8C10
Symbol: DSKY_RESET1 (cubixdrv.s) = 8C18
Symbol: DSKY_RESET2 (cubixdrv.s) = 8C20
Symbol: DSKY_SHOW (cubixdrv.s) = 8CE1
Symbol: DSKY_SHOW1 (cubixdrv.s) = 8CE6
Symbol: DSKY_ST (cubixdrv.s) = 8D34
Symbol: DSKY_STAT (cubixdrv.s) = 8C2F
Symbol: DSKY_STATA (cubixdrv.s) = 8C3B
Symbol: DSKY_TEMP_VAL (cubixdrv.s) = 8E33
Symbol: DSKYINITMSG (cubixdrv.s) = 8E36
Symbol: DSKYMESSAGE1 (cubixdrv.s) = 8E3E
Symbol: DSKYMESSAGE2 (cubixdrv.s) = 8E44
Symbol: DSKYMESSAGE3 (cubixdrv.s) = 8E4B
Symbol: DSKYMESSAGE4 (cubixdrv.s) = 8E54
Symbol: ENDSENDINT (cubixdrv.s) = 9162
Symbol: ERRCLR (cubixdrv.s) = 9131
Symbol: farpointer (cubixdrv.s) = 01FE
Symbol: FC_RESETFDC (cubixdrv.s) = 91B2
Symbol: FCMD (cubixdrv.s) = 01E4
Symbol: FD_DETECT (cubixdrv.s) = 9183
Symbol: FD_DETECT1 (cubixdrv.s) = 9197
Symbol: FDC_DATA (cubixdrv.s) = DF81
Symbol: FDC_DCR (cubixdrv.s) = DF85
Symbol: FDC_DOR (cubixdrv.s) = DF86
Symbol: FDC_MSR (cubixdrv.s) = DF80
Symbol: FDC_RESET (cubixdrv.s) = DF83
Symbol: FDC_TC (cubixdrv.s) = DF87
Symbol: FDDELAY (cubixdrv.s) = 91D2
Symbol: FDVDELAY (cubixdrv.s) = 91DB
Symbol: FL_READ_SECTOR (cubixdrv.s) = 8EE7
Symbol: FL_SETUP (cubixdrv.s) = 8E61
Symbol: FL_WRITE_SECTOR (cubixdrv.s) = 8F33
Symbol: FLERR (cubixdrv.s) = 01E5
Symbol: FLOPPY_DETCT (cubixdrv.s) = 01E7
Symbol: FLOPPY_RETRIES (cubixdrv.s) = 0006
Symbol: FLOPPY_RETRIES1 (cubixdrv.s) = 0002
Symbol: FLRETRY (cubixdrv.s) = 01E8
Symbol: FLRETRY1 (cubixdrv.s) = 01E9
Symbol: FMESSAGE1 (cubixdrv.s) = 9203
Symbol: FMESSAGE2 (cubixdrv.s) = 9209
Symbol: FMESSAGE3 (cubixdrv.s) = 9210
Symbol: FMESSAGE4 (cubixdrv.s) = 921F
Symbol: FP_GETSWITCH (cubixdrv.s) = 9277
Symbol: FP_INIT (cubixdrv.s) = 9239
Symbol: FP_INIT1 (cubixdrv.s) = 925C
Symbol: FP_PORT (cubixdrv.s) = DF54
Symbol: FP_SETLED (cubixdrv.s) = 9273
Symbol: FPMESSAGE1 (cubixdrv.s) = 93D9
Symbol: FPMESSAGE2 (cubixdrv.s) = 93EE
Symbol: FPSD_INIT (cubixdrv.s) = 927B
Symbol: FPSD_INIT_ERROR (cubixdrv.s) = 92F7
Symbol: FPSD_READ_SECTOR (cubixdrv.s) = 9306
Symbol: FPSD_READ_SECTOR_ERROR (cubixdrv.s) = 9348
Symbol: FPSD_SETUP_LBA (cubixdrv.s) = 93A2
Symbol: FPSD_WRITE_SECTOR (cubixdrv.s) = 934E
Symbol: FPSD_WRITE_SECTOR_ERROR (cubixdrv.s) = 939C
Symbol: FPSDDEVICE (cubixdrv.s) = 9426
Symbol: FPSDFAILFLAG (cubixdrv.s) = 9425
Symbol: FPSDMESSAGE1 (cubixdrv.s) = 93F8
Symbol: FPSDMESSAGE2 (cubixdrv.s) = 93FF
Symbol: FPSDMESSAGE3 (cubixdrv.s) = 9408
Symbol: FPSDMESSAGE6 (cubixdrv.s) = 9415
Symbol: FPSDSENDADDRESS (cubixdrv.s) = 9427
Symbol: FPSDSENDINFO (cubixdrv.s) = 942D
Symbol: FPSDSENDREAD (cubixdrv.s) = 942C
Symbol: FUNCTION_DISPATCHER (cubixdrv.s) = 8800
Symbol: GETDSKUNIT (cubixdrv.s) = 91EB
Symbol: GFDATA (cubixdrv.s) = 9163
Symbol: GFDATA1 (cubixdrv.s) = 9182
Symbol: GWRR_POLL (cubixdrv.s) = 8F93
Symbol: HOUT (cubixdrv.s) = 9720
Symbol: HSTBUF (cubixdrv.s) = 0300
Symbol: IDE_ABORT (cubixdrv.s) = 88BD
Symbol: IDE_INITA (cubixdrv.s) = 88DF
Symbol: IDE_PPIDETECT (cubixdrv.s) = 8983
Symbol: IDE_PRINT_INFO (cubixdrv.s) = 88C6
Symbol: IDE_READ (cubixdrv.s) = 8A8C
Symbol: IDE_READ_BUFFER (cubixdrv.s) = 8A51
Symbol: IDE_READ_INFO (cubixdrv.s) = 8924
Symbol: IDE_READ_INFO_ABORT (cubixdrv.s) = 8971
Symbol: IDE_READ_INFO_OK (cubixdrv.s) = 897D
Symbol: IDE_READ_NO_SETUP (cubixdrv.s) = 8A8F
Symbol: IDE_READ_SECTOR (cubixdrv.s) = 8991
Symbol: IDE_READ_SECTOR_1 (cubixdrv.s) = 8996
Symbol: IDE_READ_SECTOR_ERROR (cubixdrv.s) = 89B1
Symbol: IDE_SETUP_LBA (cubixdrv.s) = 8B31
Symbol: IDE_WAIT_DRQ (cubixdrv.s) = 8A23
Symbol: IDE_WAIT_DRQ1 (cubixdrv.s) = 8A2D
Symbol: IDE_WAIT_DRQ2 (cubixdrv.s) = 8A4D
Symbol: IDE_WAIT_DRQ3 (cubixdrv.s) = 8A4F
Symbol: IDE_WAIT_DRQE (cubixdrv.s) = 8A48
Symbol: IDE_WAIT_NOT_BUSY (cubixdrv.s) = 89FC
Symbol: IDE_WAIT_NOT_BUSY1 (cubixdrv.s) = 8A06
Symbol: IDE_WAIT_NOT_BUSY2 (cubixdrv.s) = 8A1E
Symbol: IDE_WAIT_NOT_BUSY3 (cubixdrv.s) = 8A20
Symbol: IDE_WRITE (cubixdrv.s) = 8AB5
Symbol: IDE_WRITE_BUFFER (cubixdrv.s) = 8A6D
Symbol: IDE_WRITE_SECTOR (cubixdrv.s) = 89B7
Symbol: IDE_WRITE_SECTOR_ERROR (cubixdrv.s) = 89DC
Symbol: IDEBUFRD (cubixdrv.s) = 8A55
Symbol: IDEBUFWT (cubixdrv.s) = 8A71
Symbol: KY_0 (cubixdrv.s) = 0000
Symbol: KY_1 (cubixdrv.s) = 0001
Symbol: KY_2 (cubixdrv.s) = 0002
Symbol: KY_3 (cubixdrv.s) = 0003
Symbol: KY_4 (cubixdrv.s) = 0004
Symbol: KY_5 (cubixdrv.s) = 0005
Symbol: KY_6 (cubixdrv.s) = 0006
Symbol: KY_7 (cubixdrv.s) = 0007
Symbol: KY_8 (cubixdrv.s) = 0008
Symbol: KY_9 (cubixdrv.s) = 0009
Symbol: KY_A (cubixdrv.s) = 000A
Symbol: KY_B (cubixdrv.s) = 000B
Symbol: KY_BK (cubixdrv.s) = 0011
Symbol: KY_BO (cubixdrv.s) = 0017
Symbol: KY_C (cubixdrv.s) = 000C
Symbol: KY_CL (cubixdrv.s) = 0012
Symbol: KY_D (cubixdrv.s) = 000D
Symbol: KY_DE (cubixdrv.s) = 0014
Symbol: KY_E (cubixdrv.s) = 000E
Symbol: KY_EN (cubixdrv.s) = 0013
Symbol: KY_EX (cubixdrv.s) = 0015
Symbol: KY_F (cubixdrv.s) = 000F
Symbol: KY_F1 (cubixdrv.s) = 0021
Symbol: KY_F2 (cubixdrv.s) = 0020
Symbol: KY_F3 (cubixdrv.s) = 0019
Symbol: KY_F4 (cubixdrv.s) = 0018
Symbol: KY_FW (cubixdrv.s) = 0010
Symbol: KY_GO (cubixdrv.s) = 0016
Symbol: LFCR (cubixdrv.s) = 96E6
Symbol: MD_PAGERA (cubixdrv.s) = 0200
Symbol: MESSAGE1 (cubixdrv.s) = 8AF0
Symbol: MESSAGE2 (cubixdrv.s) = 8AF8
Symbol: MESSAGE3 (cubixdrv.s) = 8AFF
Symbol: MESSAGE4 (cubixdrv.s) = 8B0C
Symbol: MESSAGE5 (cubixdrv.s) = 8B1D
Symbol: MESSAGE6 (cubixdrv.s) = 8B2E
Symbol: PAGER_D (cubixdrv.s) = 02F8
Symbol: PAGER_S (cubixdrv.s) = 02FE
Symbol: PAGER_STACK (cubixdrv.s) = 02F5
Symbol: PAGER_U (cubixdrv.s) = 02F6
Symbol: PAGER_X (cubixdrv.s) = 02FA
Symbol: PAGER_Y (cubixdrv.s) = 02FC
Symbol: PCF_AAS (cubixdrv.s) = 0004
Symbol: PCF_ACK (cubixdrv.s) = 0001
Symbol: PCF_ACKERR (cubixdrv.s) = 95F8
Symbol: PCF_ACKFAIL (cubixdrv.s) = 9679
Symbol: PCF_ACKTO (cubixdrv.s) = FDE8
Symbol: PCF_AD0 (cubixdrv.s) = 0008
Symbol: PCF_ARBERR (cubixdrv.s) = 960D
Symbol: PCF_ARBFAIL (cubixdrv.s) = 96C2
Symbol: PCF_BASE (cubixdrv.s) = DF56
Symbol: PCF_BB (cubixdrv.s) = 0001
Symbol: PCF_BBERR (cubixdrv.s) = 961B
Symbol: PCF_BBFAIL (cubixdrv.s) = 96DC
Symbol: PCF_BBTO (cubixdrv.s) = FDE8
Symbol: PCF_BER (cubixdrv.s) = 0010
Symbol: PCF_CLK (cubixdrv.s) = 0018
Symbol: PCF_CLK12 (cubixdrv.s) = 001C
Symbol: PCF_CLK3 (cubixdrv.s) = 0000
Symbol: PCF_CLK443 (cubixdrv.s) = 0010
Symbol: PCF_CLK6 (cubixdrv.s) = 0014
Symbol: PCF_CLK8 (cubixdrv.s) = 0018
Symbol: PCF_CLKERR (cubixdrv.s) = 95EA
Symbol: PCF_CLKFAIL (cubixdrv.s) = 965A
Symbol: PCF_EN1 (cubixdrv.s) = 0008
Symbol: PCF_ES0 (cubixdrv.s) = 0040
Symbol: PCF_ES1 (cubixdrv.s) = 0020
Symbol: PCF_ES2 (cubixdrv.s) = 0010
Symbol: PCF_FAIL (cubixdrv.s) = 94B1
Symbol: PCF_FAIL_FLAG (cubixdrv.s) = 94BA
Symbol: PCF_ID (cubixdrv.s) = 00AA
Symbol: PCF_IDLE_ (cubixdrv.s) = 00C1
Symbol: PCF_IDLERR (cubixdrv.s) = 95F1
Symbol: PCF_IDLFAIL (cubixdrv.s) = 9669
Symbol: PCF_INI (cubixdrv.s) = 0040
Symbol: PCF_INIERR (cubixdrv.s) = 95DC
Symbol: PCF_INIT (cubixdrv.s) = 942F
Symbol: PCF_INITDEV (cubixdrv.s) = 9466
Symbol: PCF_LAB (cubixdrv.s) = 0002
Symbol: PCF_LABDLY (cubixdrv.s) = FDE8
Symbol: PCF_LRB (cubixdrv.s) = 0008
Symbol: PCF_NOPCF (cubixdrv.s) = 9635
Symbol: PCF_OWN (cubixdrv.s) = 0055
Symbol: PCF_PCFOK (cubixdrv.s) = 962D
Symbol: PCF_PIN (cubixdrv.s) = 0080
Symbol: PCF_PINERR (cubixdrv.s) = 9614
Symbol: PCF_PINFAIL (cubixdrv.s) = 96D3
Symbol: PCF_PINTO (cubixdrv.s) = FDE8
Symbol: PCF_PRTERR (cubixdrv.s) = 9622
Symbol: PCF_RB1 (cubixdrv.s) = 9543
Symbol: PCF_RDBERR (cubixdrv.s) = 95FF
Symbol: PCF_RDBFAIL (cubixdrv.s) = 96A3
Symbol: PCF_RDERR (cubixdrv.s) = 95D5
Symbol: PCF_RDFAIL (cubixdrv.s) = 9697
Symbol: PCF_READBYTES (cubixdrv.s) = 951B
Symbol: PCF_READBYTES_INTERNAL (cubixdrv.s) = 952C
Symbol: PCF_RERROR (cubixdrv.s) = 9583
Symbol: PCF_RS0 (cubixdrv.s) = DF56
Symbol: PCF_RS1 (cubixdrv.s) = DF57
Symbol: PCF_SENDBYTES (cubixdrv.s) = 94BB
Symbol: PCF_SENDBYTES_INTERNAL (cubixdrv.s) = 94CC
Symbol: PCF_SETERR (cubixdrv.s) = 95E3
Symbol: PCF_STA (cubixdrv.s) = 0004
Symbol: PCF_START_ (cubixdrv.s) = 00C5
Symbol: PCF_STATUS (cubixdrv.s) = 95BC
Symbol: PCF_STO (cubixdrv.s) = 0002
Symbol: PCF_STOP_ (cubixdrv.s) = 00C3
Symbol: PCF_STS (cubixdrv.s) = 0020
Symbol: PCF_TOERR (cubixdrv.s) = 9606
Symbol: PCF_TOFAIL (cubixdrv.s) = 96B4
Symbol: PCF_TRNS (cubixdrv.s) = 0000
Symbol: PCF_TRNS11 (cubixdrv.s) = 0002
Symbol: PCF_TRNS15 (cubixdrv.s) = 0003
Symbol: PCF_TRNS45 (cubixdrv.s) = 0001
Symbol: PCF_TRNS90 (cubixdrv.s) = 0000
Symbol: PCF_WAIT_FOR_BB (cubixdrv.s) = 95BD
Symbol: PCF_WAIT_FOR_PIN (cubixdrv.s) = 958E
Symbol: PCF_WB1 (cubixdrv.s) = 94DD
Symbol: PCF_WERROR (cubixdrv.s) = 9510
Symbol: PCF_WFBB0 (cubixdrv.s) = 95C0
Symbol: PCF_WFP0 (cubixdrv.s) = 9593
Symbol: PCF_WFP1 (cubixdrv.s) = 95B7
Symbol: PCF_WFP2 (cubixdrv.s) = 95B9
Symbol: PCF_WRTFAIL (cubixdrv.s) = 9641
Symbol: PCFMESSAGE1 (cubixdrv.s) = 9455
Symbol: PFDATA (cubixdrv.s) = 90BC
Symbol: PFDATAS (cubixdrv.s) = 90F5
Symbol: PPIDE_A0_LINE (cubixdrv.s) = 0001
Symbol: PPIDE_A1_LINE (cubixdrv.s) = 0002
Symbol: PPIDE_A2_LINE (cubixdrv.s) = 0004
Symbol: PPIDE_ASTATUS (cubixdrv.s) = 0017
Symbol: PPIDE_CMD_ID (cubixdrv.s) = 00EC
Symbol: PPIDE_CMD_INIT (cubixdrv.s) = 0091
Symbol: PPIDE_CMD_READ (cubixdrv.s) = 0020
Symbol: PPIDE_CMD_RECAL (cubixdrv.s) = 0010
Symbol: PPIDE_CMD_SPINDOWN (cubixdrv.s) = 00E0
Symbol: PPIDE_CMD_SPINUP (cubixdrv.s) = 00E1
Symbol: PPIDE_CMD_WRITE (cubixdrv.s) = 0030
Symbol: PPIDE_COMMAND (cubixdrv.s) = 000F
Symbol: PPIDE_CONTROL (cubixdrv.s) = 0016
Symbol: PPIDE_CS0_LINE (cubixdrv.s) = 0008
Symbol: PPIDE_CS1_LINE (cubixdrv.s) = 0010
Symbol: PPIDE_DATA (cubixdrv.s) = 0008
Symbol: PPIDE_DEVICE (cubixdrv.s) = 000E
Symbol: PPIDE_ERR (cubixdrv.s) = 0009
Symbol: PPIDE_INIT (cubixdrv.s) = 8895
Symbol: PPIDE_LBAHI (cubixdrv.s) = 000D
Symbol: PPIDE_LBALOW (cubixdrv.s) = 000B
Symbol: PPIDE_LBAMID (cubixdrv.s) = 000C
Symbol: PPIDE_PPI (cubixdrv.s) = DF88
Symbol: PPIDE_PROBE (cubixdrv.s) = 88E3
Symbol: PPIDE_PROBE_FAIL (cubixdrv.s) = 8921
Symbol: PPIDE_PROBE_SUCCESS (cubixdrv.s) = 8923
Symbol: PPIDE_RD_LINE (cubixdrv.s) = 0040
Symbol: PPIDE_RESET (cubixdrv.s) = 89E2
Symbol: PPIDE_RST_LINE (cubixdrv.s) = 0080
Symbol: PPIDE_SEC_CNT (cubixdrv.s) = 000A
Symbol: PPIDE_STATUS (cubixdrv.s) = 000F
Symbol: PPIDE_WR_LINE (cubixdrv.s) = 0020
Symbol: PPIDECNTRL (cubixdrv.s) = DF8A
Symbol: PPIDECOMMAND (cubixdrv.s) = 8892
Symbol: PPIDEHI (cubixdrv.s) = DF89
Symbol: PPIDELO (cubixdrv.s) = DF88
Symbol: PPIDELOTMP (cubixdrv.s) = 8891
Symbol: PPIDEPPIC (cubixdrv.s) = DF8B
Symbol: PPIDETIMEOUT (cubixdrv.s) = 8893
Symbol: PPRD_IDE_8255 (cubixdrv.s) = 0092
Symbol: PPWR_IDE_8255 (cubixdrv.s) = 0080
Symbol: PUTCHR (cubixdrv.s) = 972C
Symbol: RDD_POLL (cubixdrv.s) = 9009
Symbol: RDS1 (cubixdrv.s) = 9010
Symbol: RDS1A (cubixdrv.s) = 9019
Symbol: RDSER1 (cubixdrv.s) = 8879
Symbol: READFL1 (cubixdrv.s) = 8F02
Symbol: READFLDONE (cubixdrv.s) = 8F30
Symbol: RECAL (cubixdrv.s) = 9092
Symbol: RESUL3 (cubixdrv.s) = 9034
Symbol: RST_DLY (cubixdrv.s) = 89EB
Symbol: SENDINT (cubixdrv.s) = 9149
Symbol: SERIALINIT (cubixdrv.s) = 886B
Symbol: SET_PPI_RD (cubixdrv.s) = 8AD4
Symbol: SET_PPI_WR (cubixdrv.s) = 8AE2
Symbol: SETTRACK (cubixdrv.s) = 9063
Symbol: SETTRK1 (cubixdrv.s) = 9075
Symbol: SETTRKEXIT (cubixdrv.s) = 90BB
Symbol: SNDFDWR (cubixdrv.s) = 8F9E
Symbol: SPACE (cubixdrv.s) = 96F2
Symbol: ST0 (cubixdrv.s) = 01E3
Symbol: TMPSTORAGE (cubixdrv.s) = 9202
Symbol: UART0 (cubixdrv.s) = DF58
Symbol: UART1 (cubixdrv.s) = DF59
Symbol: UART2 (cubixdrv.s) = DF5A
Symbol: UART3 (cubixdrv.s) = DF5B
Symbol: UART4 (cubixdrv.s) = DF5C
Symbol: UART5 (cubixdrv.s) = DF5D
Symbol: UART6 (cubixdrv.s) = DF5E
Symbol: UART7 (cubixdrv.s) = DF5F
Symbol: WAINT (cubixdrv.s) = 90A7
Symbol: WRF1 (cubixdrv.s) = 90C2
Symbol: WRF1S (cubixdrv.s) = 90F7
Symbol: WRF2 (cubixdrv.s) = 90EF
Symbol: WRF2S (cubixdrv.s) = 910E
Symbol: WRHEX (cubixdrv.s) = 9712
Symbol: WRHEXW (cubixdrv.s) = 9706
Symbol: WRITEFL1 (cubixdrv.s) = 8F4E
Symbol: WRITEFLDONE (cubixdrv.s) = 8F7C
Symbol: WRR_POLL (cubixdrv.s) = 9041
Symbol: WRS1 (cubixdrv.s) = 9048
Symbol: WRS3 (cubixdrv.s) = 9060
Symbol: WRSER1 (cubixdrv.s) = 886C
Symbol: WRST1 (cubixdrv.s) = 96FC
Symbol: WRST2 (cubixdrv.s) = 9704
Symbol: WRSTR (cubixdrv.s) = 96FA
