Symbol: BANKED_DRIVER_DISPATCHER (cubixdrv.s) = 8800
Symbol: CONSOLEDEVICE (cubixdrv.s) = 0100
Symbol: CURRENTCYL (cubixdrv.s) = 01F9
Symbol: CURRENTDEVICE (cubixdrv.s) = 01FB
Symbol: CURRENTHEAD (cubixdrv.s) = 01F8
Symbol: CURRENTSEC (cubixdrv.s) = 01FA
Symbol: CURRENTSLICE (cubixdrv.s) = 01FC
Symbol: DISKERROR (cubixdrv.s) = 01F7
Symbol: DISPATCHTABLE (cubixdrv.s) = 8813
Symbol: drv_noop (cubixdrv.s) = 8B7B
Symbol: DSKUNIT (cubixdrv.s) = 01E6
Symbol: DSKY_BUF (cubixdrv.s) = 01EA
Symbol: DSKY_HEXBUF (cubixdrv.s) = 01F3
Symbol: farpointer (cubixdrv.s) = 01FE
Symbol: FCMD (cubixdrv.s) = 01E4
Symbol: FLERR (cubixdrv.s) = 01E5
Symbol: FLOPPY_DETCT (cubixdrv.s) = 01E7
Symbol: FLRETRY (cubixdrv.s) = 01E8
Symbol: FLRETRY1 (cubixdrv.s) = 01E9
Symbol: FUNCTION_DISPATCHER (cubixdrv.s) = 8800
Symbol: HOUT (cubixdrv.s) = 8BA9
Symbol: HSTBUF (cubixdrv.s) = 0300
Symbol: IDE_ABORT (cubixdrv.s) = 88B2
Symbol: IDE_INITA (cubixdrv.s) = 88D4
Symbol: IDE_PPIDETECT (cubixdrv.s) = 8978
Symbol: IDE_PRINT_INFO (cubixdrv.s) = 88BB
Symbol: IDE_READ (cubixdrv.s) = 8A7E
Symbol: IDE_READ_BUFFER (cubixdrv.s) = 8A43
Symbol: IDE_READ_INFO (cubixdrv.s) = 8919
Symbol: IDE_READ_INFO_ABORT (cubixdrv.s) = 8966
Symbol: IDE_READ_INFO_OK (cubixdrv.s) = 8972
Symbol: IDE_READ_NO_SETUP (cubixdrv.s) = 8A81
Symbol: IDE_READ_SECTOR (cubixdrv.s) = 8986
Symbol: IDE_READ_SECTOR_1 (cubixdrv.s) = 898B
Symbol: IDE_READ_SECTOR_ERROR (cubixdrv.s) = 89A6
Symbol: IDE_SETUP_LBA (cubixdrv.s) = 8B23
Symbol: IDE_WAIT_DRQ (cubixdrv.s) = 8A15
Symbol: IDE_WAIT_DRQ1 (cubixdrv.s) = 8A1F
Symbol: IDE_WAIT_DRQ2 (cubixdrv.s) = 8A3F
Symbol: IDE_WAIT_DRQ3 (cubixdrv.s) = 8A41
Symbol: IDE_WAIT_DRQE (cubixdrv.s) = 8A3A
Symbol: IDE_WAIT_NOT_BUSY (cubixdrv.s) = 89EE
Symbol: IDE_WAIT_NOT_BUSY1 (cubixdrv.s) = 89F8
Symbol: IDE_WAIT_NOT_BUSY2 (cubixdrv.s) = 8A10
Symbol: IDE_WAIT_NOT_BUSY3 (cubixdrv.s) = 8A12
Symbol: IDE_WRITE (cubixdrv.s) = 8AA7
Symbol: IDE_WRITE_BUFFER (cubixdrv.s) = 8A5F
Symbol: IDE_WRITE_SECTOR (cubixdrv.s) = 89AC
Symbol: IDE_WRITE_SECTOR_ERROR (cubixdrv.s) = 89D1
Symbol: IDEBUFRD (cubixdrv.s) = 8A47
Symbol: IDEBUFWT (cubixdrv.s) = 8A63
Symbol: LFCR (cubixdrv.s) = 8B7C
Symbol: MD_PAGERA (cubixdrv.s) = 0200
Symbol: MESSAGE1 (cubixdrv.s) = 8AE2
Symbol: MESSAGE2 (cubixdrv.s) = 8AEA
Symbol: MESSAGE3 (cubixdrv.s) = 8AF1
Symbol: MESSAGE4 (cubixdrv.s) = 8AFE
Symbol: MESSAGE5 (cubixdrv.s) = 8B0F
Symbol: MESSAGE6 (cubixdrv.s) = 8B20
Symbol: PAGER_D (cubixdrv.s) = 02F8
Symbol: PAGER_S (cubixdrv.s) = 02FE
Symbol: PAGER_STACK (cubixdrv.s) = 02F5
Symbol: PAGER_U (cubixdrv.s) = 02F6
Symbol: PAGER_X (cubixdrv.s) = 02FA
Symbol: PAGER_Y (cubixdrv.s) = 02FC
Symbol: PPIDE_A0_LINE (cubixdrv.s) = 0001
Symbol: PPIDE_A1_LINE (cubixdrv.s) = 0002
Symbol: PPIDE_A2_LINE (cubixdrv.s) = 0004
Symbol: PPIDE_ASTATUS (cubixdrv.s) = 0017
Symbol: PPIDE_CMD_ID (cubixdrv.s) = 00EC
Symbol: PPIDE_CMD_INIT (cubixdrv.s) = 0091
Symbol: PPIDE_CMD_READ (cubixdrv.s) = 0020
Symbol: PPIDE_CMD_RECAL (cubixdrv.s) = 0010
Symbol: PPIDE_CMD_SPINDOWN (cubixdrv.s) = 00E0
Symbol: PPIDE_CMD_SPINUP (cubixdrv.s) = 00E1
Symbol: PPIDE_CMD_WRITE (cubixdrv.s) = 0030
Symbol: PPIDE_COMMAND (cubixdrv.s) = 000F
Symbol: PPIDE_CONTROL (cubixdrv.s) = 0016
Symbol: PPIDE_CS0_LINE (cubixdrv.s) = 0008
Symbol: PPIDE_CS1_LINE (cubixdrv.s) = 0010
Symbol: PPIDE_DATA (cubixdrv.s) = 0008
Symbol: PPIDE_DEVICE (cubixdrv.s) = 000E
Symbol: PPIDE_ERR (cubixdrv.s) = 0009
Symbol: PPIDE_INIT (cubixdrv.s) = 8887
Symbol: PPIDE_LBAHI (cubixdrv.s) = 000D
Symbol: PPIDE_LBALOW (cubixdrv.s) = 000B
Symbol: PPIDE_LBAMID (cubixdrv.s) = 000C
Symbol: PPIDE_PPI (cubixdrv.s) = DF88
Symbol: PPIDE_PROBE (cubixdrv.s) = 88D8
Symbol: PPIDE_PROBE_FAIL (cubixdrv.s) = 8916
Symbol: PPIDE_PROBE_SUCCESS (cubixdrv.s) = 8918
Symbol: PPIDE_RD_LINE (cubixdrv.s) = 0040
Symbol: PPIDE_RESET (cubixdrv.s) = 89D7
Symbol: PPIDE_RST_LINE (cubixdrv.s) = 0080
Symbol: PPIDE_SEC_CNT (cubixdrv.s) = 000A
Symbol: PPIDE_STATUS (cubixdrv.s) = 000F
Symbol: PPIDE_WR_LINE (cubixdrv.s) = 0020
Symbol: PPIDECNTRL (cubixdrv.s) = DF8A
Symbol: PPIDECOMMAND (cubixdrv.s) = 8884
Symbol: PPIDEHI (cubixdrv.s) = DF89
Symbol: PPIDELO (cubixdrv.s) = DF88
Symbol: PPIDELOTMP (cubixdrv.s) = 8883
Symbol: PPIDEPPIC (cubixdrv.s) = DF8B
Symbol: PPIDETIMEOUT (cubixdrv.s) = 8885
Symbol: PPRD_IDE_8255 (cubixdrv.s) = 0092
Symbol: PPWR_IDE_8255 (cubixdrv.s) = 0080
Symbol: PUTCHR (cubixdrv.s) = 8BB5
Symbol: RDSER1 (cubixdrv.s) = 886B
Symbol: RST_DLY (cubixdrv.s) = 89E0
Symbol: SERIALINIT (cubixdrv.s) = 885D
Symbol: SET_PPI_RD (cubixdrv.s) = 8AC6
Symbol: SET_PPI_WR (cubixdrv.s) = 8AD4
Symbol: ST0 (cubixdrv.s) = 01E3
Symbol: UART0 (cubixdrv.s) = DF58
Symbol: UART1 (cubixdrv.s) = DF59
Symbol: UART2 (cubixdrv.s) = DF5A
Symbol: UART3 (cubixdrv.s) = DF5B
Symbol: UART4 (cubixdrv.s) = DF5C
Symbol: UART5 (cubixdrv.s) = DF5D
Symbol: UART6 (cubixdrv.s) = DF5E
Symbol: UART7 (cubixdrv.s) = DF5F
Symbol: WRHEX (cubixdrv.s) = 8B9B
Symbol: WRHEXW (cubixdrv.s) = 8B92
Symbol: WRSER1 (cubixdrv.s) = 885E
Symbol: WRST1 (cubixdrv.s) = 8B87
Symbol: WRST2 (cubixdrv.s) = 8B8F
Symbol: WRSTR (cubixdrv.s) = 8B85
