Symbol: _i2c_start (testpcf.s) = 2225
Symbol: _i2c_stop (testpcf.s) = 222B
Symbol: ACKWRK (testpcf.s) = 23F2
Symbol: addr (testpcf.s) = 23EC
Symbol: CPU_CLK (testpcf.s) = 000C
Symbol: CR (testpcf.s) = 000D
Symbol: ESCCHR (testpcf.s) = 001B
Symbol: HSTBUF (testpcf.s) = 0300
Symbol: I2C_BASE (testpcf.s) = DF56
Symbol: LF (testpcf.s) = 000A
Symbol: lp1 (testpcf.s) = 2036
Symbol: lp2b (testpcf.s) = 206A
Symbol: lp3b (testpcf.s) = 2054
Symbol: lp4f (testpcf.s) = 209F
Symbol: lp5f (testpcf.s) = 20A7
Symbol: MD_PAGERA (testpcf.s) = 0200
Symbol: MOVETOHOST (testpcf.s) = 220E
Symbol: NOBB (testpcf.s) = 220A
Symbol: oprval (testpcf.s) = 23E9
Symbol: OSEND (testpcf.s) = DBFF
Symbol: OSRAM (testpcf.s) = 2000
Symbol: OSUTIL (testpcf.s) = D000
Symbol: PAGSIZ (testpcf.s) = 0016
Symbol: PCF_AAS (testpcf.s) = 0004
Symbol: PCF_ACK (testpcf.s) = 0001
Symbol: PCF_ACKERR (testpcf.s) = 22C9
Symbol: PCF_ACKFAIL (testpcf.s) = 237D
Symbol: PCF_ACKTO (testpcf.s) = FDE8
Symbol: PCF_AD0 (testpcf.s) = 0008
Symbol: PCF_ARBERR (testpcf.s) = 22DE
Symbol: PCF_ARBFAIL (testpcf.s) = 23C6
Symbol: PCF_BB (testpcf.s) = 0001
Symbol: PCF_BBERR (testpcf.s) = 22EC
Symbol: PCF_BBFAIL (testpcf.s) = 23E0
Symbol: PCF_BBTO (testpcf.s) = FDE8
Symbol: PCF_BER (testpcf.s) = 0010
Symbol: PCF_CLKERR (testpcf.s) = 22BB
Symbol: PCF_CLKFAIL (testpcf.s) = 235E
Symbol: PCF_EN1 (testpcf.s) = 0008
Symbol: PCF_ES0 (testpcf.s) = 0040
Symbol: PCF_ES1 (testpcf.s) = 0020
Symbol: PCF_ES2 (testpcf.s) = 0010
Symbol: PCF_ID (testpcf.s) = 00AA
Symbol: PCF_IDLERR (testpcf.s) = 22C2
Symbol: PCF_IDLFAIL (testpcf.s) = 236D
Symbol: PCF_INI (testpcf.s) = 0040
Symbol: PCF_INIERR (testpcf.s) = 22A6
Symbol: PCF_LAB (testpcf.s) = 0002
Symbol: PCF_LABDLY (testpcf.s) = FDE8
Symbol: PCF_LRB (testpcf.s) = 0008
Symbol: PCF_NOPCF (testpcf.s) = 2319
Symbol: PCF_OWN (testpcf.s) = 0055
Symbol: PCF_PIN (testpcf.s) = 0080
Symbol: PCF_PINERR (testpcf.s) = 22E5
Symbol: PCF_PINFAIL (testpcf.s) = 23D7
Symbol: PCF_PINTO (testpcf.s) = FDE8
Symbol: PCF_PRTERR (testpcf.s) = 22F3
Symbol: PCF_RDBERR (testpcf.s) = 22D0
Symbol: PCF_RDBFAIL (testpcf.s) = 23A7
Symbol: PCF_RDERR (testpcf.s) = 229F
Symbol: PCF_RDFAIL (testpcf.s) = 239B
Symbol: PCF_REGERR (testpcf.s) = 22B4
Symbol: PCF_REGFAIL (testpcf.s) = 2342
Symbol: PCF_RS0 (testpcf.s) = DF56
Symbol: PCF_RS1 (testpcf.s) = DF57
Symbol: PCF_SETERR (testpcf.s) = 22AD
Symbol: PCF_STA (testpcf.s) = 0004
Symbol: PCF_START (testpcf.s) = 2225
Symbol: PCF_START_ (testpcf.s) = 00C5
Symbol: PCF_STATUS (testpcf.s) = 2231
Symbol: PCF_STO (testpcf.s) = 0002
Symbol: PCF_STOP (testpcf.s) = 222B
Symbol: PCF_STOP_ (testpcf.s) = 00C3
Symbol: PCF_STS (testpcf.s) = 0020
Symbol: PCF_TOERR (testpcf.s) = 22D7
Symbol: PCF_TOFAIL (testpcf.s) = 23B8
Symbol: PCF_WAIT_FOR_ACK (testpcf.s) = 2232
Symbol: PCF_WAIT_FOR_BB (testpcf.s) = 2270
Symbol: PCF_WFA0 (testpcf.s) = 223A
Symbol: PCF_WFA1 (testpcf.s) = 226B
Symbol: PCF_WFA2 (testpcf.s) = 226D
Symbol: PCF_WFBB0 (testpcf.s) = 2278
Symbol: PCF_WRTFAIL (testpcf.s) = 2329
Symbol: POINTER (testpcf.s) = 24E4
Symbol: PORT (testpcf.s) = 23F4
Symbol: rc (testpcf.s) = 23ED
Symbol: RESULT (testpcf.s) = 22FA
Symbol: SDSEND (testpcf.s) = 24DC
Symbol: SDSEND1 (testpcf.s) = 24E1
Symbol: SDSEND2 (testpcf.s) = 24E2
Symbol: SKP (testpcf.s) = 2095
Symbol: TAB (testpcf.s) = 0009
Symbol: TESTMESSAGECONTROL (testpcf.s) = 23F5
Symbol: TESTMESSAGECONTROLEND (testpcf.s) = 2418
Symbol: TESTMESSAGEDATA (testpcf.s) = 2418
Symbol: TESTMESSAGEDATAEND (testpcf.s) = 24DC
Symbol: xaxis (testpcf.s) = 23EA
Symbol: XWORK (testpcf.s) = 23EE
Symbol: yaxis (testpcf.s) = 23EB
Symbol: YWORK (testpcf.s) = 23F0
