ASxxxx Linker V05.11 (GCC6809)                                          Page 1
Hexadecimal [16-Bits]                                 Sun Oct 26 19:06:34 2025

Area                       Addr        Size        Decimal Bytes (Attributes)
--------------------       ----        ----        ------- ----- ------------
.  .ABS.                   0000        0000 =           0. bytes (ABS,OVR,CSEG)

   Value  Global      Value  Global      Value  Global      Value  Global   
   -----  ------      -----  ------      -----  ------      -----  ------   
    0000  s__CODE  |   0000  l_.dtors |   0000  l_.noini |   0000  l_.vecto
    0000  l_.gcc_e |   0000  l_.romca |   0000  l_.base  |   0000  l__DATA 
    0000  l_.ctors |   0000  l__CODE  |   0000  l_.rodat |   0000  l_.bss  
    0000  s__DATA  |   0000  .__.ABS. |   000C  l_.data  |   0010  l_.start
    0018  l_.direc |   1417  l_.text  |   2000  s_.start |   2010  s_.gcc_e
    2010  s_.noini |   2010  s_.vecto |   2010  s_.bss   |   2010  s_.romca
    2010  s_.dtors |   2010  s_.ctors |   2010  s_.rodat |   2010  s_.base 
    2020  s_.text  |   3437  s_.data  |   3443  s_.direc
ASxxxx Linker V05.11 (GCC6809)                                          Page 2
Hexadecimal [16-Bits]                                 Sun Oct 26 19:06:34 2025

Area                       Addr        Size        Decimal Bytes (Attributes)
--------------------       ----        ----        ------- ----- ------------
.text                      2020        1417 =        5143. bytes (REL,CON,CSEG)

   Value  Global      Value  Global      Value  Global      Value  Global   
   -----  ------      -----  ------      -----  ------      -----  ------   
    2215  _main    |   259F  _randsee |   25B0  _gettime |   2683  _getdate
    274B  _getch   |   275F  _getc    |   2773  _OutStri |   27B0  _SetCurs
    27C6  _SetReso |   27DC  _LoadFon |   27F2  _ClearDi |   27FD  _CopyRec
    282C  _DrawBit |   2868  _DrawCha |   288F  _DrawEll |   28B4  _DrawGly
    28EF  _DrawLin |   2914  _DrawRec |   2939  _DrawFil |   295E  _DrawFil
    2983  _GetPixe |   29B1  _InvertR |   29D6  _DrawLin |   29F1  _MoveCur
    2A0C  _ScrollD |   2A27  _SetBrus |   2A3D  _SetLine |   2A53  _SetPenC
    2A69  _SetPenW |   2A7F  _SetPixe |   2A9A  _SetGlyp |   2ACE  _SetPall
    2AF3  _SetMous |   2B09  _SetMous |   2B24  _ClearSp |   2B2F  _SetSpri
    2B66  _SetSpri |   2B88  _SetSpri |   2BA3  _esp0_ou |   2BE8  _esp1_ou
    2C2D  _esp0_in |   2C6C  _esp1_in |   2CAB  _esp0_ou |   2CE1  _esp0_ou
    2D11  _esp0_ou |   2D2D  _esp1_ou |   2D63  _esp1_ou |   2D93  _esp1_ou
    3255  _printf  |   3271  _sprintf |   3290  _outhex  |   32A0  _ashlhi3
    32AF  _ashrhi3 |   32BE  _lshrhi3 |   32CD  _ashlsi3 |   32D6  _ashlsi3
    3301  _lshrsi3 |   330A  ___clzhi |   332B  ___clzsi |   333A  ___ctzhi
    335A  ___ctzsi |   3369  _mulhi3  |   3388  _divhi3  |   3393  _modhi3 
    33A1  _udivhi3 |   33AC  _umodhi3 |   33BA  _euclid  |   33EC  _seuclid
    3427  _outbyte
ASxxxx Linker V05.11 (GCC6809)                                          Page 3
Hexadecimal [16-Bits]                                 Sun Oct 26 19:06:34 2025

Area                       Addr        Size        Decimal Bytes (Attributes)
--------------------       ----        ----        ------- ----- ------------
.data                      3437        000C =          12. bytes (REL,CON,CSEG)

   Value  Global      Value  Global      Value  Global      Value  Global   
   -----  ------      -----  ------      -----  ------      -----  ------   
    343D  _ESP0Ptr |   343F  _ESP1Ptr |   3441  _ESPStat
ASxxxx Linker V05.11 (GCC6809)                                          Page 4
Hexadecimal [16-Bits]                                 Sun Oct 26 19:06:34 2025

Area                       Addr        Size        Decimal Bytes (Attributes)
--------------------       ----        ----        ------- ----- ------------
.direct                    3443        0018 =          24. bytes (REL,CON,CSEG)

   Value  Global      Value  Global      Value  Global      Value  Global   
   -----  ------      -----  ------      -----  ------      -----  ------   
    3443  m0       |   3444  m1       |   3445  m2       |   3446  m3      
    3447  m4       |   3448  m5       |   3449  m6       |   344A  m7      
    344B  im0      |   344C  im1      |   344D  im2      |   344E  im3     
    344F  im4      |   3450  im5      |   3451  im6      |   3452  im7     
    3453  fm0      |   3454  fm1      |   3455  fm2      |   3456  fm3     
    3457  fm4      |   3458  fm5      |   3459  fm6      |   345A  fm7     
ASxxxx Linker V05.11 (GCC6809)                                          Page 5
Hexadecimal [16-Bits]                                 Sun Oct 26 19:06:34 2025

Area                       Addr        Size        Decimal Bytes (Attributes)
--------------------       ----        ----        ------- ----- ------------
.startup                   2000        0010 =          16. bytes (REL,CON,CSEG)

   Value  Global      Value  Global      Value  Global      Value  Global   
   -----  ------      -----  ------      -----  ------      -----  ------   
    2000  __start  |   2000  .__.END. |   200E  __exit  
ASxxxx Linker V05.11 (GCC6809)                                          Page 6
Hexadecimal [16-Bits]                                 Sun Oct 26 19:06:34 2025

Files Linked                              [ module(s) ]

test.o                                    [ test.c ]


Libraries Linked                          [ object file ]

libcubix.a                                [ gettim.o ]
libcubix.a                                [ getch.o ]
libcubix.a                                [ graphics.o ]
libcubix.a                                [ esplowlevel.o ]
libcubix.a                                [ printf.o ]
libcubix.a                                [ libgcc1.o ]
libcubix.a                                [ outbyte.o ]
libcubix.a                                [ crt0.o ]

ASxxxx Linker V05.11 (GCC6809)                                          Page 7
Hexadecimal [16-Bits]                                 Sun Oct 26 19:06:34 2025

User Base Address Definitions

.text=0x2020
.startup=0x2000

