ASxxxx Linker V05.11 (GCC6809)                                          Page 1
Hexadecimal [16-Bits]                                 Mon Oct 27 02:49:45 2025

Area                       Addr        Size        Decimal Bytes (Attributes)
--------------------       ----        ----        ------- ----- ------------
.  .ABS.                   0000        0000 =           0. bytes (ABS,OVR,CSEG)

   Value  Global      Value  Global      Value  Global      Value  Global   
   -----  ------      -----  ------      -----  ------      -----  ------   
    0000  s__CODE  |   0000  l_.dtors |   0000  l_.noini |   0000  l_.vecto
    0000  l_.gcc_e |   0000  l_.romca |   0000  l_.base  |   0000  l__DATA 
    0000  l_.ctors |   0000  l__CODE  |   0000  l_.rodat |   0000  s__DATA 
    0000  .__.ABS. |   0010  l_.start |   0018  l_.direc |   01AF  l_.bss  
    03A7  l_.data  |   2000  s_.start |   2010  s_.gcc_e |   2010  s_.noini
    2010  s_.vecto |   2010  s_.romca |   2010  s_.dtors |   2010  s_.ctors
    2010  s_.rodat |   2010  s_.base  |   2020  s_.text  |   4C44  l_.text 
    6C64  s_.data  |   700B  s_.bss   |   71BA  s_.direc
ASxxxx Linker V05.11 (GCC6809)                                          Page 2
Hexadecimal [16-Bits]                                 Mon Oct 27 02:49:45 2025

Area                       Addr        Size        Decimal Bytes (Attributes)
--------------------       ----        ----        ------- ----- ------------
.text                      2020        4C44 =       19524. bytes (REL,CON,CSEG)

   Value  Global      Value  Global      Value  Global      Value  Global   
   -----  ------      -----  ------      -----  ------      -----  ------   
    212D  _abs_val |   214F  _get_ran |   21E2  _simple_ |   220A  _simple_
    224D  _simple_ |   22A3  _simple_ |   2333  _simple_ |   2350  _simple_
    23A3  _paint_i |   2430  _paint_p |   267E  _paint_p |   2E68  _initial
    3396  _print_i |   350C  _enter_q |   36EB  _place_e |   377B  _place_o
    391D  _get_qua |   3AF9  _main_ga |   3D5A  _CheckDo |   3E5E  _impulse
    42B4  _warpSpe |   4585  _long_ra |   4A0B  _phaser_ |   5036  _photon_
    53B7  _damage_ |   5545  _library |   5716  _klingon |   59E2  _calcula
    5A49  _repair_ |   5BFE  _end_gam |   5C7D  _main    |   5CAA  _getch  
    5CBE  _getc    |   5CD2  _tolower |   5CF6  _toupper |   5D1A  _islower
    5D40  _isupper |   5D66  _isdigit |   5D8C  _isxdigi |   5DCE  _isprint
    5DF4  _OutStri |   5E31  _SetCurs |   5E47  _SetReso |   5E5D  _LoadFon
    5E73  _ClearDi |   5E7E  _CopyRec |   5EAD  _DrawBit |   5EE9  _DrawCha
    5F10  _DrawEll |   5F35  _DrawGly |   5F70  _DrawLin |   5F95  _DrawRec
    5FBA  _DrawFil |   5FDF  _DrawFil |   6004  _GetPixe |   6032  _InvertR
    6057  _DrawLin |   6072  _MoveCur |   608D  _ScrollD |   60A8  _SetBrus
    60BE  _SetLine |   60D4  _SetPenC |   60EA  _SetPenW |   6100  _SetPixe
    611B  _SetGlyp |   614F  _SetPall |   6174  _SetMous |   618A  _SetMous
    61A5  _ClearSp |   61B0  _SetSpri |   61E7  _SetSpri |   6209  _SetSpri
    6224  _esp0_ou |   6269  _esp1_ou |   62AE  _esp0_in |   62ED  _esp1_in
    632C  _esp0_ou |   6362  _esp0_ou |   6392  _esp0_ou |   63AE  _esp1_ou
    63E4  _esp1_ou |   6414  _esp1_ou |   68D6  _printf  |   68F2  _sprintf
    6911  _outhex  |   6921  _ashlhi3 |   6930  _ashrhi3 |   693F  _lshrhi3
    694E  _ashlsi3 |   6957  _ashlsi3 |   6982  _lshrsi3 |   698B  ___clzhi
    69AC  ___clzsi |   69BB  ___ctzhi |   69DB  ___ctzsi |   69EA  _mulhi3 
    6A09  _divhi3  |   6A14  _modhi3  |   6A22  _udivhi3 |   6A2D  _umodhi3
    6A3B  _euclid  |   6A6D  _seuclid |   6AA8  _outbyte |   6AB8  _randsee
    6AC9  _gettime |   6B9C  _getdate
ASxxxx Linker V05.11 (GCC6809)                                          Page 3
Hexadecimal [16-Bits]                                 Mon Oct 27 02:49:45 2025

Area                       Addr        Size        Decimal Bytes (Attributes)
--------------------       ----        ----        ------- ----- ------------
.data                      6C64        03A7 =         935. bytes (REL,CON,CSEG)

   Value  Global      Value  Global      Value  Global      Value  Global   
   -----  ------      -----  ------      -----  ------      -----  ------   
    7005  _ESP0Ptr |   7007  _ESP1Ptr |   7009  _ESPStat
ASxxxx Linker V05.11 (GCC6809)                                          Page 4
Hexadecimal [16-Bits]                                 Mon Oct 27 02:49:45 2025

Area                       Addr        Size        Decimal Bytes (Attributes)
--------------------       ----        ----        ------- ----- ------------
.bss                       700B        01AF =         431. bytes (REL,CON,CSEG)

   Value  Global      Value  Global      Value  Global      Value  Global   
   -----  ------      -----  ------      -----  ------      -----  ------   
    7098  _G       |   7118  _K       |   712A  _Z       |   71AA  _D      
ASxxxx Linker V05.11 (GCC6809)                                          Page 5
Hexadecimal [16-Bits]                                 Mon Oct 27 02:49:45 2025

Area                       Addr        Size        Decimal Bytes (Attributes)
--------------------       ----        ----        ------- ----- ------------
.direct                    71BA        0018 =          24. bytes (REL,CON,CSEG)

   Value  Global      Value  Global      Value  Global      Value  Global   
   -----  ------      -----  ------      -----  ------      -----  ------   
    71BA  m0       |   71BB  m1       |   71BC  m2       |   71BD  m3      
    71BE  m4       |   71BF  m5       |   71C0  m6       |   71C1  m7      
    71C2  im0      |   71C3  im1      |   71C4  im2      |   71C5  im3     
    71C6  im4      |   71C7  im5      |   71C8  im6      |   71C9  im7     
    71CA  fm0      |   71CB  fm1      |   71CC  fm2      |   71CD  fm3     
    71CE  fm4      |   71CF  fm5      |   71D0  fm6      |   71D1  fm7     
ASxxxx Linker V05.11 (GCC6809)                                          Page 6
Hexadecimal [16-Bits]                                 Mon Oct 27 02:49:45 2025

Area                       Addr        Size        Decimal Bytes (Attributes)
--------------------       ----        ----        ------- ----- ------------
.startup                   2000        0010 =          16. bytes (REL,CON,CSEG)

   Value  Global      Value  Global      Value  Global      Value  Global   
   -----  ------      -----  ------      -----  ------      -----  ------   
    2000  __start  |   2000  .__.END. |   200E  __exit  
ASxxxx Linker V05.11 (GCC6809)                                          Page 7
Hexadecimal [16-Bits]                                 Mon Oct 27 02:49:45 2025

Files Linked                              [ module(s) ]

startrek.o                                [ startrek.c ]


Libraries Linked                          [ object file ]

../gcclib/libcubix.a                      [ getch.o ]
../gcclib/libcubix.a                      [ toupper.o ]
../gcclib/libcubix.a                      [ graphics.o ]
../gcclib/libcubix.a                      [ esplowlevel.o ]
../gcclib/libcubix.a                      [ printf.o ]
../gcclib/libcubix.a                      [ libgcc1.o ]
../gcclib/libcubix.a                      [ crt0.o ]
../gcclib/libcubix.a                      [ outbyte.o ]
../gcclib/libcubix.a                      [ gettim.o ]

ASxxxx Linker V05.11 (GCC6809)                                          Page 8
Hexadecimal [16-Bits]                                 Mon Oct 27 02:49:45 2025

User Base Address Definitions

.text=0x2020
.startup=0x2000

