Symbol: ATRTAB (cubix.s) = F080
Symbol: BADCMD (cubix.s) = E247
Symbol: BADDEV (cubix.s) = E5A7
Symbol: BADOP1 (cubix.s) = E3E6
Symbol: BADOP2 (cubix.s) = E389
Symbol: BADOP3 (cubix.s) = F075
Symbol: BADOPM (cubix.s) = F719
Symbol: BADOPR (cubix.s) = E2AB
Symbol: BEGIN (cubix.s) = E108
Symbol: BLOAD (cubix.s) = EE3C
Symbol: BRET (cubix.s) = E34C
Symbol: BSAVE (cubix.s) = EE71
Symbol: CALFRE (cubix.s) = F339
Symbol: CEND (cubix.s) = E333
Symbol: CEXI (cubix.s) = F55A
Symbol: CEXIT (cubix.s) = F549
Symbol: CHAIN (cubix.s) = F5AB
Symbol: CHGDRV (cubix.s) = F09B
Symbol: CHGWRK (cubix.s) = E794
Symbol: CLO0 (cubix.s) = E978
Symbol: CLO1 (cubix.s) = E97C
Symbol: CLO2 (cubix.s) = E98B
Symbol: CLO3 (cubix.s) = E98F
Symbol: CLO4 (cubix.s) = E9A4
Symbol: CLOC1 (cubix.s) = E8CE
Symbol: CLOC2 (cubix.s) = E8D5
Symbol: CLOSE (cubix.s) = E963
Symbol: CLRFLG (cubix.s) = F115
Symbol: CMD (cubix.s) = E180
Symbol: CMDADR (cubix.s) = F832
Symbol: CMDBUF (cubix.s) = DCED
Symbol: CMDC1 (cubix.s) = F5E5
Symbol: CMDC2 (cubix.s) = F5EF
Symbol: CMDC3 (cubix.s) = F5F9
Symbol: CMDC4 (cubix.s) = F5FD
Symbol: CMDC5 (cubix.s) = F607
Symbol: CMDC6 (cubix.s) = F608
Symbol: CMDCMP (cubix.s) = F5DA
Symbol: CMDDRV (cubix.s) = DCE1
Symbol: CMDEOF (cubix.s) = F457
Symbol: CMDEX (cubix.s) = F465
Symbol: CMDGO (cubix.s) = E1B0
Symbol: CMDIN (cubix.s) = F58B
Symbol: CMDKEY (cubix.s) = F5CE
Symbol: CMDNAM (cubix.s) = F7DC
Symbol: CMDOFF (cubix.s) = DCE4
Symbol: CMDRC (cubix.s) = DCE8
Symbol: CMDRET (cubix.s) = F571
Symbol: CMDRT0 (cubix.s) = F574
Symbol: CMDRT1 (cubix.s) = F588
Symbol: CMDRT2 (cubix.s) = F60B
Symbol: CMDSEC (cubix.s) = DCE2
Symbol: CMDSKP (cubix.s) = F5B7
Symbol: CMDSTK (cubix.s) = DCE6
Symbol: CMPR (cubix.s) = F511
Symbol: CMPR1 (cubix.s) = F51E
Symbol: CNC1 (cubix.s) = EFD5
Symbol: CNC2 (cubix.s) = EFE6
Symbol: CNCT (cubix.s) = EFCF
Symbol: COMFIL (cubix.s) = F460
Symbol: COMGO (cubix.s) = F475
Symbol: COMNAM (cubix.s) = E316
Symbol: COMX (cubix.s) = E335
Symbol: CONIN (cubix.s) = DC6C
Symbol: CONOUT (cubix.s) = DC6D
Symbol: CRD1 (cubix.s) = ED15
Symbol: CRD2 (cubix.s) = ED1B
Symbol: CRE1 (cubix.s) = E72C
Symbol: CRE2 (cubix.s) = E734
Symbol: CRE3 (cubix.s) = E739
Symbol: CRE5 (cubix.s) = E765
Symbol: CRE6 (cubix.s) = E76F
Symbol: CRE7 (cubix.s) = E777
Symbol: CREAD (cubix.s) = ECFA
Symbol: CREATE (cubix.s) = E717
Symbol: CREF1 (cubix.s) = ED92
Symbol: CREFIL (cubix.s) = ED7E
Symbol: CSIZE (cubix.s) = 0007
Symbol: CSRC (cubix.s) = F539
Symbol: CURSIZ (cubix.s) = E705
Symbol: CWR1 (cubix.s) = ED45
Symbol: CWR2 (cubix.s) = ED4B
Symbol: CWRITE (cubix.s) = ED2A
Symbol: CYL (cubix.s) = 0004
Symbol: DATTR (cubix.s) = 0017
Symbol: DBGFLG (cubix.s) = DCA3
Symbol: DBGSSR (cubix.s) = E040
Symbol: DCTRL (cubix.s) = DC50
Symbol: DDADR (cubix.s) = 0013
Symbol: DEBCYLL (cubix.s) = F97D
Symbol: DEBCYLM (cubix.s) = F97E
Symbol: DEBSEHD (cubix.s) = F97F
Symbol: DECDIG (cubix.s) = E453
Symbol: DEFATR (cubix.s) = 00F0
Symbol: DEFDIR (cubix.s) = DCA6
Symbol: DEFDRV (cubix.s) = DCA5
Symbol: DELETE (cubix.s) = ED98
Symbol: DELFIL (cubix.s) = ED95
Symbol: DETAB (cubix.s) = EB9B
Symbol: DEVMSG (cubix.s) = F7B7
Symbol: DFORMAT (cubix.s) = F942
Symbol: DHOME (cubix.s) = F943
Symbol: DIGOK (cubix.s) = E42C
Symbol: DIRSEC (cubix.s) = 0000
Symbol: DISDIR (cubix.s) = E6A9
Symbol: DISF1 (cubix.s) = F34A
Symbol: DISF2 (cubix.s) = F350
Symbol: DISF3 (cubix.s) = F35B
Symbol: DISF4 (cubix.s) = F36C
Symbol: DISP8 (cubix.s) = E6F8
Symbol: DISPX (cubix.s) = E6FA
Symbol: dist (cubix.s) = 0001
Symbol: DITAB (cubix.s) = DC6E
Symbol: DIV1 (cubix.s) = F6B1
Symbol: DIV16 (cubix.s) = F6A9
Symbol: DIV2 (cubix.s) = F6B3
Symbol: DIV3 (cubix.s) = F6C8
Symbol: DMPREG (cubix.s) = E08A
Symbol: DMPREG1 (cubix.s) = E08D
Symbol: DNAME (cubix.s) = 0008
Symbol: DNL0 (cubix.s) = EF14
Symbol: DNL1 (cubix.s) = EF4C
Symbol: DNL2 (cubix.s) = EF5F
Symbol: DNL3 (cubix.s) = EF8A
Symbol: DNL4 (cubix.s) = EFBB
Symbol: DNLD (cubix.s) = EF01
Symbol: DNLDEV (cubix.s) = EF49
Symbol: DNLEND (cubix.s) = EF2E
Symbol: DNLMSG (cubix.s) = F7C6
Symbol: DNLRTS (cubix.s) = EEFF
Symbol: DOINIT (cubix.s) = E004
Symbol: DOSKCM (cubix.s) = E1B9
Symbol: DOTAB (cubix.s) = DC7E
Symbol: DPERM (cubix.s) = 0010
Symbol: DPREFIX (cubix.s) = 0000
Symbol: DRADR (cubix.s) = 0015
Symbol: DRDSEC (cubix.s) = F946
Symbol: DRIVE (cubix.s) = 0000
Symbol: DRIVERS (cubix.s) = E99F
Symbol: DRVSIZ (cubix.s) = E708
Symbol: DSHFT (cubix.s) = E434
Symbol: DTYPE (cubix.s) = 0010
Symbol: DWRSEC (cubix.s) = F950
Symbol: EOF (cubix.s) = E8B1
Symbol: EPERM (cubix.s) = 0020
Symbol: ERRCNT (cubix.s) = DCEC
Symbol: ERRM1 (cubix.s) = E2C3
Symbol: ERRM2 (cubix.s) = E2C8
Symbol: ERRM3 (cubix.s) = E2D9
Symbol: ERRM4 (cubix.s) = E2DE
Symbol: ERRMRC (cubix.s) = E2B0
Symbol: ERRRET (cubix.s) = E2EB
Symbol: EX1 (cubix.s) = F2A8
Symbol: EX2 (cubix.s) = F2AD
Symbol: EX3 (cubix.s) = F2B4
Symbol: EX4 (cubix.s) = F2BB
Symbol: EX5 (cubix.s) = F2C8
Symbol: EX6 (cubix.s) = F2D2
Symbol: EX7 (cubix.s) = F2DC
Symbol: EX8 (cubix.s) = F2DE
Symbol: EX9 (cubix.s) = F2F1
Symbol: EXDCOM (cubix.s) = F55D
Symbol: EXE (cubix.s) = E217
Symbol: EXE1 (cubix.s) = E22F
Symbol: EXE2 (cubix.s) = E232
Symbol: EXE3 (cubix.s) = E24E
Symbol: EXE4 (cubix.s) = E26F
Symbol: EXE5 (cubix.s) = E27B
Symbol: EXECMD (cubix.s) = E1C0
Symbol: EXIMSG (cubix.s) = F743
Symbol: FDRIVE (cubix.s) = DCB7
Symbol: FEXISTS (cubix.s) = E723
Symbol: FIL1 (cubix.s) = ED5F
Symbol: FIL2 (cubix.s) = ED7B
Symbol: FILERR (cubix.s) = E656
Symbol: FILES (cubix.s) = ED5A
Symbol: FILFND (cubix.s) = E6A8
Symbol: FIRQ (cubix.s) = F6F2
Symbol: FIRQVEC (cubix.s) = DC9E
Symbol: FNAME (cubix.s) = DCC0
Symbol: FNDF1 (cubix.s) = E7D4
Symbol: FNDF2 (cubix.s) = E7DD
Symbol: FNDF3 (cubix.s) = E7DF
Symbol: FNDFRE (cubix.s) = E7CE
Symbol: FNDLNK (cubix.s) = E5D2
Symbol: FORMAT (cubix.s) = F6CC
Symbol: FRES1 (cubix.s) = E7BD
Symbol: FRES2 (cubix.s) = E7BF
Symbol: FRESEC (cubix.s) = E79D
Symbol: FTEL1 (cubix.s) = EA0D
Symbol: FTEL2 (cubix.s) = EA1B
Symbol: FTELL (cubix.s) = EA00
Symbol: FTYPE (cubix.s) = DCC8
Symbol: GETA1 (cubix.s) = F064
Symbol: GETA2 (cubix.s) = F06E
Symbol: GETA3 (cubix.s) = F078
Symbol: GETA4 (cubix.s) = F07E
Symbol: GETATR (cubix.s) = F061
Symbol: GETBYT (cubix.s) = EFAF
Symbol: GETCHR (cubix.s) = E5CD
Symbol: GETCTL (cubix.s) = EAF9
Symbol: GETCTL1 (cubix.s) = EAFC
Symbol: GETD1 (cubix.s) = E3BB
Symbol: GETD2 (cubix.s) = E3C4
Symbol: GETD3 (cubix.s) = E3DA
Symbol: GETD4 (cubix.s) = E3E9
Symbol: GETD5 (cubix.s) = E3F0
Symbol: GETDEC (cubix.s) = E449
Symbol: GETDEV (cubix.s) = F0EF
Symbol: GETDIR (cubix.s) = E3A3
Symbol: GETDIR1 (cubix.s) = E3A6
Symbol: GETDRV (cubix.s) = E3F2
Symbol: GETDRV1 (cubix.s) = E3F5
Symbol: GETDV (cubix.s) = E450
Symbol: GETHEX (cubix.s) = E40F
Symbol: GETHV (cubix.s) = E414
Symbol: GETL1 (cubix.s) = E417
Symbol: GETN1 (cubix.s) = EFCE
Symbol: GETNAM (cubix.s) = E36A
Symbol: GETNIB (cubix.s) = EFBC
Symbol: GETNUM (cubix.s) = E404
Symbol: GETSDI (cubix.s) = E310
Symbol: GETSN0 (cubix.s) = E28C
Symbol: GETSN1 (cubix.s) = E293
Symbol: GETSN2 (cubix.s) = E2A1
Symbol: GETSNA (cubix.s) = E289
Symbol: GETSYS (cubix.s) = E30D
Symbol: GETVAL (cubix.s) = E363
Symbol: GF1 (cubix.s) = E36E
Symbol: GF2 (cubix.s) = E37F
Symbol: GF3 (cubix.s) = E38C
Symbol: GFNAM (cubix.s) = E36C
Symbol: GFTYP (cubix.s) = E37B
Symbol: GLFCR (cubix.s) = E495
Symbol: GLINE (cubix.s) = E498
Symbol: GLINE1 (cubix.s) = E4A1
Symbol: GLINE2 (cubix.s) = E4B2
Symbol: GLINE3 (cubix.s) = E4BD
Symbol: GLNOP (cubix.s) = E49D
Symbol: GOCMD (cubix.s) = F4FD
Symbol: GOFLG (cubix.s) = F118
Symbol: GOPAD (cubix.s) = E29E
Symbol: GRTS (cubix.s) = E5EE
Symbol: HDE (cubix.s) = EB2A
Symbol: HDE1 (cubix.s) = EB47
Symbol: HDE2 (cubix.s) = EB81
Symbol: HDE3 (cubix.s) = EB86
Symbol: HDE4 (cubix.s) = EB90
Symbol: HEAD (cubix.s) = 0005
Symbol: HELLO (cubix.s) = E112
Symbol: HEXEND (cubix.s) = E444
Symbol: HOME (cubix.s) = F6D0
Symbol: HOUT (cubix.s) = E55B
Symbol: HSTBUF (cubix.s) = 0400
Symbol: HWIN1 (cubix.s) = F931
Symbol: HWINIT (cubix.s) = F92C
Symbol: IDE_ABORT (cubix.s) = F9B5
Symbol: IDE_INITA (cubix.s) = F9D7
Symbol: IDE_PPIDETECT (cubix.s) = FA7E
Symbol: IDE_PRINT_INFO (cubix.s) = F9BE
Symbol: IDE_READ (cubix.s) = FB6C
Symbol: IDE_READ_BUFFER (cubix.s) = FB3D
Symbol: IDE_READ_INFO (cubix.s) = FA1C
Symbol: IDE_READ_INFO_ABORT (cubix.s) = FA6C
Symbol: IDE_READ_INFO_OK (cubix.s) = FA78
Symbol: IDE_READ_NO_SETUP (cubix.s) = FB6F
Symbol: IDE_READ_SECTOR (cubix.s) = FA8C
Symbol: IDE_READ_SECTOR_1 (cubix.s) = FA91
Symbol: IDE_READ_SECTOR_ERROR (cubix.s) = FAA9
Symbol: IDE_SETUP_LBA (cubix.s) = FC11
Symbol: IDE_WAIT_DRQ (cubix.s) = FB0F
Symbol: IDE_WAIT_DRQ1 (cubix.s) = FB19
Symbol: IDE_WAIT_DRQ2 (cubix.s) = FB39
Symbol: IDE_WAIT_DRQ3 (cubix.s) = FB3B
Symbol: IDE_WAIT_DRQE (cubix.s) = FB34
Symbol: IDE_WAIT_NOT_BUSY (cubix.s) = FAE8
Symbol: IDE_WAIT_NOT_BUSY1 (cubix.s) = FAF2
Symbol: IDE_WAIT_NOT_BUSY2 (cubix.s) = FB0A
Symbol: IDE_WAIT_NOT_BUSY3 (cubix.s) = FB0C
Symbol: IDE_WRITE (cubix.s) = FB95
Symbol: IDE_WRITE_BUFFER (cubix.s) = FB53
Symbol: IDE_WRITE_SECTOR (cubix.s) = FAAC
Symbol: IDE_WRITE_SECTOR_ERROR (cubix.s) = FACE
Symbol: IDEBUFRD (cubix.s) = FB41
Symbol: IDEBUFWT (cubix.s) = FB57
Symbol: IGNORE (cubix.s) = FF00
Symbol: INBUFF (cubix.s) = DC00
Symbol: INI00 (cubix.s) = EC03
Symbol: INI01 (cubix.s) = EC1D
Symbol: INI02 (cubix.s) = EC25
Symbol: INI1 (cubix.s) = EC30
Symbol: INI10 (cubix.s) = ECEC
Symbol: INI2 (cubix.s) = EC81
Symbol: INI3 (cubix.s) = EC9F
Symbol: INI4 (cubix.s) = ECAC
Symbol: INI5 (cubix.s) = ECB9
Symbol: INI6 (cubix.s) = ECC3
Symbol: INI7 (cubix.s) = ECCF
Symbol: INI8 (cubix.s) = ECD9
Symbol: INI9 (cubix.s) = ECE0
Symbol: INIT (cubix.s) = EBF1
Symbol: INITAB (cubix.s) = F3FB
Symbol: INVSSR (cubix.s) = E05E
Symbol: IOTAB (cubix.s) = F449
Symbol: IPLFILE (cubix.s) = F6FA
Symbol: IRAM (cubix.s) = DC50
Symbol: IRQ (cubix.s) = F6EE
Symbol: IRQVEC (cubix.s) = DC9C
Symbol: LCHAIN (cubix.s) = EE60
Symbol: LFCR (cubix.s) = E57B
Symbol: LNKSEC (cubix.s) = 0001
Symbol: LOCCR (cubix.s) = F5C4
Symbol: LOCDIR (cubix.s) = E685
Symbol: LOCERR (cubix.s) = E64C
Symbol: LOCFIL (cubix.s) = E691
Symbol: LOCLP (cubix.s) = F5C0
Symbol: LOCRED (cubix.s) = E896
Symbol: LOCSEC (cubix.s) = E68E
Symbol: LOCWRI (cubix.s) = E8C4
Symbol: LODERR (cubix.s) = EFA1
Symbol: LODF1 (cubix.s) = EE5E
Symbol: LODFIL (cubix.s) = EE48
Symbol: MBASE (cubix.s) = E002
Symbol: MESSAGE1 (cubix.s) = FBD0
Symbol: MESSAGE2 (cubix.s) = FBD8
Symbol: MESSAGE3 (cubix.s) = FBDF
Symbol: MESSAGE4 (cubix.s) = FBEC
Symbol: MESSAGE5 (cubix.s) = FBFD
Symbol: MESSAGE6 (cubix.s) = FC0E
Symbol: MOVD1 (cubix.s) = F029
Symbol: MOVDIR (cubix.s) = F023
Symbol: MSGFLG (cubix.s) = DCA2
Symbol: MUL16 (cubix.s) = F689
Symbol: MULD1 (cubix.s) = EDCF
Symbol: MULD2 (cubix.s) = EDD2
Symbol: MULD3 (cubix.s) = EE2B
Symbol: MULD4 (cubix.s) = EE3B
Symbol: MULD5 (cubix.s) = EDF1
Symbol: MULDEL (cubix.s) = EDCC
Symbol: NAMGET (cubix.s) = E291
Symbol: NCYL (cubix.s) = 0001
Symbol: NDEV (cubix.s) = 0008
Symbol: NDSK (cubix.s) = 0004
Symbol: NEWLIN (cubix.s) = F49E
Symbol: NHEAD (cubix.s) = 0002
Symbol: nhyodyne (cubix.s) = 0001
Symbol: NMI (cubix.s) = F6F6
Symbol: NMIVEC (cubix.s) = DCA0
Symbol: NOEMSG (cubix.s) = E2E9
Symbol: NOFMSG (cubix.s) = E67E
Symbol: NOMAC (cubix.s) = F4D7
Symbol: NOSHO (cubix.s) = E6B0
Symbol: NOSMSG (cubix.s) = F757
Symbol: NOSPAC (cubix.s) = E7C6
Symbol: NOSUSP (cubix.s) = EEE3
Symbol: NOTFND (cubix.s) = E650
Symbol: NOTMSG (cubix.s) = F734
Symbol: NOTNUL (cubix.s) = E323
Symbol: NOTRDD (cubix.s) = F94F
Symbol: NOTWDD (cubix.s) = F959
Symbol: NSEC (cubix.s) = 0003
Symbol: NULCMD (cubix.s) = E1E9
Symbol: NUMCMD (cubix.s) = 000E
Symbol: NUMFLG (cubix.s) = 0003
Symbol: NUMSSR (cubix.s) = 006F
Symbol: ODRIVE (cubix.s) = 0001
Symbol: OFIRST (cubix.s) = 0002
Symbol: OKRET (cubix.s) = EE70
Symbol: OLDSTK (cubix.s) = DCE9
Symbol: OLSTSEC (cubix.s) = 0006
Symbol: OOFFSET (cubix.s) = 0008
Symbol: OOTAB (cubix.s) = F441
Symbol: OPENR (cubix.s) = E7FF
Symbol: OPENW (cubix.s) = E8DB
Symbol: OREMSG (cubix.s) = F76E
Symbol: ORERR (cubix.s) = E8A9
Symbol: OSECTOR (cubix.s) = 0004
Symbol: OSIZ (cubix.s) = 000A
Symbol: OTYPE (cubix.s) = 0000
Symbol: OWEMSG (cubix.s) = F785
Symbol: OWERR (cubix.s) = E91D
Symbol: PAD (cubix.s) = E39C
Symbol: PAR1 (cubix.s) = F4C1
Symbol: PAR2 (cubix.s) = F4C7
Symbol: PAR3 (cubix.s) = F4CE
Symbol: PAROK (cubix.s) = F4BB
Symbol: PPIDE_A0_LINE (cubix.s) = 0001
Symbol: PPIDE_A1_LINE (cubix.s) = 0002
Symbol: PPIDE_A2_LINE (cubix.s) = 0004
Symbol: PPIDE_ASTATUS (cubix.s) = 0017
Symbol: PPIDE_CMD_ID (cubix.s) = 00EC
Symbol: PPIDE_CMD_INIT (cubix.s) = 0091
Symbol: PPIDE_CMD_READ (cubix.s) = 0020
Symbol: PPIDE_CMD_RECAL (cubix.s) = 0010
Symbol: PPIDE_CMD_SPINDOWN (cubix.s) = 00E0
Symbol: PPIDE_CMD_SPINUP (cubix.s) = 00E1
Symbol: PPIDE_CMD_WRITE (cubix.s) = 0030
Symbol: PPIDE_COMMAND (cubix.s) = 000F
Symbol: PPIDE_CONTROL (cubix.s) = 0016
Symbol: PPIDE_CS0_LINE (cubix.s) = 0008
Symbol: PPIDE_CS1_LINE (cubix.s) = 0010
Symbol: PPIDE_DATA (cubix.s) = 0008
Symbol: PPIDE_DEVICE (cubix.s) = 000E
Symbol: PPIDE_ERR (cubix.s) = 0009
Symbol: PPIDE_INIT (cubix.s) = F987
Symbol: PPIDE_LBAHI (cubix.s) = 000D
Symbol: PPIDE_LBALOW (cubix.s) = 000B
Symbol: PPIDE_LBAMID (cubix.s) = 000C
Symbol: PPIDE_PPI (cubix.s) = FE60
Symbol: PPIDE_PROBE (cubix.s) = F9DB
Symbol: PPIDE_PROBE_FAIL (cubix.s) = FA19
Symbol: PPIDE_PROBE_SUCCESS (cubix.s) = FA1B
Symbol: PPIDE_RD_LINE (cubix.s) = 0040
Symbol: PPIDE_RESET (cubix.s) = FAD1
Symbol: PPIDE_RST_LINE (cubix.s) = 0080
Symbol: PPIDE_SEC_CNT (cubix.s) = 000A
Symbol: PPIDE_STATUS (cubix.s) = 000F
Symbol: PPIDE_WR_LINE (cubix.s) = 0020
Symbol: PPIDECNTRL (cubix.s) = FE62
Symbol: PPIDECOMMAND (cubix.s) = F982
Symbol: PPIDEHI (cubix.s) = FE61
Symbol: PPIDELO (cubix.s) = FE60
Symbol: PPIDELOTMP (cubix.s) = F981
Symbol: PPIDEPPIC (cubix.s) = FE63
Symbol: PPIDETIMEOUT (cubix.s) = F983
Symbol: PPIDETMP (cubix.s) = F980
Symbol: PPIDEWORKVAR (cubix.s) = F985
Symbol: PPRD_IDE_8255 (cubix.s) = 0092
Symbol: PPWR_IDE_8255 (cubix.s) = 0080
Symbol: PREFIX (cubix.s) = DCB8
Symbol: PROERR (cubix.s) = E8A0
Symbol: PROMSG (cubix.s) = F79D
Symbol: PURGE (cubix.s) = E616
Symbol: PURGE1 (cubix.s) = E618
Symbol: PUTCHR (cubix.s) = E58D
Symbol: QVECT (cubix.s) = F66F
Symbol: RAM (cubix.s) = DC00
Symbol: RCBOP (cubix.s) = 0001
Symbol: RCC1 (cubix.s) = F619
Symbol: RCC2 (cubix.s) = F62C
Symbol: RCC3 (cubix.s) = F645
Symbol: RCCHR (cubix.s) = F60E
Symbol: RCCMD (cubix.s) = 00FF
Symbol: RCDEV (cubix.s) = 000A
Symbol: RCDNL (cubix.s) = 000B
Symbol: RCDSK (cubix.s) = 0009
Symbol: RCEOF (cubix.s) = 0006
Symbol: RCEXI (cubix.s) = 0007
Symbol: RCNOS (cubix.s) = 0008
Symbol: RCNOTF (cubix.s) = 0002
Symbol: RCOND (cubix.s) = F527
Symbol: RCORE (cubix.s) = 0004
Symbol: RCOWE (cubix.s) = 0005
Symbol: RCPRO (cubix.s) = 0003
Symbol: RCRET (cubix.s) = E18C
Symbol: RDDEV (cubix.s) = E5AF
Symbol: RDDLC (cubix.s) = EFA9
Symbol: RDISK (cubix.s) = EAD2
Symbol: RDNULL (cubix.s) = F93F
Symbol: RDONE (cubix.s) = EAF7
Symbol: RDSEC (cubix.s) = F6DA
Symbol: RDSER1 (cubix.s) = F96B
Symbol: RDSER1N (cubix.s) = F97A
Symbol: RDW1 (cubix.s) = E604
Symbol: RDWRK (cubix.s) = E5EF
Symbol: READB (cubix.s) = E86C
Symbol: READC (cubix.s) = E821
Symbol: REC1 (cubix.s) = E840
Symbol: REC2 (cubix.s) = E85A
Symbol: REDCHR (cubix.s) = F4A1
Symbol: REDIN (cubix.s) = F647
Symbol: REDOUT (cubix.s) = F64C
Symbol: REENT (cubix.s) = E19F
Symbol: REEXG (cubix.s) = F663
Symbol: RESTAB (cubix.s) = FF01
Symbol: RESU1 (cubix.s) = EA9A
Symbol: RESU2 (cubix.s) = EA9F
Symbol: RESU3 (cubix.s) = EAAA
Symbol: RESUME (cubix.s) = EA7E
Symbol: RETNZ (cubix.s) = E360
Symbol: RETURN (cubix.s) = EEDA
Symbol: RETZ (cubix.s) = F66C
Symbol: RETZ1 (cubix.s) = F685
Symbol: REWIND (cubix.s) = E8B6
Symbol: RISIZ (cubix.s) = 0067
Symbol: RITAB (cubix.s) = FF09
Symbol: RNXT (cubix.s) = E343
Symbol: RNXT1 (cubix.s) = E345
Symbol: ROM (cubix.s) = E000
Symbol: ROMCHK (cubix.s) = E000
Symbol: RPERM (cubix.s) = 0080
Symbol: RRTS (cubix.s) = E614
Symbol: RST_DLY (cubix.s) = FADA
Symbol: RSUCC (cubix.s) = F532
Symbol: RTRY1 (cubix.s) = EAD9
Symbol: RTRY2 (cubix.s) = EADD
Symbol: RUN (cubix.s) = E1EA
Symbol: RUN1 (cubix.s) = E1ED
Symbol: RUN2 (cubix.s) = E1F8
Symbol: SAVB (cubix.s) = DCD5
Symbol: SAVDRV (cubix.s) = DCDA
Symbol: SAVF1 (cubix.s) = EE88
Symbol: SAVF2 (cubix.s) = EE95
Symbol: SAVF3 (cubix.s) = EEC6
Symbol: SAVFIL (cubix.s) = EE79
Symbol: SAVP1 (cubix.s) = F59F
Symbol: SAVP2 (cubix.s) = F5A9
Symbol: SAVPRM (cubix.s) = F59A
Symbol: SAVSTK (cubix.s) = DCDB
Symbol: SAVX (cubix.s) = DCD6
Symbol: SAVY (cubix.s) = DCD8
Symbol: SDC1 (cubix.s) = F14E
Symbol: SDC2 (cubix.s) = F155
Symbol: SDCMD (cubix.s) = F13F
Symbol: SDRIVE (cubix.s) = DCEB
Symbol: SDTAB (cubix.s) = F41A
Symbol: SEC (cubix.s) = 0006
Symbol: SEC1 (cubix.s) = EAC0
Symbol: SEC2 (cubix.s) = EACA
Symbol: SECTOR (cubix.s) = EAB2
Symbol: SEEK1 (cubix.s) = E9C4
Symbol: SEEK2 (cubix.s) = E9E4
Symbol: SEEK3 (cubix.s) = E9F7
Symbol: SEEKABS (cubix.s) = E9AF
Symbol: SEEKREL (cubix.s) = E9B2
Symbol: SELDRV (cubix.s) = F669
Symbol: SERIALINIT (cubix.s) = F95A
Symbol: SET (cubix.s) = EFF3
Symbol: SET0 (cubix.s) = F004
Symbol: SET1 (cubix.s) = F013
Symbol: SET2 (cubix.s) = F032
Symbol: SET3 (cubix.s) = F088
Symbol: SET4 (cubix.s) = F0C0
Symbol: SET5 (cubix.s) = F0D4
Symbol: SET_PPI_RD (cubix.s) = FBB4
Symbol: SET_PPI_WR (cubix.s) = FBC2
Symbol: SETADR (cubix.s) = F3B6
Symbol: SETCMD (cubix.s) = F01E
Symbol: SETDEF (cubix.s) = F00C
Symbol: SETF0 (cubix.s) = F038
Symbol: SETF1 (cubix.s) = F04F
Symbol: SETF2 (cubix.s) = F059
Symbol: SETFLG (cubix.s) = F10F
Symbol: SETIN (cubix.s) = F651
Symbol: SETOUT (cubix.s) = F65B
Symbol: SETTAB (cubix.s) = F373
Symbol: SETVAR (cubix.s) = F596
Symbol: SFTAB (cubix.s) = F3E2
Symbol: SH21 (cubix.s) = F1BE
Symbol: SH22 (cubix.s) = F1C6
Symbol: SH23 (cubix.s) = F1D3
Symbol: SHFLAG (cubix.s) = F27D
Symbol: SHOADR (cubix.s) = F3CC
Symbol: SHODRA (cubix.s) = F23C
Symbol: SHODRB (cubix.s) = F242
Symbol: SHODRV (cubix.s) = F203
Symbol: SHOFIL (cubix.s) = E6C3
Symbol: SHOME (cubix.s) = E6AB
Symbol: SHON1 (cubix.s) = E6DF
Symbol: SHONAM (cubix.s) = E6DD
Symbol: SHOOFF (cubix.s) = F293
Symbol: SHOSAV (cubix.s) = E6CA
Symbol: SHOT1 (cubix.s) = F24F
Symbol: SHOT2 (cubix.s) = F25A
Symbol: SHOT3 (cubix.s) = F263
Symbol: SHOT4 (cubix.s) = F266
Symbol: SHOTAB (cubix.s) = F24C
Symbol: SHOW (cubix.s) = F12B
Symbol: SHOW0 (cubix.s) = F137
Symbol: SHOW1 (cubix.s) = F13C
Symbol: SHOW2 (cubix.s) = F160
Symbol: SHOW3 (cubix.s) = F200
Symbol: SHOW4 (cubix.s) = F29B
Symbol: SHOW5 (cubix.s) = F26A
Symbol: SHOW6 (cubix.s) = F2F3
Symbol: SHRT (cubix.s) = E701
Symbol: SKIP (cubix.s) = E4CF
Symbol: SKRTS (cubix.s) = E4DB
Symbol: SPACE (cubix.s) = E585
Symbol: SPC1 (cubix.s) = E589
Symbol: SSR (cubix.s) = E00B
Symbol: SSRTAB (cubix.s) = F84E
Symbol: ST1 (cubix.s) = F0C3
Symbol: STACK (cubix.s) = DE00
Symbol: STFLAG (cubix.s) = F0FC
Symbol: SUSP1 (cubix.s) = EA64
Symbol: SUSP2 (cubix.s) = EA6F
Symbol: SUSPEND (cubix.s) = EA2C
Symbol: SVECT (cubix.s) = F679
Symbol: SWI (cubix.s) = F6E2
Symbol: SWI2 (cubix.s) = F6E6
Symbol: SWI2VEC (cubix.s) = DC98
Symbol: SWI3 (cubix.s) = F6EA
Symbol: SWI3VEC (cubix.s) = DC9A
Symbol: SWIVEC (cubix.s) = DC96
Symbol: SYSDIR (cubix.s) = DCAF
Symbol: SYSDRV (cubix.s) = DCAE
Symbol: TEMP (cubix.s) = DCCB
Symbol: TEMP1 (cubix.s) = DCCD
Symbol: TEMP2 (cubix.s) = DCCF
Symbol: TEMP3 (cubix.s) = DCD1
Symbol: TEMP4 (cubix.s) = DCD3
Symbol: TLOOK (cubix.s) = E4F8
Symbol: TLOOK1 (cubix.s) = E4FB
Symbol: TLOOK2 (cubix.s) = E50A
Symbol: TLOOK3 (cubix.s) = E527
Symbol: TLOOK4 (cubix.s) = E52C
Symbol: TLOOK5 (cubix.s) = E52E
Symbol: TLOOK6 (cubix.s) = E533
Symbol: TLOOKE (cubix.s) = F0B6
Symbol: TMPENT (cubix.s) = E1B5
Symbol: TOUPPER (cubix.s) = E4ED
Symbol: TRAC1 (cubix.s) = F4ED
Symbol: TRAC2 (cubix.s) = F4FA
Symbol: TRCFLG (cubix.s) = DCA4
Symbol: TRET (cubix.s) = E4EC
Symbol: TSTCHR (cubix.s) = E5C6
Symbol: TSTDE1 (cubix.s) = E5B6
Symbol: TSTDEV (cubix.s) = E5B4
Symbol: TSTE1 (cubix.s) = E4E8
Symbol: TSTERM (cubix.s) = E4DC
Symbol: TSTRET (cubix.s) = F542
Symbol: UART0 (cubix.s) = FE68
Symbol: UART1 (cubix.s) = FE69
Symbol: UART2 (cubix.s) = FE6A
Symbol: UART3 (cubix.s) = FE6B
Symbol: UART4 (cubix.s) = FE6C
Symbol: UART5 (cubix.s) = FE6D
Symbol: UART6 (cubix.s) = FE6E
Symbol: UART7 (cubix.s) = FE6F
Symbol: UNC1 (cubix.s) = EDC5
Symbol: UNCHAIN (cubix.s) = EDB1
Symbol: UNCMD (cubix.s) = F704
Symbol: USREND (cubix.s) = DFFF
Symbol: USRRAM (cubix.s) = 2000
Symbol: VALCHR (cubix.s) = E396
Symbol: VALID (cubix.s) = E34F
Symbol: VALTST (cubix.s) = E356
Symbol: WDISK (cubix.s) = EB05
Symbol: WPERM (cubix.s) = 0040
Symbol: WRB1 (cubix.s) = E94D
Symbol: WRC1 (cubix.s) = E90E
Symbol: WRDE1 (cubix.s) = E479
Symbol: WRDE2 (cubix.s) = E488
Symbol: WRDEC (cubix.s) = E471
Symbol: WRDEC8 (cubix.s) = E470
Symbol: WRDEV (cubix.s) = E594
Symbol: WRDEV1 (cubix.s) = E596
Symbol: WRHEX (cubix.s) = E54D
Symbol: WRHEXW (cubix.s) = E538
Symbol: WRITEB (cubix.s) = E925
Symbol: WRITEC (cubix.s) = E8FE
Symbol: WRKCHG (cubix.s) = DCDD
Symbol: WRKDRV (cubix.s) = DCDE
Symbol: WRKSEC (cubix.s) = DCDF
Symbol: WRKSPC (cubix.s) = DE00
Symbol: WRLIN (cubix.s) = E541
Symbol: WRMSG (cubix.s) = E571
Symbol: WRNULL (cubix.s) = F941
Symbol: WRSEC (cubix.s) = F6DE
Symbol: WRSER1 (cubix.s) = F95B
Symbol: WRST1 (cubix.s) = E569
Symbol: WRST2 (cubix.s) = E58B
Symbol: WRSTR (cubix.s) = E567
Symbol: WRTST (cubix.s) = E626
Symbol: WRWRK (cubix.s) = E62B
Symbol: WTRY1 (cubix.s) = EB0C
Symbol: WTRY2 (cubix.s) = EB10
Symbol: XFORMAT (cubix.s) = DC94
Symbol: XHOME (cubix.s) = DC8E
Symbol: XRDSEC (cubix.s) = DC90
Symbol: XWRSEC (cubix.s) = DC92
Symbol: ZERORC (cubix.s) = E306
