Symbol: ATRTAB (cubix.s) = F08D
Symbol: BADCMD (cubix.s) = E254
Symbol: BADDEV (cubix.s) = E5B4
Symbol: BADOP1 (cubix.s) = E3F3
Symbol: BADOP2 (cubix.s) = E396
Symbol: BADOP3 (cubix.s) = F082
Symbol: BADOPM (cubix.s) = F72E
Symbol: BADOPR (cubix.s) = E2B8
Symbol: BANKED_DRIVER_DISPATCHER (cubix.s) = 8800
Symbol: BEG1 (cubix.s) = E10F
Symbol: BEGIN (cubix.s) = E108
Symbol: BLOAD (cubix.s) = EE49
Symbol: BRET (cubix.s) = E359
Symbol: BSAVE (cubix.s) = EE7E
Symbol: CALFRE (cubix.s) = F346
Symbol: CEND (cubix.s) = E340
Symbol: CEXI (cubix.s) = F567
Symbol: CEXIT (cubix.s) = F556
Symbol: CHAIN (cubix.s) = F5B8
Symbol: CHGDRV (cubix.s) = F0A8
Symbol: CHGWRK (cubix.s) = E7A1
Symbol: CLO0 (cubix.s) = E985
Symbol: CLO1 (cubix.s) = E989
Symbol: CLO2 (cubix.s) = E998
Symbol: CLO3 (cubix.s) = E99C
Symbol: CLO4 (cubix.s) = E9B1
Symbol: CLOC1 (cubix.s) = E8DB
Symbol: CLOC2 (cubix.s) = E8E2
Symbol: CLOSE (cubix.s) = E970
Symbol: CLRFLG (cubix.s) = F122
Symbol: CMD (cubix.s) = E18D
Symbol: CMDADR (cubix.s) = F847
Symbol: CMDBUF (cubix.s) = DCF5
Symbol: CMDC1 (cubix.s) = F5F2
Symbol: CMDC2 (cubix.s) = F5FC
Symbol: CMDC3 (cubix.s) = F606
Symbol: CMDC4 (cubix.s) = F60A
Symbol: CMDC5 (cubix.s) = F614
Symbol: CMDC6 (cubix.s) = F615
Symbol: CMDCMP (cubix.s) = F5E7
Symbol: CMDDRV (cubix.s) = DCE9
Symbol: CMDEOF (cubix.s) = F464
Symbol: CMDEX (cubix.s) = F472
Symbol: CMDGO (cubix.s) = E1BD
Symbol: CMDIN (cubix.s) = F598
Symbol: CMDKEY (cubix.s) = F5DB
Symbol: CMDNAM (cubix.s) = F7F1
Symbol: CMDOFF (cubix.s) = DCEC
Symbol: CMDRC (cubix.s) = DCF0
Symbol: CMDRET (cubix.s) = F57E
Symbol: CMDRT0 (cubix.s) = F581
Symbol: CMDRT1 (cubix.s) = F595
Symbol: CMDRT2 (cubix.s) = F618
Symbol: CMDSEC (cubix.s) = DCEA
Symbol: CMDSKP (cubix.s) = F5C4
Symbol: CMDSTK (cubix.s) = DCEE
Symbol: CMPR (cubix.s) = F51E
Symbol: CMPR1 (cubix.s) = F52B
Symbol: CNC1 (cubix.s) = EFE2
Symbol: CNC2 (cubix.s) = EFF3
Symbol: CNCT (cubix.s) = EFDC
Symbol: COMFIL (cubix.s) = F46D
Symbol: COMGO (cubix.s) = F482
Symbol: COMNAM (cubix.s) = E323
Symbol: COMX (cubix.s) = E342
Symbol: CONIN (cubix.s) = DC6C
Symbol: CONOUT (cubix.s) = DC6D
Symbol: CONSOLEDEVICE (cubix.s) = 0100
Symbol: CPYHOSTBUF (cubix.s) = F998
Symbol: CRD1 (cubix.s) = ED22
Symbol: CRD2 (cubix.s) = ED28
Symbol: CRE1 (cubix.s) = E739
Symbol: CRE2 (cubix.s) = E741
Symbol: CRE3 (cubix.s) = E746
Symbol: CRE5 (cubix.s) = E772
Symbol: CRE6 (cubix.s) = E77C
Symbol: CRE7 (cubix.s) = E784
Symbol: CREAD (cubix.s) = ED07
Symbol: CREATE (cubix.s) = E724
Symbol: CREF1 (cubix.s) = ED9F
Symbol: CREFIL (cubix.s) = ED8B
Symbol: CSIZE (cubix.s) = 0007
Symbol: CSRC (cubix.s) = F546
Symbol: CURRENTCYL (cubix.s) = 01F9
Symbol: CURRENTDEVICE (cubix.s) = 01FB
Symbol: CURRENTHEAD (cubix.s) = 01F8
Symbol: CURRENTSEC (cubix.s) = 01FA
Symbol: CURRENTSLICE (cubix.s) = 01FC
Symbol: CURSIZ (cubix.s) = E712
Symbol: CWR1 (cubix.s) = ED52
Symbol: CWR2 (cubix.s) = ED58
Symbol: CWRITE (cubix.s) = ED37
Symbol: CYL (cubix.s) = 0004
Symbol: DATTR (cubix.s) = 0017
Symbol: DBGFLG (cubix.s) = DCA3
Symbol: DBGSSR (cubix.s) = E040
Symbol: DCTRL (cubix.s) = DC50
Symbol: DDADR (cubix.s) = 0013
Symbol: DECDIG (cubix.s) = E460
Symbol: DECODEDRIVE (cubix.s) = F9D9
Symbol: DEFATR (cubix.s) = 00F0
Symbol: DEFDIR (cubix.s) = DCA6
Symbol: DEFDRV (cubix.s) = DCA5
Symbol: DELETE (cubix.s) = EDA5
Symbol: DELFIL (cubix.s) = EDA2
Symbol: DETAB (cubix.s) = EBA8
Symbol: DEVMSG (cubix.s) = F7CC
Symbol: DFORMAT (cubix.s) = F980
Symbol: DHOME (cubix.s) = F981
Symbol: DIGOK (cubix.s) = E439
Symbol: DIRSEC (cubix.s) = 0000
Symbol: DISDIR (cubix.s) = E6B6
Symbol: DISF1 (cubix.s) = F357
Symbol: DISF2 (cubix.s) = F35D
Symbol: DISF3 (cubix.s) = F368
Symbol: DISF4 (cubix.s) = F379
Symbol: DISKERROR (cubix.s) = 01F7
Symbol: DISP8 (cubix.s) = E705
Symbol: DISPX (cubix.s) = E707
Symbol: dist (cubix.s) = 0001
Symbol: DITAB (cubix.s) = DC6E
Symbol: DIV1 (cubix.s) = F6C6
Symbol: DIV16 (cubix.s) = F6BE
Symbol: DIV2 (cubix.s) = F6C8
Symbol: DIV3 (cubix.s) = F6DD
Symbol: DMPREG (cubix.s) = E08A
Symbol: DMPREG1 (cubix.s) = E08D
Symbol: DNAME (cubix.s) = 0008
Symbol: DNL0 (cubix.s) = EF21
Symbol: DNL1 (cubix.s) = EF59
Symbol: DNL2 (cubix.s) = EF6C
Symbol: DNL3 (cubix.s) = EF97
Symbol: DNL4 (cubix.s) = EFC8
Symbol: DNLD (cubix.s) = EF0E
Symbol: DNLDEV (cubix.s) = EF56
Symbol: DNLEND (cubix.s) = EF3B
Symbol: DNLMSG (cubix.s) = F7DB
Symbol: DNLRTS (cubix.s) = EF0C
Symbol: DOINIT (cubix.s) = E004
Symbol: DOSKCM (cubix.s) = E1C6
Symbol: DOTAB (cubix.s) = DC7E
Symbol: DPERM (cubix.s) = 0010
Symbol: DPREFIX (cubix.s) = 0000
Symbol: DRADR (cubix.s) = 0015
Symbol: DRDSEC (cubix.s) = F982
Symbol: DRIVE (cubix.s) = 0000
Symbol: DRIVEMAP (cubix.s) = DCB7
Symbol: DRVSIZ (cubix.s) = E715
Symbol: DSHFT (cubix.s) = E441
Symbol: DSKY_BUF (cubix.s) = 01EA
Symbol: DSKY_HEXBUF (cubix.s) = 01F3
Symbol: DTYPE (cubix.s) = 0010
Symbol: DWRSEC (cubix.s) = F9AF
Symbol: EOF (cubix.s) = E8BE
Symbol: EPERM (cubix.s) = 0020
Symbol: ERRCNT (cubix.s) = DCF4
Symbol: ERRM1 (cubix.s) = E2D0
Symbol: ERRM2 (cubix.s) = E2D5
Symbol: ERRM3 (cubix.s) = E2E6
Symbol: ERRM4 (cubix.s) = E2EB
Symbol: ERRMRC (cubix.s) = E2BD
Symbol: ERRRET (cubix.s) = E2F8
Symbol: EX1 (cubix.s) = F2B5
Symbol: EX2 (cubix.s) = F2BA
Symbol: EX3 (cubix.s) = F2C1
Symbol: EX4 (cubix.s) = F2C8
Symbol: EX5 (cubix.s) = F2D5
Symbol: EX6 (cubix.s) = F2DF
Symbol: EX7 (cubix.s) = F2E9
Symbol: EX8 (cubix.s) = F2EB
Symbol: EX9 (cubix.s) = F2FE
Symbol: EXDCOM (cubix.s) = F56A
Symbol: EXE (cubix.s) = E224
Symbol: EXE1 (cubix.s) = E23C
Symbol: EXE2 (cubix.s) = E23F
Symbol: EXE3 (cubix.s) = E25B
Symbol: EXE4 (cubix.s) = E27C
Symbol: EXE5 (cubix.s) = E288
Symbol: EXECMD (cubix.s) = E1CD
Symbol: EXIMSG (cubix.s) = F758
Symbol: farpointer (cubix.s) = 01FE
Symbol: FDRIVE (cubix.s) = DCBF
Symbol: FEXISTS (cubix.s) = E730
Symbol: FIL1 (cubix.s) = ED6C
Symbol: FIL2 (cubix.s) = ED88
Symbol: FILERR (cubix.s) = E663
Symbol: FILES (cubix.s) = ED67
Symbol: FILFND (cubix.s) = E6B5
Symbol: FIRQ (cubix.s) = F707
Symbol: FIRQVEC (cubix.s) = DC9E
Symbol: FNAME (cubix.s) = DCC8
Symbol: FNDF1 (cubix.s) = E7E1
Symbol: FNDF2 (cubix.s) = E7EA
Symbol: FNDF3 (cubix.s) = E7EC
Symbol: FNDFRE (cubix.s) = E7DB
Symbol: FNDLNK (cubix.s) = E5DF
Symbol: FORMAT (cubix.s) = F6E1
Symbol: FRES1 (cubix.s) = E7CA
Symbol: FRES2 (cubix.s) = E7CC
Symbol: FRESEC (cubix.s) = E7AA
Symbol: FTEL1 (cubix.s) = EA1A
Symbol: FTEL2 (cubix.s) = EA28
Symbol: FTELL (cubix.s) = EA0D
Symbol: FTYPE (cubix.s) = DCD0
Symbol: GETA1 (cubix.s) = F071
Symbol: GETA2 (cubix.s) = F07B
Symbol: GETA3 (cubix.s) = F085
Symbol: GETA4 (cubix.s) = F08B
Symbol: GETATR (cubix.s) = F06E
Symbol: GETBYT (cubix.s) = EFBC
Symbol: GETCHR (cubix.s) = E5DA
Symbol: GETCTL (cubix.s) = EB06
Symbol: GETCTL1 (cubix.s) = EB09
Symbol: GETD1 (cubix.s) = E3C8
Symbol: GETD2 (cubix.s) = E3D1
Symbol: GETD3 (cubix.s) = E3E7
Symbol: GETD4 (cubix.s) = E3F6
Symbol: GETD5 (cubix.s) = E3FD
Symbol: GETDEC (cubix.s) = E456
Symbol: GETDEV (cubix.s) = F0FC
Symbol: GETDIR (cubix.s) = E3B0
Symbol: GETDIR1 (cubix.s) = E3B3
Symbol: GETDRV (cubix.s) = E3FF
Symbol: GETDRV1 (cubix.s) = E402
Symbol: GETDRVPTBL (cubix.s) = F69A
Symbol: GETDRVTBL (cubix.s) = F696
Symbol: GETDV (cubix.s) = E45D
Symbol: GETHEX (cubix.s) = E41C
Symbol: GETHV (cubix.s) = E421
Symbol: GETL1 (cubix.s) = E424
Symbol: GETN1 (cubix.s) = EFDB
Symbol: GETNAM (cubix.s) = E377
Symbol: GETNIB (cubix.s) = EFC9
Symbol: GETNUM (cubix.s) = E411
Symbol: GETSDI (cubix.s) = E31D
Symbol: GETSN0 (cubix.s) = E299
Symbol: GETSN1 (cubix.s) = E2A0
Symbol: GETSN2 (cubix.s) = E2AE
Symbol: GETSNA (cubix.s) = E296
Symbol: GETSYS (cubix.s) = E31A
Symbol: GETVAL (cubix.s) = E370
Symbol: GF1 (cubix.s) = E37B
Symbol: GF2 (cubix.s) = E38C
Symbol: GF3 (cubix.s) = E399
Symbol: GFNAM (cubix.s) = E379
Symbol: GFTYP (cubix.s) = E388
Symbol: GLFCR (cubix.s) = E4A2
Symbol: GLINE (cubix.s) = E4A5
Symbol: GLINE1 (cubix.s) = E4AE
Symbol: GLINE2 (cubix.s) = E4BF
Symbol: GLINE3 (cubix.s) = E4CA
Symbol: GLNOP (cubix.s) = E4AA
Symbol: GOCMD (cubix.s) = F50A
Symbol: GOFLG (cubix.s) = F125
Symbol: GOPAD (cubix.s) = E2AB
Symbol: GRTS (cubix.s) = E5FB
Symbol: HDE (cubix.s) = EB37
Symbol: HDE1 (cubix.s) = EB54
Symbol: HDE2 (cubix.s) = EB8E
Symbol: HDE3 (cubix.s) = EB93
Symbol: HDE4 (cubix.s) = EB9D
Symbol: HEAD (cubix.s) = 0005
Symbol: HELLO (cubix.s) = E11F
Symbol: HEXEND (cubix.s) = E451
Symbol: HOME (cubix.s) = F6E5
Symbol: HOUT (cubix.s) = E568
Symbol: HSTBUF (cubix.s) = 0300
Symbol: HWIN1 (cubix.s) = F94A
Symbol: HWINIT (cubix.s) = F945
Symbol: IGNORE (cubix.s) = FF00
Symbol: INBUFF (cubix.s) = DC00
Symbol: INI00 (cubix.s) = EC10
Symbol: INI01 (cubix.s) = EC2A
Symbol: INI02 (cubix.s) = EC32
Symbol: INI1 (cubix.s) = EC3D
Symbol: INI10 (cubix.s) = ECF9
Symbol: INI2 (cubix.s) = EC8E
Symbol: INI3 (cubix.s) = ECAC
Symbol: INI4 (cubix.s) = ECB9
Symbol: INI5 (cubix.s) = ECC6
Symbol: INI6 (cubix.s) = ECD0
Symbol: INI7 (cubix.s) = ECDC
Symbol: INI8 (cubix.s) = ECE6
Symbol: INI9 (cubix.s) = ECED
Symbol: INIT (cubix.s) = EBFE
Symbol: INITAB (cubix.s) = F408
Symbol: INVSSR (cubix.s) = E05E
Symbol: IOTAB (cubix.s) = F456
Symbol: IPLFILE (cubix.s) = F70F
Symbol: IRAM (cubix.s) = DC50
Symbol: IRQ (cubix.s) = F703
Symbol: IRQVEC (cubix.s) = DC9C
Symbol: LCHAIN (cubix.s) = EE6D
Symbol: LFCR (cubix.s) = E588
Symbol: LNKSEC (cubix.s) = 0001
Symbol: LOCCR (cubix.s) = F5D1
Symbol: LOCDIR (cubix.s) = E692
Symbol: LOCERR (cubix.s) = E659
Symbol: LOCFIL (cubix.s) = E69E
Symbol: LOCLP (cubix.s) = F5CD
Symbol: LOCRED (cubix.s) = E8A3
Symbol: LOCSEC (cubix.s) = E69B
Symbol: LOCWRI (cubix.s) = E8D1
Symbol: LODERR (cubix.s) = EFAE
Symbol: LODF1 (cubix.s) = EE6B
Symbol: LODFIL (cubix.s) = EE55
Symbol: MBASE (cubix.s) = E002
Symbol: md_pagecode (cubix.s) = FA13
Symbol: MD_PAGERA (cubix.s) = 0200
Symbol: MOVD1 (cubix.s) = F036
Symbol: MOVDIR (cubix.s) = F030
Symbol: MPCL_RAM (cubix.s) = 0578
Symbol: MPCL_ROM (cubix.s) = 057C
Symbol: MSGFLG (cubix.s) = DCA2
Symbol: MUL16 (cubix.s) = F69E
Symbol: MULD1 (cubix.s) = EDDC
Symbol: MULD2 (cubix.s) = EDDF
Symbol: MULD3 (cubix.s) = EE38
Symbol: MULD4 (cubix.s) = EE48
Symbol: MULD5 (cubix.s) = EDFE
Symbol: MULDEL (cubix.s) = EDD9
Symbol: NAMGET (cubix.s) = E29E
Symbol: NCYL (cubix.s) = 0001
Symbol: NDEV (cubix.s) = 0008
Symbol: NDSK (cubix.s) = 0004
Symbol: NEWLIN (cubix.s) = F4AB
Symbol: NHEAD (cubix.s) = 0002
Symbol: nhyodyne (cubix.s) = 0001
Symbol: NMI (cubix.s) = F70B
Symbol: NMIVEC (cubix.s) = DCA0
Symbol: NOEMSG (cubix.s) = E2F6
Symbol: NOFMSG (cubix.s) = E68B
Symbol: NOMAC (cubix.s) = F4E4
Symbol: NOSHO (cubix.s) = E6BD
Symbol: NOSMSG (cubix.s) = F76C
Symbol: NOSPAC (cubix.s) = E7D3
Symbol: NOSUSP (cubix.s) = EEF0
Symbol: NOTFND (cubix.s) = E65D
Symbol: NOTMSG (cubix.s) = F749
Symbol: NOTNUL (cubix.s) = E330
Symbol: NSEC (cubix.s) = 0003
Symbol: NULCMD (cubix.s) = E1F6
Symbol: NUMCMD (cubix.s) = 000E
Symbol: NUMFLG (cubix.s) = 0003
Symbol: NUMSSR (cubix.s) = 0071
Symbol: ODRIVE (cubix.s) = 0001
Symbol: OFIRST (cubix.s) = 0002
Symbol: OKRET (cubix.s) = EE7D
Symbol: OLDSTK (cubix.s) = DCF1
Symbol: OLSTSEC (cubix.s) = 0006
Symbol: OOFFSET (cubix.s) = 0008
Symbol: OOTAB (cubix.s) = F44E
Symbol: OPENR (cubix.s) = E80C
Symbol: OPENW (cubix.s) = E8E8
Symbol: OREMSG (cubix.s) = F783
Symbol: ORERR (cubix.s) = E8B6
Symbol: OSECTOR (cubix.s) = 0004
Symbol: OSIZ (cubix.s) = 000A
Symbol: OTYPE (cubix.s) = 0000
Symbol: OWEMSG (cubix.s) = F79A
Symbol: OWERR (cubix.s) = E92A
Symbol: PAD (cubix.s) = E3A9
Symbol: PAGER_D (cubix.s) = 02F8
Symbol: PAGER_INIT (cubix.s) = FA00
Symbol: PAGER_S (cubix.s) = 02FE
Symbol: PAGER_STACK (cubix.s) = 02F5
Symbol: PAGER_U (cubix.s) = 02F6
Symbol: PAGER_X (cubix.s) = 02FA
Symbol: PAGER_Y (cubix.s) = 02FC
Symbol: PAR1 (cubix.s) = F4CE
Symbol: PAR2 (cubix.s) = F4D4
Symbol: PAR3 (cubix.s) = F4DB
Symbol: PAROK (cubix.s) = F4C8
Symbol: PREFIX (cubix.s) = DCC0
Symbol: PROERR (cubix.s) = E8AD
Symbol: PROMSG (cubix.s) = F7B2
Symbol: PURGE (cubix.s) = E623
Symbol: PURGE1 (cubix.s) = E625
Symbol: PUTCHR (cubix.s) = E59A
Symbol: QVECT (cubix.s) = F67C
Symbol: RAM (cubix.s) = DC00
Symbol: RCBOP (cubix.s) = 0001
Symbol: RCC1 (cubix.s) = F626
Symbol: RCC2 (cubix.s) = F639
Symbol: RCC3 (cubix.s) = F652
Symbol: RCCHR (cubix.s) = F61B
Symbol: RCCMD (cubix.s) = 00FF
Symbol: RCDEV (cubix.s) = 000A
Symbol: RCDNL (cubix.s) = 000B
Symbol: RCDSK (cubix.s) = 0009
Symbol: RCEOF (cubix.s) = 0006
Symbol: RCEXI (cubix.s) = 0007
Symbol: RCNOS (cubix.s) = 0008
Symbol: RCNOTF (cubix.s) = 0002
Symbol: RCOND (cubix.s) = F534
Symbol: RCORE (cubix.s) = 0004
Symbol: RCOWE (cubix.s) = 0005
Symbol: RCPRO (cubix.s) = 0003
Symbol: RCRET (cubix.s) = E199
Symbol: RDDEV (cubix.s) = E5BC
Symbol: RDDLC (cubix.s) = EFB6
Symbol: RDISK (cubix.s) = EADF
Symbol: RDNULL (cubix.s) = F97D
Symbol: RDONE (cubix.s) = EB04
Symbol: RDSEC (cubix.s) = F6EF
Symbol: RDSER (cubix.s) = F96E
Symbol: RDW1 (cubix.s) = E611
Symbol: RDWRK (cubix.s) = E5FC
Symbol: READB (cubix.s) = E879
Symbol: READC (cubix.s) = E82E
Symbol: REC1 (cubix.s) = E84D
Symbol: REC2 (cubix.s) = E867
Symbol: REDCHR (cubix.s) = F4AE
Symbol: REDIN (cubix.s) = F654
Symbol: REDOUT (cubix.s) = F659
Symbol: REENT (cubix.s) = E1AC
Symbol: REEXG (cubix.s) = F670
Symbol: RESTAB (cubix.s) = FF01
Symbol: RESU1 (cubix.s) = EAA7
Symbol: RESU2 (cubix.s) = EAAC
Symbol: RESU3 (cubix.s) = EAB7
Symbol: RESUME (cubix.s) = EA8B
Symbol: RETNZ (cubix.s) = E36D
Symbol: RETURN (cubix.s) = EEE7
Symbol: RETZ (cubix.s) = F679
Symbol: RETZ1 (cubix.s) = F692
Symbol: REWIND (cubix.s) = E8C3
Symbol: RISIZ (cubix.s) = 006F
Symbol: RITAB (cubix.s) = FF09
Symbol: RNXT (cubix.s) = E350
Symbol: RNXT1 (cubix.s) = E352
Symbol: ROM (cubix.s) = E000
Symbol: ROMCHK (cubix.s) = E000
Symbol: RPERM (cubix.s) = 0080
Symbol: RRTS (cubix.s) = E621
Symbol: RSUCC (cubix.s) = F53F
Symbol: RTRY1 (cubix.s) = EAE6
Symbol: RTRY2 (cubix.s) = EAEA
Symbol: RUN (cubix.s) = E1F7
Symbol: RUN1 (cubix.s) = E1FA
Symbol: RUN2 (cubix.s) = E205
Symbol: SAVB (cubix.s) = DCDD
Symbol: SAVDRV (cubix.s) = DCE2
Symbol: SAVF1 (cubix.s) = EE95
Symbol: SAVF2 (cubix.s) = EEA2
Symbol: SAVF3 (cubix.s) = EED3
Symbol: SAVFIL (cubix.s) = EE86
Symbol: SAVP1 (cubix.s) = F5AC
Symbol: SAVP2 (cubix.s) = F5B6
Symbol: SAVPRM (cubix.s) = F5A7
Symbol: SAVSTK (cubix.s) = DCE3
Symbol: SAVX (cubix.s) = DCDE
Symbol: SAVY (cubix.s) = DCE0
Symbol: SDC1 (cubix.s) = F15B
Symbol: SDC2 (cubix.s) = F162
Symbol: SDCMD (cubix.s) = F14C
Symbol: SDRIVE (cubix.s) = DCF3
Symbol: SDTAB (cubix.s) = F427
Symbol: SEC (cubix.s) = 0006
Symbol: SEC1 (cubix.s) = EACD
Symbol: SEC2 (cubix.s) = EAD7
Symbol: SECTOR (cubix.s) = EABF
Symbol: SEEK1 (cubix.s) = E9D1
Symbol: SEEK2 (cubix.s) = E9F1
Symbol: SEEK3 (cubix.s) = EA04
Symbol: SEEKABS (cubix.s) = E9BC
Symbol: SEEKREL (cubix.s) = E9BF
Symbol: SELDRV (cubix.s) = F676
Symbol: SET (cubix.s) = F000
Symbol: SET0 (cubix.s) = F011
Symbol: SET1 (cubix.s) = F020
Symbol: SET2 (cubix.s) = F03F
Symbol: SET3 (cubix.s) = F095
Symbol: SET4 (cubix.s) = F0CD
Symbol: SET5 (cubix.s) = F0E1
Symbol: SETADR (cubix.s) = F3C3
Symbol: SETCMD (cubix.s) = F02B
Symbol: SETDEF (cubix.s) = F019
Symbol: SETF0 (cubix.s) = F045
Symbol: SETF1 (cubix.s) = F05C
Symbol: SETF2 (cubix.s) = F066
Symbol: SETFLG (cubix.s) = F11C
Symbol: SETIN (cubix.s) = F65E
Symbol: SETOUT (cubix.s) = F668
Symbol: SETTAB (cubix.s) = F380
Symbol: SETVAR (cubix.s) = F5A3
Symbol: SFTAB (cubix.s) = F3EF
Symbol: SH21 (cubix.s) = F1CB
Symbol: SH22 (cubix.s) = F1D3
Symbol: SH23 (cubix.s) = F1E0
Symbol: SHFLAG (cubix.s) = F28A
Symbol: SHOADR (cubix.s) = F3D9
Symbol: SHODRA (cubix.s) = F249
Symbol: SHODRB (cubix.s) = F24F
Symbol: SHODRV (cubix.s) = F210
Symbol: SHOFIL (cubix.s) = E6D0
Symbol: SHOME (cubix.s) = E6B8
Symbol: SHON1 (cubix.s) = E6EC
Symbol: SHONAM (cubix.s) = E6EA
Symbol: SHOOFF (cubix.s) = F2A0
Symbol: SHOSAV (cubix.s) = E6D7
Symbol: SHOT1 (cubix.s) = F25C
Symbol: SHOT2 (cubix.s) = F267
Symbol: SHOT3 (cubix.s) = F270
Symbol: SHOT4 (cubix.s) = F273
Symbol: SHOTAB (cubix.s) = F259
Symbol: SHOW (cubix.s) = F138
Symbol: SHOW0 (cubix.s) = F144
Symbol: SHOW1 (cubix.s) = F149
Symbol: SHOW2 (cubix.s) = F16D
Symbol: SHOW3 (cubix.s) = F20D
Symbol: SHOW4 (cubix.s) = F2A8
Symbol: SHOW5 (cubix.s) = F277
Symbol: SHOW6 (cubix.s) = F300
Symbol: SHRT (cubix.s) = E70E
Symbol: SKIP (cubix.s) = E4DC
Symbol: SKRTS (cubix.s) = E4E8
Symbol: SPACE (cubix.s) = E592
Symbol: SPC1 (cubix.s) = E596
Symbol: SSR (cubix.s) = E00B
Symbol: SSRTAB (cubix.s) = F863
Symbol: ST1 (cubix.s) = F0D0
Symbol: STACK (cubix.s) = DE00
Symbol: STFLAG (cubix.s) = F109
Symbol: SUSP1 (cubix.s) = EA71
Symbol: SUSP2 (cubix.s) = EA7C
Symbol: SUSPEND (cubix.s) = EA39
Symbol: SVECT (cubix.s) = F686
Symbol: SWI (cubix.s) = F6F7
Symbol: SWI2 (cubix.s) = F6FB
Symbol: SWI2VEC (cubix.s) = DC98
Symbol: SWI3 (cubix.s) = F6FF
Symbol: SWI3VEC (cubix.s) = DC9A
Symbol: SWIVEC (cubix.s) = DC96
Symbol: SYSDIR (cubix.s) = DCAF
Symbol: SYSDRV (cubix.s) = DCAE
Symbol: TEMP (cubix.s) = DCD3
Symbol: TEMP1 (cubix.s) = DCD5
Symbol: TEMP2 (cubix.s) = DCD7
Symbol: TEMP3 (cubix.s) = DCD9
Symbol: TEMP4 (cubix.s) = DCDB
Symbol: TLOOK (cubix.s) = E505
Symbol: TLOOK1 (cubix.s) = E508
Symbol: TLOOK2 (cubix.s) = E517
Symbol: TLOOK3 (cubix.s) = E534
Symbol: TLOOK4 (cubix.s) = E539
Symbol: TLOOK5 (cubix.s) = E53B
Symbol: TLOOK6 (cubix.s) = E540
Symbol: TLOOKE (cubix.s) = F0C3
Symbol: TMPENT (cubix.s) = E1C2
Symbol: TOUPPER (cubix.s) = E4FA
Symbol: TRAC1 (cubix.s) = F4FA
Symbol: TRAC2 (cubix.s) = F507
Symbol: TRCFLG (cubix.s) = DCA4
Symbol: TRET (cubix.s) = E4F9
Symbol: TSTCHR (cubix.s) = E5D3
Symbol: TSTDE1 (cubix.s) = E5C3
Symbol: TSTDEV (cubix.s) = E5C1
Symbol: TSTE1 (cubix.s) = E4F5
Symbol: TSTERM (cubix.s) = E4E9
Symbol: TSTRET (cubix.s) = F54F
Symbol: UNC1 (cubix.s) = EDD2
Symbol: UNCHAIN (cubix.s) = EDBE
Symbol: UNCMD (cubix.s) = F719
Symbol: USREND (cubix.s) = DFFF
Symbol: USRRAM (cubix.s) = 2000
Symbol: VALCHR (cubix.s) = E3A3
Symbol: VALID (cubix.s) = E35C
Symbol: VALTST (cubix.s) = E363
Symbol: WDISK (cubix.s) = EB12
Symbol: WPERM (cubix.s) = 0040
Symbol: WRB1 (cubix.s) = E95A
Symbol: WRC1 (cubix.s) = E91B
Symbol: WRDE1 (cubix.s) = E486
Symbol: WRDE2 (cubix.s) = E495
Symbol: WRDEC (cubix.s) = E47E
Symbol: WRDEC8 (cubix.s) = E47D
Symbol: WRDEV (cubix.s) = E5A1
Symbol: WRDEV1 (cubix.s) = E5A3
Symbol: WRHEX (cubix.s) = E55A
Symbol: WRHEXW (cubix.s) = E545
Symbol: WRITEB (cubix.s) = E932
Symbol: WRITEC (cubix.s) = E90B
Symbol: WRKCHG (cubix.s) = DCE5
Symbol: WRKDRV (cubix.s) = DCE6
Symbol: WRKSEC (cubix.s) = DCE7
Symbol: WRKSPC (cubix.s) = DE00
Symbol: WRLIN (cubix.s) = E54E
Symbol: WRMSG (cubix.s) = E57E
Symbol: WRNULL (cubix.s) = F97F
Symbol: WRSEC (cubix.s) = F6F3
Symbol: WRSER (cubix.s) = F969
Symbol: WRST1 (cubix.s) = E576
Symbol: WRST2 (cubix.s) = E598
Symbol: WRSTR (cubix.s) = E574
Symbol: WRTST (cubix.s) = E633
Symbol: WRWRK (cubix.s) = E638
Symbol: WTRY1 (cubix.s) = EB19
Symbol: WTRY2 (cubix.s) = EB1D
Symbol: XFORMAT (cubix.s) = DC94
Symbol: XHOME (cubix.s) = DC8E
Symbol: XRDSEC (cubix.s) = DC90
Symbol: XWRSEC (cubix.s) = DC92
Symbol: ZERORC (cubix.s) = E313
