Symbol: BANKED_DRIVER_DISPATCHER (cubixdrv.s) = C100
Symbol: BD_MAPSTDEND (cubixdrv.s) = C7F3
Symbol: CONSOLEDEVICE (cubixdrv.s) = 0100
Symbol: CUBIX_IO_BASE (cubixdrv.s) = 1000
Symbol: CURRENTCYL (cubixdrv.s) = 0106
Symbol: CURRENTDEVICE (cubixdrv.s) = 0104
Symbol: CURRENTHEAD (cubixdrv.s) = 0108
Symbol: CURRENTSEC (cubixdrv.s) = 0107
Symbol: CURRENTSLICE (cubixdrv.s) = 0105
Symbol: DELAY (cubixdrv.s) = C712
Symbol: DISKERROR (cubixdrv.s) = 0103
Symbol: DISPATCHTABLE (cubixdrv.s) = C113
Symbol: drv_noop (cubixdrv.s) = C8C6
Symbol: farpointer (cubixdrv.s) = 0101
Symbol: FUNCTION_DISPATCHER (cubixdrv.s) = C100
Symbol: HOUT (cubixdrv.s) = C901
Symbol: HSTBUF (cubixdrv.s) = 0200
Symbol: IDE_ABORT (cubixdrv.s) = C1D9
Symbol: IDE_INITA (cubixdrv.s) = C1FB
Symbol: IDE_PRINT_INFO (cubixdrv.s) = C1E2
Symbol: IDE_READ_BUFFER (cubixdrv.s) = C33D
Symbol: IDE_READ_INFO (cubixdrv.s) = C243
Symbol: IDE_READ_INFO_ABORT (cubixdrv.s) = C296
Symbol: IDE_READ_INFO_OK (cubixdrv.s) = C2A2
Symbol: IDE_READ_SECTOR (cubixdrv.s) = C2A8
Symbol: IDE_READ_SECTOR_1 (cubixdrv.s) = C2AD
Symbol: IDE_READ_SECTOR_ERROR (cubixdrv.s) = C2C2
Symbol: IDE_SETUP_LBA (cubixdrv.s) = C3B8
Symbol: IDE_WAIT_DRQ (cubixdrv.s) = C311
Symbol: IDE_WAIT_DRQ1 (cubixdrv.s) = C31B
Symbol: IDE_WAIT_DRQ2 (cubixdrv.s) = C339
Symbol: IDE_WAIT_DRQ3 (cubixdrv.s) = C33B
Symbol: IDE_WAIT_DRQE (cubixdrv.s) = C334
Symbol: IDE_WAIT_NOT_BUSY (cubixdrv.s) = C2ED
Symbol: IDE_WAIT_NOT_BUSY1 (cubixdrv.s) = C2F7
Symbol: IDE_WAIT_NOT_BUSY2 (cubixdrv.s) = C30D
Symbol: IDE_WAIT_NOT_BUSY3 (cubixdrv.s) = C30F
Symbol: IDE_WRITE_BUFFER (cubixdrv.s) = C35A
Symbol: IDE_WRITE_SECTOR (cubixdrv.s) = C2C8
Symbol: IDE_WRITE_SECTOR_ERROR (cubixdrv.s) = C2E7
Symbol: IDEBUFRD (cubixdrv.s) = C341
Symbol: IDEBUFWT (cubixdrv.s) = C35E
Symbol: KBD_ALT (cubixdrv.s) = 0004
Symbol: KBD_BREAK (cubixdrv.s) = 0002
Symbol: KBD_CAPSLCK (cubixdrv.s) = 0040
Symbol: KBD_CMD (cubixdrv.s) = 13FF
Symbol: KBD_CTRL (cubixdrv.s) = 0002
Symbol: KBD_DAT (cubixdrv.s) = 13FE
Symbol: KBD_DEC0 (cubixdrv.s) = C52D
Symbol: KBD_DEC1 (cubixdrv.s) = C537
Symbol: KBD_DEC10 (cubixdrv.s) = C690
Symbol: KBD_DEC10A (cubixdrv.s) = C6A5
Symbol: KBD_DEC10B (cubixdrv.s) = C6B0
Symbol: KBD_DEC11 (cubixdrv.s) = C6B8
Symbol: KBD_DEC11A (cubixdrv.s) = C6DD
Symbol: KBD_DEC12 (cubixdrv.s) = C6F6
Symbol: KBD_DEC13 (cubixdrv.s) = C6FD
Symbol: KBD_DEC2 (cubixdrv.s) = C53F
Symbol: KBD_DEC3 (cubixdrv.s) = C555
Symbol: KBD_DEC3B (cubixdrv.s) = C564
Symbol: KBD_DEC3B1 (cubixdrv.s) = C570
Symbol: KBD_DEC4 (cubixdrv.s) = C57E
Symbol: KBD_DEC5 (cubixdrv.s) = C58D
Symbol: KBD_DEC5A (cubixdrv.s) = C59E
Symbol: KBD_DEC5B (cubixdrv.s) = C5B4
Symbol: KBD_DEC5C (cubixdrv.s) = C5BE
Symbol: KBD_DEC5D (cubixdrv.s) = C5D9
Symbol: KBD_DEC6 (cubixdrv.s) = C5E7
Symbol: KBD_DEC6A (cubixdrv.s) = C5FB
Symbol: KBD_DEC6B (cubixdrv.s) = C609
Symbol: KBD_DEC6C (cubixdrv.s) = C60F
Symbol: KBD_DEC6D (cubixdrv.s) = C615
Symbol: KBD_DEC6E (cubixdrv.s) = C61F
Symbol: KBD_DEC6F (cubixdrv.s) = C626
Symbol: KBD_DEC6G (cubixdrv.s) = C62F
Symbol: KBD_DEC7 (cubixdrv.s) = C640
Symbol: KBD_DEC8 (cubixdrv.s) = C649
Symbol: KBD_DEC8A (cubixdrv.s) = C661
Symbol: KBD_DEC9 (cubixdrv.s) = C66F
Symbol: KBD_DEC9A (cubixdrv.s) = C683
Symbol: KBD_DECNEW (cubixdrv.s) = C70A
Symbol: KBD_DECODE (cubixdrv.s) = C52D
Symbol: KBD_DEFRPT (cubixdrv.s) = 0040
Symbol: KBD_DEFSTATE (cubixdrv.s) = 0070
Symbol: KBD_EXT (cubixdrv.s) = 0001
Symbol: KBD_GETDATA (cubixdrv.s) = C47A
Symbol: KBD_GETDATA0 (cubixdrv.s) = C47D
Symbol: KBD_GETDATA1 (cubixdrv.s) = C490
Symbol: KBD_GETDATAX (cubixdrv.s) = C496
Symbol: KBD_GETKEY (cubixdrv.s) = C50F
Symbol: KBD_IDLE (cubixdrv.s) = C3E8
Symbol: KBD_KEYCODE (cubixdrv.s) = C3E2
Symbol: KBD_KEYRDY (cubixdrv.s) = 0080
Symbol: KBD_LSTATE (cubixdrv.s) = C3E4
Symbol: KBD_MAPEXT (cubixdrv.s) = C878
Symbol: KBD_MAPNUMPAD (cubixdrv.s) = C8A6
Symbol: KBD_MAPSHIFT (cubixdrv.s) = C7F3
Symbol: KBD_MAPSIZ (cubixdrv.s) = 0085
Symbol: KBD_MAPSTD (cubixdrv.s) = C76E
Symbol: KBD_NUMLCK (cubixdrv.s) = 0020
Symbol: KBD_NUMPAD (cubixdrv.s) = 0080
Symbol: KBD_PROBE (cubixdrv.s) = C40C
Symbol: KBD_PUTCMD (cubixdrv.s) = C446
Symbol: KBD_PUTCMD0 (cubixdrv.s) = C449
Symbol: KBD_PUTCMD1 (cubixdrv.s) = C45A
Symbol: KBD_PUTDATA (cubixdrv.s) = C460
Symbol: KBD_PUTDATA0 (cubixdrv.s) = C463
Symbol: KBD_PUTDATA1 (cubixdrv.s) = C474
Symbol: KBD_REPEAT (cubixdrv.s) = C3E7
Symbol: KBD_RESET (cubixdrv.s) = C4A2
Symbol: KBD_RESET0 (cubixdrv.s) = C4AD
Symbol: KBD_RESET1 (cubixdrv.s) = C4BD
Symbol: KBD_RSTATE (cubixdrv.s) = C3E5
Symbol: KBD_SCANCODE (cubixdrv.s) = C3E1
Symbol: KBD_SCRLCK (cubixdrv.s) = 0010
Symbol: KBD_SETLEDS (cubixdrv.s) = C4C0
Symbol: KBD_SETRPT (cubixdrv.s) = C4ED
Symbol: KBD_SHIFT (cubixdrv.s) = 0001
Symbol: KBD_ST (cubixdrv.s) = 13FF
Symbol: KBD_STATE (cubixdrv.s) = C3E3
Symbol: KBD_STATUS (cubixdrv.s) = C3E6
Symbol: KBD_TEMP (cubixdrv.s) = C3E9
Symbol: KBD_WAITTO (cubixdrv.s) = 30FF
Symbol: KBD_WIN (cubixdrv.s) = 0008
Symbol: LDELAY (cubixdrv.s) = C723
Symbol: LFCR (cubixdrv.s) = C8C7
Symbol: MESSAGE1 (cubixdrv.s) = C377
Symbol: MESSAGE2 (cubixdrv.s) = C37F
Symbol: MESSAGE3 (cubixdrv.s) = C386
Symbol: MESSAGE4 (cubixdrv.s) = C393
Symbol: MESSAGE5 (cubixdrv.s) = C3A4
Symbol: MESSAGE6 (cubixdrv.s) = C3B5
Symbol: MIOMESSAGE1 (cubixdrv.s) = C732
Symbol: MIOMESSAGE3 (cubixdrv.s) = C740
Symbol: MIOMESSAGE4 (cubixdrv.s) = C75A
Symbol: MULTIO_BASE (cubixdrv.s) = 13E0
Symbol: MULTIOINIT (cubixdrv.s) = C3EB
Symbol: PAGER_D (cubixdrv.s) = 0109
Symbol: PAGER_S (cubixdrv.s) = 010F
Symbol: PAGER_U (cubixdrv.s) = 0111
Symbol: PAGER_X (cubixdrv.s) = 010B
Symbol: PAGER_Y (cubixdrv.s) = 010D
Symbol: PUTCHR (cubixdrv.s) = C90D
Symbol: RDSER1 (cubixdrv.s) = C19C
Symbol: SERIALINIT (cubixdrv.s) = C181
Symbol: SPACE (cubixdrv.s) = C8D3
Symbol: UART1COMMAND (cubixdrv.s) = 1F86
Symbol: UART1CONTROL (cubixdrv.s) = 1F87
Symbol: UART1DATA (cubixdrv.s) = 1F84
Symbol: UART1STATUS (cubixdrv.s) = 1F85
Symbol: WRHEX (cubixdrv.s) = C8F3
Symbol: WRHEXW (cubixdrv.s) = C8E7
Symbol: WRSER1 (cubixdrv.s) = C191
Symbol: WRST1 (cubixdrv.s) = C8DD
Symbol: WRST2 (cubixdrv.s) = C8E5
Symbol: WRSTR (cubixdrv.s) = C8DB
Symbol: XTIDE_CMD_FEAT (cubixdrv.s) = 00EF
Symbol: XTIDE_CMD_ID (cubixdrv.s) = 00EC
Symbol: XTIDE_CMD_INIT (cubixdrv.s) = 0091
Symbol: XTIDE_CMD_READ (cubixdrv.s) = 0020
Symbol: XTIDE_CMD_RECAL (cubixdrv.s) = 0010
Symbol: XTIDE_CMD_SPINDOWN (cubixdrv.s) = 00E0
Symbol: XTIDE_CMD_SPINUP (cubixdrv.s) = 00E1
Symbol: XTIDE_CMD_WRITE (cubixdrv.s) = 0030
Symbol: XTIDE_COMMAND (cubixdrv.s) = 130E
Symbol: XTIDE_DATA_HI (cubixdrv.s) = 1301
Symbol: XTIDE_DATA_LO (cubixdrv.s) = 1300
Symbol: XTIDE_DEVICE (cubixdrv.s) = 130C
Symbol: XTIDE_ERR (cubixdrv.s) = 1302
Symbol: XTIDE_FECODE (cubixdrv.s) = 1302
Symbol: XTIDE_INIT (cubixdrv.s) = C1B9
Symbol: XTIDE_LBAHI (cubixdrv.s) = 130A
Symbol: XTIDE_LBALOW (cubixdrv.s) = 1306
Symbol: XTIDE_LBAMID (cubixdrv.s) = 1308
Symbol: XTIDE_PROBE (cubixdrv.s) = C1FF
Symbol: XTIDE_PROBE_FAIL (cubixdrv.s) = C240
Symbol: XTIDE_PROBE_SUCCESS (cubixdrv.s) = C242
Symbol: XTIDE_SEC_CNT (cubixdrv.s) = 1304
Symbol: XTIDE_STATUS (cubixdrv.s) = 130E
Symbol: XTIDETIMEOUT (cubixdrv.s) = C1B7
