Symbol: BANKED_DRIVER_DISPATCHER (cubixdrv.s) = C100
Symbol: CONSOLEDEVICE (cubixdrv.s) = 0100
Symbol: CUBIX_IO_BASE (cubixdrv.s) = 1000
Symbol: CURRENTCYL (cubixdrv.s) = 0106
Symbol: CURRENTDEVICE (cubixdrv.s) = 0104
Symbol: CURRENTHEAD (cubixdrv.s) = 0108
Symbol: CURRENTSEC (cubixdrv.s) = 0107
Symbol: CURRENTSLICE (cubixdrv.s) = 0105
Symbol: DISKERROR (cubixdrv.s) = 0103
Symbol: DISPATCHTABLE (cubixdrv.s) = C113
Symbol: drv_noop (cubixdrv.s) = C3CE
Symbol: farpointer (cubixdrv.s) = 0101
Symbol: FUNCTION_DISPATCHER (cubixdrv.s) = C100
Symbol: HOUT (cubixdrv.s) = C409
Symbol: HSTBUF (cubixdrv.s) = 0200
Symbol: IDE_ABORT (cubixdrv.s) = C1C6
Symbol: IDE_INITA (cubixdrv.s) = C1E8
Symbol: IDE_PRINT_INFO (cubixdrv.s) = C1CF
Symbol: IDE_READ_BUFFER (cubixdrv.s) = C32A
Symbol: IDE_READ_INFO (cubixdrv.s) = C230
Symbol: IDE_READ_INFO_ABORT (cubixdrv.s) = C283
Symbol: IDE_READ_INFO_OK (cubixdrv.s) = C28F
Symbol: IDE_READ_SECTOR (cubixdrv.s) = C295
Symbol: IDE_READ_SECTOR_1 (cubixdrv.s) = C29A
Symbol: IDE_READ_SECTOR_ERROR (cubixdrv.s) = C2AF
Symbol: IDE_SETUP_LBA (cubixdrv.s) = C3A5
Symbol: IDE_WAIT_DRQ (cubixdrv.s) = C2FE
Symbol: IDE_WAIT_DRQ1 (cubixdrv.s) = C308
Symbol: IDE_WAIT_DRQ2 (cubixdrv.s) = C326
Symbol: IDE_WAIT_DRQ3 (cubixdrv.s) = C328
Symbol: IDE_WAIT_DRQE (cubixdrv.s) = C321
Symbol: IDE_WAIT_NOT_BUSY (cubixdrv.s) = C2DA
Symbol: IDE_WAIT_NOT_BUSY1 (cubixdrv.s) = C2E4
Symbol: IDE_WAIT_NOT_BUSY2 (cubixdrv.s) = C2FA
Symbol: IDE_WAIT_NOT_BUSY3 (cubixdrv.s) = C2FC
Symbol: IDE_WRITE_BUFFER (cubixdrv.s) = C347
Symbol: IDE_WRITE_SECTOR (cubixdrv.s) = C2B5
Symbol: IDE_WRITE_SECTOR_ERROR (cubixdrv.s) = C2D4
Symbol: IDEBUFRD (cubixdrv.s) = C32E
Symbol: IDEBUFWT (cubixdrv.s) = C34B
Symbol: LFCR (cubixdrv.s) = C3CF
Symbol: MESSAGE1 (cubixdrv.s) = C364
Symbol: MESSAGE2 (cubixdrv.s) = C36C
Symbol: MESSAGE3 (cubixdrv.s) = C373
Symbol: MESSAGE4 (cubixdrv.s) = C380
Symbol: MESSAGE5 (cubixdrv.s) = C391
Symbol: MESSAGE6 (cubixdrv.s) = C3A2
Symbol: PAGER_D (cubixdrv.s) = 0109
Symbol: PAGER_S (cubixdrv.s) = 010F
Symbol: PAGER_U (cubixdrv.s) = 0111
Symbol: PAGER_X (cubixdrv.s) = 010B
Symbol: PAGER_Y (cubixdrv.s) = 010D
Symbol: PUTCHR (cubixdrv.s) = C415
Symbol: RDSER1 (cubixdrv.s) = C18F
Symbol: SERIALINIT (cubixdrv.s) = C173
Symbol: SPACE (cubixdrv.s) = C3DB
Symbol: UART1COMMAND (cubixdrv.s) = 1F86
Symbol: UART1CONTROL (cubixdrv.s) = 1F87
Symbol: UART1DATA (cubixdrv.s) = 1F84
Symbol: UART1STATUS (cubixdrv.s) = 1F85
Symbol: WRHEX (cubixdrv.s) = C3FB
Symbol: WRHEXW (cubixdrv.s) = C3EF
Symbol: WRSER1 (cubixdrv.s) = C184
Symbol: WRST1 (cubixdrv.s) = C3E5
Symbol: WRST2 (cubixdrv.s) = C3ED
Symbol: WRSTR (cubixdrv.s) = C3E3
Symbol: XTIDE_CMD_FEAT (cubixdrv.s) = 00EF
Symbol: XTIDE_CMD_ID (cubixdrv.s) = 00EC
Symbol: XTIDE_CMD_INIT (cubixdrv.s) = 0091
Symbol: XTIDE_CMD_READ (cubixdrv.s) = 0020
Symbol: XTIDE_CMD_RECAL (cubixdrv.s) = 0010
Symbol: XTIDE_CMD_SPINDOWN (cubixdrv.s) = 00E0
Symbol: XTIDE_CMD_SPINUP (cubixdrv.s) = 00E1
Symbol: XTIDE_CMD_WRITE (cubixdrv.s) = 0030
Symbol: XTIDE_COMMAND (cubixdrv.s) = 130E
Symbol: XTIDE_DATA_HI (cubixdrv.s) = 1301
Symbol: XTIDE_DATA_LO (cubixdrv.s) = 1300
Symbol: XTIDE_DEVICE (cubixdrv.s) = 130C
Symbol: XTIDE_ERR (cubixdrv.s) = 1302
Symbol: XTIDE_FECODE (cubixdrv.s) = 1302
Symbol: XTIDE_INIT (cubixdrv.s) = C1A6
Symbol: XTIDE_LBAHI (cubixdrv.s) = 130A
Symbol: XTIDE_LBALOW (cubixdrv.s) = 1306
Symbol: XTIDE_LBAMID (cubixdrv.s) = 1308
Symbol: XTIDE_PROBE (cubixdrv.s) = C1EC
Symbol: XTIDE_PROBE_FAIL (cubixdrv.s) = C22D
Symbol: XTIDE_PROBE_SUCCESS (cubixdrv.s) = C22F
Symbol: XTIDE_SEC_CNT (cubixdrv.s) = 1304
Symbol: XTIDE_STATUS (cubixdrv.s) = 130E
Symbol: XTIDETIMEOUT (cubixdrv.s) = C1A4
