Symbol: alivea (monitor.s) = F017
Symbol: BADDR (monitor.s) = F136
Symbol: BYTE (monitor.s) = F144
Symbol: BYTECT (monitor.s) = 0103
Symbol: C1 (monitor.s) = F0DC
Symbol: CHANGE (monitor.s) = F07C
Symbol: CKSM (monitor.s) = 0102
Symbol: CONTRL (monitor.s) = F023
Symbol: DISPLAY_CRLF (monitor.s) = F199
Symbol: DUMP (monitor.s) = F053
Symbol: DUMP_LINE (monitor.s) = F0DF
Symbol: DUMP_LINE_INVALID (monitor.s) = F10B
Symbol: DUMP_LINE_LOOP (monitor.s) = F0E9
Symbol: DUMP_LINE_LOOPA (monitor.s) = F0FB
Symbol: DUMP_LINE_VALID (monitor.s) = F110
Symbol: DUMP_LOOP (monitor.s) = F066
Symbol: GO (monitor.s) = F071
Symbol: IN1HG (monitor.s) = F135
Symbol: INHEX (monitor.s) = F119
Symbol: IOF_CONINW (monitor.s) = F1B3
Symbol: IOSPACE (monitor.s) = EF00
Symbol: IRQVEC (monitor.s) = F1BE
Symbol: LOAD11 (monitor.s) = F0C4
Symbol: LOAD15 (monitor.s) = F0D2
Symbol: LOAD19 (monitor.s) = F0D7
Symbol: LOAD21 (monitor.s) = F0DC
Symbol: LOAD3 (monitor.s) = F0A5
Symbol: MAIN (monitor.s) = F000
Symbol: MLOAD (monitor.s) = F050
Symbol: MONLOAD (monitor.s) = F0A5
Symbol: MONOUTHL (monitor.s) = F15F
Symbol: MONOUTHR (monitor.s) = F163
Symbol: MONSTACK (monitor.s) = 1000
Symbol: OUT2H (monitor.s) = F170
Symbol: OUT2HS (monitor.s) = F192
Symbol: OUTADDR (monitor.s) = F17B
Symbol: OUTHR1 (monitor.s) = F16D
Symbol: OUTS (monitor.s) = F194
Symbol: PRINT (monitor.s) = F093
Symbol: PRINT2 (monitor.s) = F09C
Symbol: RDSER1 (monitor.s) = F1B3
Symbol: SERIAL_INCHW1 (monitor.s) = F1B3
Symbol: SP (monitor.s) = 0100
Symbol: SWIVEC (monitor.s) = F1BE
Symbol: UART1COMMAND (monitor.s) = EF86
Symbol: UART1CONTROL (monitor.s) = EF87
Symbol: UART1DATA (monitor.s) = EF84
Symbol: UART1STATUS (monitor.s) = EF85
Symbol: WRSER1 (monitor.s) = F1A4
Symbol: WRSER1a (monitor.s) = F1A6
Symbol: XHI (monitor.s) = 0104
Symbol: XLOW (monitor.s) = 0105
