Symbol: ABORT (asm.s) = 2679
Symbol: ACCAOF (asm.s) = 274F
Symbol: ACCBOF (asm.s) = 2753
Symbol: ADDFCB (asm.s) = 222C
Symbol: ADDOUT (asm.s) = 278A
Symbol: ADDREG (asm.s) = 275F
Symbol: ASM (asm.s) = 2000
Symbol: BADHEX (asm.s) = 28FC
Symbol: BADSTR (asm.s) = 2921
Symbol: BIT16 (asm.s) = 286B
Symbol: BIT5 (asm.s) = 2836
Symbol: BIT8 (asm.s) = 2854
Symbol: BITEXT (asm.s) = 2872
Symbol: CALOFF (asm.s) = 27CC
Symbol: CLLST (asm.s) = 265B
Symbol: CLOBJ (asm.s) = 2665
Symbol: CODE (asm.s) = 4055
Symbol: CPYN1 (asm.s) = 20B8
Symbol: CPYNAM (asm.s) = 20AF
Symbol: CURDP (asm.s) = 400A
Symbol: CURPC (asm.s) = 4008
Symbol: DEBUG (asm.s) = 3184
Symbol: DSPERR (asm.s) = 2A34
Symbol: DSPLIN (asm.s) = 23F5
Symbol: DSPSY (asm.s) = 261B
Symbol: DSPTTL (asm.s) = 2AF4
Symbol: DSPX1 (asm.s) = 2619
Symbol: DSQU1 (asm.s) = 207B
Symbol: DUPSYM (asm.s) = 2B3D
Symbol: EMSG (asm.s) = 4015
Symbol: EMSG1 (asm.s) = 2B32
Symbol: EMSG2 (asm.s) = 2B54
Symbol: ENDMSG (asm.s) = 2A79
Symbol: ENDSY (asm.s) = 2656
Symbol: ENTTL (asm.s) = 2B13
Symbol: ERR (asm.s) = 3185
Symbol: ERRMSG (asm.s) = 2B90
Symbol: ERRORS (asm.s) = 4002
Symbol: ERRSUM (asm.s) = 2B58
Symbol: EVAERR (asm.s) = 29D7
Symbol: EVAL (asm.s) = 295D
Symbol: EVAL1 (asm.s) = 2962
Symbol: EVAL2 (asm.s) = 2964
Symbol: EVEXIT (asm.s) = 296B
Symbol: EVLIND (asm.s) = 2735
Symbol: F1 (asm.s) = 2495
Symbol: F2 (asm.s) = 24EB
Symbol: FCBLEN (asm.s) = 2229
Symbol: FCC1 (asm.s) = 2254
Symbol: FCCCHR (asm.s) = 257B
Symbol: FCCEND (asm.s) = 2598
Symbol: FCCLEN (asm.s) = 2248
Symbol: FCCM (asm.s) = 2584
Symbol: FILPTR (asm.s) = 4000
Symbol: FILSP (asm.s) = 262F
Symbol: FIXSYM (asm.s) = 2186
Symbol: FNCOM (asm.s) = 24AE
Symbol: FNDREG (asm.s) = 2487
Symbol: FNDSPC (asm.s) = 230D
Symbol: FNTREG (asm.s) = 24E4
Symbol: GENLI1 (asm.s) = 237D
Symbol: GENLIS (asm.s) = 235B
Symbol: GETB1 (asm.s) = 28C8
Symbol: GETBIN (asm.s) = 28C4
Symbol: GETC1 (asm.s) = 290B
Symbol: GETCHR (asm.s) = 2907
Symbol: GETD1 (asm.s) = 2934
Symbol: GETDEC (asm.s) = 292A
Symbol: GETEN1 (asm.s) = 2896
Symbol: GETEND (asm.s) = 2901
Symbol: GETH1 (asm.s) = 28A2
Symbol: GETH2 (asm.s) = 28B7
Symbol: GETHEX (asm.s) = 2899
Symbol: GETO1 (asm.s) = 28E2
Symbol: GETOCT (asm.s) = 28DE
Symbol: GETPC (asm.s) = 294E
Symbol: GETSYM (asm.s) = 2956
Symbol: GETV1 (asm.s) = 2882
Symbol: GETV2 (asm.s) = 288E
Symbol: GETVAL (asm.s) = 2876
Symbol: GOABO (asm.s) = 208B
Symbol: GOASM (asm.s) = 203B
Symbol: GOINS (asm.s) = 2317
Symbol: IMATCH (asm.s) = 26A2
Symbol: INDFLG (asm.s) = 4017
Symbol: INFIL (asm.s) = 4159
Symbol: INITS (asm.s) = 20DE
Symbol: INSREG (asm.s) = 2759
Symbol: INSTAB (asm.s) = 2C58
Symbol: INSYM (asm.s) = 214C
Symbol: INVSTR (asm.s) = 2593
Symbol: ITYPE (asm.s) = 4018
Symbol: L1 (asm.s) = 2103
Symbol: LINE (asm.s) = 40A5
Symbol: LINUM (asm.s) = 400E
Symbol: LISO1 (asm.s) = 238F
Symbol: LISO2 (asm.s) = 23A5
Symbol: LISO3 (asm.s) = 23AA
Symbol: LISO4 (asm.s) = 23B8
Symbol: LISO5 (asm.s) = 23BA
Symbol: LISOUT (asm.s) = 2387
Symbol: LKMSG (asm.s) = 2A58
Symbol: LOC1 (asm.s) = 2681
Symbol: LOC2 (asm.s) = 2683
Symbol: LOC3 (asm.s) = 268E
Symbol: LOC4 (asm.s) = 268C
Symbol: LOCINS (asm.s) = 267B
Symbol: LOCSY1 (asm.s) = 26B8
Symbol: LOCSYM (asm.s) = 26B5
Symbol: LSTFIL (asm.s) = 4363
Symbol: LSTOUT (asm.s) = 2AAA
Symbol: MAIN (asm.s) = 2094
Symbol: MEMOP (asm.s) = 26F6
Symbol: NEWL (asm.s) = 260B
Symbol: NOACC (asm.s) = 27FF
Symbol: NOADJ (asm.s) = 24AA
Symbol: NOAINC (asm.s) = 27AD
Symbol: NOATJ (asm.s) = 2502
Symbol: NOAUT (asm.s) = 2776
Symbol: NODIR (asm.s) = 271F
Symbol: NOERR (asm.s) = 2A67
Symbol: NOEXT (asm.s) = 2712
Symbol: NOIMM (asm.s) = 2705
Symbol: NOM1 (asm.s) = 22B9
Symbol: NOM2 (asm.s) = 25D9
Symbol: NOPOST (asm.s) = 241C
Symbol: NOROUT (asm.s) = 2A99
Symbol: NOSET (asm.s) = 2A33
Symbol: NOSUM (asm.s) = 25F6
Symbol: NOSY1 (asm.s) = 26DF
Symbol: NOTIND (asm.s) = 2733
Symbol: NOTS (asm.s) = 2493
Symbol: NOTTAB (asm.s) = 22F5
Symbol: NPIMM (asm.s) = 21E7
Symbol: NS (asm.s) = 26DA
Symbol: NS1 (asm.s) = 23CD
Symbol: NS2 (asm.s) = 23D6
Symbol: NS3 (asm.s) = 23DF
Symbol: NS4 (asm.s) = 23E8
Symbol: NTTL (asm.s) = 2B31
Symbol: OADR (asm.s) = 2640
Symbol: OBJFIL (asm.s) = 456D
Symbol: OFF16 (asm.s) = 27DF
Symbol: OFF8 (asm.s) = 27EE
Symbol: OFFVAL (asm.s) = 280C
Symbol: ONEBYT (asm.s) = 21D9
Symbol: OPTA (asm.s) = 2299
Symbol: OPTMIZ (asm.s) = 2274
Symbol: OSRAM (asm.s) = 2000
Symbol: OSYM (asm.s) = 2621
Symbol: OUTASC (asm.s) = 2A84
Symbol: OUTSYS (asm.s) = 215F
Symbol: P1T1 (asm.s) = 21D3
Symbol: P1T11 (asm.s) = 21FE
Symbol: P1T12 (asm.s) = 2214
Symbol: P1T13 (asm.s) = 221C
Symbol: P1T14 (asm.s) = 2223
Symbol: P1T15 (asm.s) = 223A
Symbol: P1T16 (asm.s) = 2242
Symbol: P1T17 (asm.s) = 2264
Symbol: P1T19 (asm.s) = 226D
Symbol: P1T2 (asm.s) = 21E0
Symbol: P1T3 (asm.s) = 21EB
Symbol: P1T7 (asm.s) = 21F6
Symbol: P1T8 (asm.s) = 21FA
Symbol: P1TAB (asm.s) = 21A9
Symbol: P21 (asm.s) = 22DF
Symbol: P2LIN (asm.s) = 22DA
Symbol: P2T1 (asm.s) = 2353
Symbol: P2T10 (asm.s) = 24C9
Symbol: P2T11 (asm.s) = 2515
Symbol: P2T12 (asm.s) = 252C
Symbol: P2T13 (asm.s) = 254D
Symbol: P2T14 (asm.s) = 255C
Symbol: P2T15 (asm.s) = 256A
Symbol: P2T16 (asm.s) = 2577
Symbol: P2T17 (asm.s) = 2599
Symbol: P2T18 (asm.s) = 259F
Symbol: P2T19 (asm.s) = 25AA
Symbol: P2T2 (asm.s) = 2404
Symbol: P2T20 (asm.s) = 25B1
Symbol: P2T21 (asm.s) = 25B6
Symbol: P2T3 (asm.s) = 242F
Symbol: P2T4 (asm.s) = 2434
Symbol: P2T5 (asm.s) = 243A
Symbol: P2T6 (asm.s) = 2440
Symbol: P2T7 (asm.s) = 2461
Symbol: P2T8 (asm.s) = 2471
Symbol: P2T9 (asm.s) = 2481
Symbol: P2TAB (asm.s) = 2329
Symbol: PAGE (asm.s) = 4010
Symbol: PAGLIN (asm.s) = 4012
Symbol: PAGM1 (asm.s) = 2B76
Symbol: PAGM2 (asm.s) = 2B89
Symbol: PASS1 (asm.s) = 20FB
Symbol: PASS2 (asm.s) = 22A2
Symbol: PCREL (asm.s) = 27AE
Symbol: PLI1 (asm.s) = 2219
Symbol: PLINE (asm.s) = 20FF
Symbol: PNIMM (asm.s) = 240B
Symbol: POPERR (asm.s) = 2505
Symbol: POST (asm.s) = 4016
Symbol: POTAB (asm.s) = 24C1
Symbol: PRCACC (asm.s) = 2755
Symbol: QERR (asm.s) = 2063
Symbol: QMAX (asm.s) = 0005
Symbol: QTABLE (asm.s) = 3160
Symbol: QUAL (asm.s) = 204D
Symbol: QUIET (asm.s) = 3187
Symbol: QUIT (asm.s) = 25C4
Symbol: RAM (asm.s) = 4000
Symbol: RAMHB (asm.s) = 0040
Symbol: RANOK (asm.s) = 245D
Symbol: RDINP (asm.s) = 2AD8
Symbol: REGERR (asm.s) = 27FA
Symbol: S1 (asm.s) = 220C
Symbol: SAVCHR (asm.s) = 2110
Symbol: SAVP1 (asm.s) = 2221
Symbol: SAVPC (asm.s) = 21DB
Symbol: SAVPOS (asm.s) = 27A9
Symbol: SETERR (asm.s) = 2A2D
Symbol: SETRGB (asm.s) = 2774
Symbol: SETSYM (asm.s) = 2210
Symbol: SKIP (asm.s) = 26AC
Symbol: SKPL1 (asm.s) = 219D
Symbol: SKPLAB (asm.s) = 219A
Symbol: SKRST (asm.s) = 2637
Symbol: SMATCH (asm.s) = 26EA
Symbol: SPACE (asm.s) = 2A69
Symbol: STAB1 (asm.s) = 22EC
Symbol: STACK (asm.s) = 4159
Symbol: STLST (asm.s) = 2AA8
Symbol: STRERR (asm.s) = 2261
Symbol: SYM (asm.s) = 3186
Symbol: SYM2 (asm.s) = 26BA
Symbol: SYM3 (asm.s) = 26CD
Symbol: SYMCR (asm.s) = 2169
Symbol: SYMLOC (asm.s) = 400C
Symbol: SYMM (asm.s) = 217D
Symbol: SYMMSG (asm.s) = 2B67
Symbol: SYMOK (asm.s) = 2177
Symbol: SYMTAB (asm.s) = 4777
Symbol: SYOFF (asm.s) = 26D1
Symbol: T2E (asm.s) = 242C
Symbol: T3E (asm.s) = 24B7
Symbol: T4E (asm.s) = 2567
Symbol: TEMP (asm.s) = 4006
Symbol: TERM (asm.s) = 3183
Symbol: TFRE1 (asm.s) = 24BC
Symbol: TFRERR (asm.s) = 24BA
Symbol: TFRTAB (asm.s) = 2509
Symbol: TITL1 (asm.s) = 25B9
Symbol: TITLE (asm.s) = 4019
Symbol: TOPERR (asm.s) = 2503
Symbol: TRYADD (asm.s) = 296F
Symbol: TRYAND (asm.s) = 29B9
Symbol: TRYDIV (asm.s) = 2994
Symbol: TRYMOD (asm.s) = 299F
Symbol: TRYMUL (asm.s) = 2989
Symbol: TRYOR (asm.s) = 29AA
Symbol: TRYSUB (asm.s) = 297C
Symbol: TRYXOR (asm.s) = 29C8
Symbol: TSTEND (asm.s) = 2A15
Symbol: TSTERM (asm.s) = 2A16
Symbol: TSTEXP (asm.s) = 29E1
Symbol: TWOBYT (asm.s) = 21D7
Symbol: TYP4 (asm.s) = 21F0
Symbol: USEXT (asm.s) = 2832
Symbol: VAL1 (asm.s) = 4004
Symbol: VALUE (asm.s) = 4013
Symbol: WRAD1 (asm.s) = 2518
Symbol: WRCADR (asm.s) = 2537
Symbol: WRDE1 (asm.s) = 2ABD
Symbol: WRDE2 (asm.s) = 2ACB
Symbol: WRIBYT (asm.s) = 2A7A
Symbol: WRICHR (asm.s) = 2A8E
Symbol: WRIDEC (asm.s) = 2AB5
Symbol: WRIMSG (asm.s) = 2A71
Symbol: WRIOBB (asm.s) = 2AE1
Symbol: WRIOBJ (asm.s) = 2AE7
Symbol: WRTTL (asm.s) = 2B07
