Symbol: ABORT (asp.s) = 2082
Symbol: ASI1 (asp.s) = 26FC
Symbol: ASI2 (asp.s) = 2705
Symbol: ASM (asp.s) = 2286
Symbol: ASM1 (asp.s) = 228B
Symbol: ASM2 (asp.s) = 22A1
Symbol: ASP (asp.s) = 2000
Symbol: ASSBYT (asp.s) = 2754
Symbol: ASSIGN (asp.s) = 26E7
Symbol: BADS (asp.s) = 25ED
Symbol: BADSTR (asp.s) = 2538
Symbol: BCOM (asp.s) = 28AC
Symbol: BDEC (asp.s) = 28EA
Symbol: BINC (asp.s) = 28CB
Symbol: BSHL (asp.s) = 288A
Symbol: BSHR (asp.s) = 2868
Symbol: BYTE (asp.s) = 2AB6
Symbol: CADD (asp.s) = 2908
Symbol: CALL (asp.s) = 241A
Symbol: CAND (asp.s) = 292E
Symbol: CBYTOK (asp.s) = 232E
Symbol: CCOM (asp.s) = 2895
Symbol: CDEC (asp.s) = 28D6
Symbol: CEND (asp.s) = 2398
Symbol: CEND1 (asp.s) = 239F
Symbol: CEND2 (asp.s) = 23C4
Symbol: CENDB (asp.s) = 23D1
Symbol: CIF (asp.s) = 2383
Symbol: CINC (asp.s) = 28B7
Symbol: CODE (asp.s) = 21F0
Symbol: COMNT (asp.s) = 2AAA
Symbol: CONSTA (asp.s) = 2214
Symbol: CONTAB (asp.s) = 2A66
Symbol: COR (asp.s) = 2928
Symbol: CPALL (asp.s) = 25B1
Symbol: CPE1 (asp.s) = 2535
Symbol: CPE2 (asp.s) = 2525
Symbol: CPE3 (asp.s) = 2533
Symbol: CPEL1 (asp.s) = 2515
Symbol: CPELEM (asp.s) = 2513
Symbol: CPV1 (asp.s) = 25CE
Symbol: CPV2 (asp.s) = 25D7
Symbol: CPVAR (asp.s) = 25BF
Symbol: CRS1 (asp.s) = 2602
Symbol: CRSYM (asp.s) = 25F0
Symbol: CRVARS (asp.s) = 2174
Symbol: CSHL (asp.s) = 2873
Symbol: CSHR (asp.s) = 2851
Symbol: CSUB (asp.s) = 28F5
Symbol: CTLSTK (asp.s) = 2AB4
Symbol: CTSP (asp.s) = D7FF
Symbol: CWRDOK (asp.s) = 2311
Symbol: CXOR (asp.s) = 2935
Symbol: DATA (asp.s) = 2201
Symbol: DATADR (asp.s) = 2AAE
Symbol: DCIF1 (asp.s) = 290F
Symbol: DEFA (asp.s) = 21BB
Symbol: DOCON1 (asp.s) = 22E7
Symbol: DOCOND (asp.s) = 22B1
Symbol: DOCSYN (asp.s) = 234D
Symbol: DOPARS (asp.s) = 275B
Symbol: DSQU1 (asp.s) = 206A
Symbol: DSSTK1 (asp.s) = 2913
Symbol: DTAB (asp.s) = 2A5C
Symbol: DUB1 (asp.s) = 280F
Symbol: DUB2 (asp.s) = 2818
Symbol: DUB3 (asp.s) = 281B
Symbol: DUB4 (asp.s) = 2825
Symbol: DUB5 (asp.s) = 2849
Symbol: DUBOP (asp.s) = 27FA
Symbol: ECOM (asp.s) = 28B6
Symbol: EDEC (asp.s) = 28F4
Symbol: EINC (asp.s) = 28D5
Symbol: ELSE (asp.s) = 23E7
Symbol: ENDCR (asp.s) = 21FC
Symbol: ENDOK (asp.s) = 21ED
Symbol: ENDVAR (asp.s) = 21CB
Symbol: ENDWRD (asp.s) = 2A11
Symbol: ENDX (asp.s) = 2925
Symbol: ERR3 (asp.s) = 256B
Symbol: ERR4 (asp.s) = 2575
Symbol: ERRCNT (asp.s) = 2AB2
Symbol: ERROR (asp.s) = 254B
Symbol: ESHL (asp.s) = 2894
Symbol: ESHR (asp.s) = 2872
Symbol: EXIT (asp.s) = 2426
Symbol: EXPR (asp.s) = 2794
Symbol: GENCOD (asp.s) = 27A4
Symbol: GENTAB (asp.s) = 29D7
Symbol: GETLAB (asp.s) = 2441
Symbol: GETNUM (asp.s) = 258F
Symbol: GETOK (asp.s) = 276E
Symbol: GOABO (asp.s) = 207C
Symbol: GOTO (asp.s) = 240A
Symbol: GOTO1 (asp.s) = 2414
Symbol: HNDLRS (asp.s) = 2A3E
Symbol: IDENTI (asp.s) = 2195
Symbol: INPFIL (asp.s) = 2B43
Symbol: INPLIN (asp.s) = 2AC3
Symbol: LINE (asp.s) = 2AAC
Symbol: LOK1 (asp.s) = 2625
Symbol: LOK2 (asp.s) = 262B
Symbol: LOK3 (asp.s) = 263B
Symbol: LOK4 (asp.s) = 2648
Symbol: LOOKNF (asp.s) = 2657
Symbol: LOOKUP (asp.s) = 2620
Symbol: MAIN (asp.s) = 2084
Symbol: NCNST (asp.s) = 2491
Symbol: NCNT1 (asp.s) = 248B
Symbol: NEST (asp.s) = 2759
Symbol: NOALL (asp.s) = 227D
Symbol: NODOR1 (asp.s) = 218F
Symbol: NODORG (asp.s) = 218C
Symbol: NORVAR (asp.s) = 225D
Symbol: NOSORC (asp.s) = 2121
Symbol: NOSR1 (asp.s) = 214D
Symbol: NOTFND (asp.s) = 2645
Symbol: NTOP (asp.s) = 26D7
Symbol: NUMOK (asp.s) = 25AD
Symbol: NXTLAB (asp.s) = 2AB0
Symbol: OPRTAB (asp.s) = 29BE
Symbol: OSEND (asp.s) = DBFF
Symbol: OSRAM (asp.s) = 2000
Symbol: OUTFIL (asp.s) = 2D4D
Symbol: PAR4 (asp.s) = 27DF
Symbol: POPD (asp.s) = 2466
Symbol: POPS (asp.s) = 245D
Symbol: PROCOM (asp.s) = 2163
Symbol: PSYBY (asp.s) = 22D2
Symbol: PUSHD (asp.s) = 244B
Symbol: PUSHS (asp.s) = 2454
Symbol: QERR (asp.s) = 2052
Symbol: QFLAGS (asp.s) = 2AA9
Symbol: QMAX (asp.s) = 0003
Symbol: QTABLE (asp.s) = 2A90
Symbol: QUAL (asp.s) = 203A
Symbol: QUIET (asp.s) = 2AA9
Symbol: RDIN1 (asp.s) = 20F6
Symbol: RDINP (asp.s) = 20E8
Symbol: RDINPF (asp.s) = 26DE
Symbol: RESWRD (asp.s) = 29F1
Symbol: SAVS (asp.s) = 2AB7
Symbol: SAVSYM (asp.s) = 2727
Symbol: SAVU (asp.s) = 2AB9
Symbol: SAVUS (asp.s) = 2ABB
Symbol: SAVUSP (asp.s) = 246D
Symbol: SKIP (asp.s) = 266E
Symbol: SNG1 (asp.s) = 27D9
Symbol: SNG2 (asp.s) = 27D0
Symbol: SNGL (asp.s) = 0007
Symbol: SNGOP (asp.s) = 27C5
Symbol: SOURCE (asp.s) = 2AAB
Symbol: SRCLAB (asp.s) = 212E
Symbol: STACK (asp.s) = DBFF
Symbol: STKO1 (asp.s) = 27F1
Symbol: STKO2 (asp.s) = 27EF
Symbol: STKOP (asp.s) = 27E1
Symbol: STR2 (asp.s) = 24D5
Symbol: STROUT (asp.s) = 24CF
Symbol: SUBR (asp.s) = 22AC
Symbol: SYEXI (asp.s) = 273A
Symbol: SYMEND (asp.s) = 2AC1
Symbol: SYMF (asp.s) = 266D
Symbol: SYMOK (asp.s) = 25EA
Symbol: SYMTAB (asp.s) = 2F57
Symbol: SYNTAX (asp.s) = 2248
Symbol: TADDR (asp.s) = 269A
Symbol: TCON (asp.s) = 2689
Symbol: TCON1 (asp.s) = 268B
Symbol: TEMP (asp.s) = 2ABF
Symbol: TNXT (asp.s) = 268D
Symbol: TNXT1 (asp.s) = 268F
Symbol: TOK (asp.s) = 278A
Symbol: TOK1 (asp.s) = 278B
Symbol: TOK2 (asp.s) = 2786
Symbol: TOKEN (asp.s) = 2677
Symbol: TOKVAR (asp.s) = 26AB
Symbol: TOP1 (asp.s) = 26B6
Symbol: TOP2 (asp.s) = 26BC
Symbol: TOP3 (asp.s) = 26D2
Symbol: TOP4 (asp.s) = 26C8
Symbol: TOPR (asp.s) = 26B3
Symbol: TYOK (asp.s) = 2725
Symbol: USP (asp.s) = D9FF
Symbol: USRSTK (asp.s) = 2ABD
Symbol: VALSYM (asp.s) = 25DA
Symbol: VARIAB (asp.s) = 2208
Symbol: VARNXT (asp.s) = 21C7
Symbol: WHILE (asp.s) = 2365
Symbol: WRABYT (asp.s) = 2964
Symbol: WRACO (asp.s) = 293C
Symbol: WRANV (asp.s) = 295F
Symbol: WRANV1 (asp.s) = 298F
Symbol: WRASTB (asp.s) = 29A9
Symbol: WRASTK (asp.s) = 2992
Symbol: WRCOMN (asp.s) = 2168
Symbol: WREQP (asp.s) = 23B2
Symbol: WREQU (asp.s) = 23B5
Symbol: WRHEXB (asp.s) = 24E0
Symbol: WRHEXW (asp.s) = 24D9
Symbol: WRHEXZ (asp.s) = 24DE
Symbol: WRINS (asp.s) = 24AE
Symbol: WRLAB (asp.s) = 2507
Symbol: WRLCR (asp.s) = 2501
Symbol: WRLEN (asp.s) = 21C1
Symbol: WRLST (asp.s) = 24C1
Symbol: WRNAM (asp.s) = 219D
Symbol: WRNIB (asp.s) = 24EA
Symbol: WROK (asp.s) = 248E
Symbol: WRONT (asp.s) = 2475
Symbol: WROPR (asp.s) = 2472
Symbol: WROUT (asp.s) = 24F4
Symbol: WRSRLI (asp.s) = 2118
Symbol: WRSRTS (asp.s) = 2285
Symbol: WRSTX (asp.s) = 24C5
Symbol: WRTAB (asp.s) = 24FD
