Symbol: CALC (calc.s) = D000
Symbol: CALC1 (calc.s) = D00B
Symbol: CLEND (calc.s) = D037
Symbol: EVAL (calc.s) = D14B
Symbol: EVAL1 (calc.s) = D150
Symbol: EVAL2 (calc.s) = D152
Symbol: EVARET (calc.s) = D0F9
Symbol: EVEXIT (calc.s) = D158
Symbol: FLAG (calc.s) = D202
Symbol: GETB1 (calc.s) = D0AE
Symbol: GETBIN (calc.s) = D0AA
Symbol: GETC1 (calc.s) = D10B
Symbol: GETCHR (calc.s) = D107
Symbol: GETD1 (calc.s) = D12F
Symbol: GETDEC (calc.s) = D125
Symbol: GETEN1 (calc.s) = D079
Symbol: GETEND (calc.s) = D0C4
Symbol: GETH1 (calc.s) = D086
Symbol: GETH2 (calc.s) = D09B
Symbol: GETHEX (calc.s) = D07D
Symbol: GETO1 (calc.s) = D0CF
Symbol: GETOCT (calc.s) = D0CB
Symbol: GETV1 (calc.s) = D064
Symbol: GETV2 (calc.s) = D071
Symbol: GETVAL (calc.s) = D058
Symbol: HELP (calc.s) = D039
Symbol: OPSUP (calc.s) = D01D
Symbol: OPSUP1 (calc.s) = D021
Symbol: OSEND (calc.s) = DBFF
Symbol: OSRAM (calc.s) = 2000
Symbol: OSUTIL (calc.s) = D000
Symbol: SAVSTK (calc.s) = D203
Symbol: SYNERR (calc.s) = D0E9
Symbol: TEMP (calc.s) = D1FE
Symbol: TRYADD (calc.s) = D15D
Symbol: TRYAND (calc.s) = D1AB
Symbol: TRYDIV (calc.s) = D184
Symbol: TRYMOD (calc.s) = D18F
Symbol: TRYMUL (calc.s) = D179
Symbol: TRYOR (calc.s) = D19A
Symbol: TRYSUB (calc.s) = D16B
Symbol: TRYXOR (calc.s) = D1BC
Symbol: TSTEND (calc.s) = D1FD
Symbol: TSTEXP (calc.s) = D1CF
Symbol: VAL1 (calc.s) = D200
