Symbol: ABORT (chkdisk.s) = 203B
Symbol: ABORT1 (chkdisk.s) = 22F2
Symbol: ALLOC (chkdisk.s) = 23FF
Symbol: CHKDISK (chkdisk.s) = 2000
Symbol: DATSPC (chkdisk.s) = 240C
Symbol: DATTR (chkdisk.s) = 0017
Symbol: DDADR (chkdisk.s) = 0013
Symbol: DIRLOC (chkdisk.s) = 0000
Symbol: DIRSEC (chkdisk.s) = 2407
Symbol: DNAME (chkdisk.s) = 0008
Symbol: DPREFIX (chkdisk.s) = 0000
Symbol: DRADR (chkdisk.s) = 0015
Symbol: DRVSIZ (chkdisk.s) = 2409
Symbol: DTYPE (chkdisk.s) = 0010
Symbol: ERRORS (chkdisk.s) = 2404
Symbol: EXAM (chkdisk.s) = 2114
Symbol: EXAM1 (chkdisk.s) = 2152
Symbol: EXAM2 (chkdisk.s) = 2164
Symbol: EXAM3 (chkdisk.s) = 2179
Symbol: FLAG (chkdisk.s) = 2403
Symbol: GOREB (chkdisk.s) = 229C
Symbol: GORET (chkdisk.s) = 22F1
Symbol: LDLINK (chkdisk.s) = 22D8
Symbol: LDLNK1 (chkdisk.s) = 22E1
Symbol: LNKLOC (chkdisk.s) = 0001
Symbol: LNKSIZ (chkdisk.s) = 240B
Symbol: MAIN (chkdisk.s) = 207D
Symbol: MAIN1 (chkdisk.s) = 20C2
Symbol: MAIN2 (chkdisk.s) = 20D7
Symbol: MAIN3 (chkdisk.s) = 20E4
Symbol: MAIN4 (chkdisk.s) = 20EE
Symbol: MAIN5 (chkdisk.s) = 2106
Symbol: MED1 (chkdisk.s) = 21BF
Symbol: MED2 (chkdisk.s) = 2214
Symbol: MED3 (chkdisk.s) = 223D
Symbol: MEDIA (chkdisk.s) = 2400
Symbol: NOALL (chkdisk.s) = 219A
Symbol: NOMED (chkdisk.s) = 226A
Symbol: NOREB (chkdisk.s) = 22C1
Symbol: OSEND (chkdisk.s) = DBFF
Symbol: OSRAM (chkdisk.s) = 2000
Symbol: OSUTIL (chkdisk.s) = D000
Symbol: OVRMSG (chkdisk.s) = 23BD
Symbol: QERR (chkdisk.s) = 2053
Symbol: QERR1 (chkdisk.s) = 206B
Symbol: QERR2 (chkdisk.s) = 2075
Symbol: QFLAGS (chkdisk.s) = 23FF
Symbol: QMAX (chkdisk.s) = 0004
Symbol: QTABLE (chkdisk.s) = 23DC
Symbol: QUAL (chkdisk.s) = 203D
Symbol: QUI2 (chkdisk.s) = 21BA
Symbol: QUIET (chkdisk.s) = 2401
Symbol: REBUILD (chkdisk.s) = 2402
Symbol: SALINK (chkdisk.s) = 22F4
Symbol: SALNK1 (chkdisk.s) = 22FF
Symbol: SECTYP (chkdisk.s) = 2406
Symbol: TEMP (chkdisk.s) = 240E
Symbol: TQUIT (chkdisk.s) = 22C4
Symbol: UNC1 (chkdisk.s) = 2312
Symbol: UNC2 (chkdisk.s) = 2332
Symbol: UNC3 (chkdisk.s) = 2335
Symbol: UNC4 (chkdisk.s) = 2368
Symbol: UNC5 (chkdisk.s) = 237A
Symbol: UNC6 (chkdisk.s) = 237C
Symbol: UNC7 (chkdisk.s) = 2398
Symbol: UNCHAIN (chkdisk.s) = 2310
Symbol: WRKSPC (chkdisk.s) = 2410
Symbol: ZERMSG (chkdisk.s) = 239A
