                      (         copy.asm):00001         ;*
                      (         copy.asm):00002         ;* COPY: Flexible file copy utility
                      (         copy.asm):00003         ;*
                      (         copy.asm):00004         ;* Copyright 1983-2005 Dave Dunfield
                      (         copy.asm):00005         ;* All rights reserved.
                      (         copy.asm):00006         ;*
     2000             (         copy.asm):00007         OSRAM           = $2000       APPLICATION RAM AREA
     DBFF             (         copy.asm):00008         OSEND           = $DBFF       END OF GENERAL RAM
     D000             (         copy.asm):00009         OSUTIL          = $D000       UTILITY ADDRESS SPACE
     0000             (         copy.asm):00010         DIRLOC          = 0                               ;DIRECTORY LOCATION
     0032             (         copy.asm):00011         MAXBUF          = 50                              ;MAX. # OF SECTORS TO BUFFER
                      (         copy.asm):00012         ;* DIRECTORY STRUCTURE
                      (         copy.asm):00013                 ORG     0
0000                  (         copy.asm):00014         DPREFIX
0000                  (         copy.asm):00015                 RMB     8                                 ;PREFIX
0008                  (         copy.asm):00016         DNAME
0008                  (         copy.asm):00017                 RMB     8                                 ;FILENAME
0010                  (         copy.asm):00018         DTYPE
0010                  (         copy.asm):00019                 RMB     3                                 ;FILE TYPE
0013                  (         copy.asm):00020         DDADR
0013                  (         copy.asm):00021                 RMB     2                                 ;DISK ADDRESS
0015                  (         copy.asm):00022         DRADR
0015                  (         copy.asm):00023                 RMB     2                                 ;RUN ADDRESS
0017                  (         copy.asm):00024         DATTR
0017                  (         copy.asm):00025                 RMB     1                                 ;FILE ATTRIBUTES
                      (         copy.asm):00026         ;* FILE CONTROL BLOCK STRUCTURE
                      (         copy.asm):00027                 ORG     0
0000                  (         copy.asm):00028         OTYPE
0000                  (         copy.asm):00029                 RMB     1                                 ;OPEN TYPE
0001                  (         copy.asm):00030         ODRIVE
0001                  (         copy.asm):00031                 RMB     1                                 ;OPEN DRIVE
0002                  (         copy.asm):00032         OFIRST
0002                  (         copy.asm):00033                 RMB     2                                 ;FIRST SECTOR
0004                  (         copy.asm):00034         OSECTOR
0004                  (         copy.asm):00035                 RMB     2                                 ;NEXT SECTOR TO BE ACCESSED
0006                  (         copy.asm):00036         OLSTSEC
0006                  (         copy.asm):00037                 RMB     2                                 ;LAST SECTOR TO BE ACCESSED
0008                  (         copy.asm):00038         OOFFSET
0008                  (         copy.asm):00039                 RMB     2                                 ;OFFSET FOR CHAR OPERATIONS
                      (         copy.asm):00040         ;* FILE PERMISSION BITS
     0080             (         copy.asm):00041         RPERM           = %10000000     READ PERMISSION
     0040             (         copy.asm):00042         WPERM           = %01000000     WRITE PERMISSION
     0020             (         copy.asm):00043         EPERM           = %00100000     EXECUTE PERMISSION
     0010             (         copy.asm):00044         DPERM           = %00010000     DELETE PERMISSION
                      (         copy.asm):00045         ;*
                      (         copy.asm):00046                 ORG     OSRAM                             ;PUT IT HERE
2000                  (         copy.asm):00047         COPY
2000 813F             (         copy.asm):00048                 CMPA    #'?'                              ;HELP R=EST?
2002 2643             (         copy.asm):00049                 BNE     QUAL                              ;NO, DO COPY
2004 3F               (         copy.asm):00050                 SWI
2005 19               (         copy.asm):00051                 FCB     25
2006 5573653A20434F50 (         copy.asm):00052                 FCN     'Use: COPY[/MOVE/NEW/PROT/QUIET/REPLACE] <source> <destination>'
     595B2F4D4F56452F
     4E45572F50524F54
     2F51554945542F52
     45504C4143455D20
     3C736F757263653E
     203C64657374696E
     6174696F6E3E00
2045                  (         copy.asm):00053         ABORT
2045 3F               (         copy.asm):00054                 SWI
2046 00               (         copy.asm):00055                 FCB     0                                 ;RETURN TO DOS
                      (         copy.asm):00056         ;* EVALUATE QUALIFIERS
2047                  (         copy.asm):00057         QUAL
2047 A6A4             (         copy.asm):00058                 LDA     ,Y                                ;GET CHAR
2049 812F             (         copy.asm):00059                 CMPA    #'/'                              ;QUALIFIER?
204B 263A             (         copy.asm):00060                 BNE     MAIN                              ;NO QUALIFIERS
204D 8E23A6           (         copy.asm):00061                 LDX     #QTABLE                           ;PT TO TABLE
2050 3F               (         copy.asm):00062                 SWI
2051 12               (         copy.asm):00063                 FCB     18                                ;LOOK IT UP
2052 C105             (         copy.asm):00064                 CMPB    #QMAX                             ;OVER?
2054 2407             (         copy.asm):00065                 BHS     QERR                              ;INVALID
2056 8E23C8           (         copy.asm):00066                 LDX     #QFLAGS                           ;PT TO FLAGS
2059 6F85             (         copy.asm):00067                 CLR     B,X                               ;ZAP IT
205B 20EA             (         copy.asm):00068                 BRA     QUAL                              ;CONTINUE
205D                  (         copy.asm):00069         QERR
205D 3F               (         copy.asm):00070                 SWI
205E 18               (         copy.asm):00071                 FCB     24                                ;MESSAGE
205F 496E76616C696420 (         copy.asm):00072                 FCN     'Invalid qualifier: '
     7175616C69666965
     723A2000
2073 A6A0             (         copy.asm):00073                 LDA     ,Y+                               ;GET CHAR
2075                  (         copy.asm):00074         QERR1
2075 3F               (         copy.asm):00075                 SWI
2076 21               (         copy.asm):00076                 FCB     33                                ;OUTPUT
2077 3F               (         copy.asm):00077                 SWI
2078 05               (         copy.asm):00078                 FCB     5                                 ;GET NEXT CHAR
2079 2704             (         copy.asm):00079                 BEQ     QERR2                             ;END, EXIT
207B 812F             (         copy.asm):00080                 CMPA    #'/'                              ;NEXT QUALIFIER
207D 26F6             (         copy.asm):00081                 BNE     QERR1                             ;ITS OK
207F                  (         copy.asm):00082         QERR2
207F 3F               (         copy.asm):00083                 SWI
2080 19               (         copy.asm):00084                 FCB     25
2081 2700             (         copy.asm):00085                 FCB     $27,0
2083 8601             (         copy.asm):00086                 LDA     #1                                ;INDICATE INVALID OPERAND
2085 20BE             (         copy.asm):00087                 BRA     ABORT                             ;ERROR
                      (         copy.asm):00088         ;*
                      (         copy.asm):00089         ;* MAIN PGM
                      (         copy.asm):00090         ;*
                      (         copy.asm):00091         ;* GET SOURCE PATTERN
2087                  (         copy.asm):00092         MAIN
2087 3F               (         copy.asm):00093                 SWI
2088 09               (         copy.asm):00094                 FCB     9                                 ;GET PATTERN
2089 26BA             (         copy.asm):00095                 BNE     ABORT                             ;ERROR
208B 301F             (         copy.asm):00096                 LEAX    -1,X                              ;BACKUP TO DRIVE
208D BF23D2           (         copy.asm):00097                 STX     >DOSBUF                           ;SAVE PTR TO DOS BUFFER
2090 CE23D8           (         copy.asm):00098                 LDU     #SRCDRV                           ;PT TO SAVED PATTERN
2093 C614             (         copy.asm):00099                 LDB     #DDADR+1        NAME + DRIVE
2095                  (         copy.asm):00100         CPY1
2095 A680             (         copy.asm):00101                 LDA     ,X+                               ;GET CHAR
2097 A7C0             (         copy.asm):00102                 STA     ,U+                               ;SAVE IN BUFFER
2099 5A               (         copy.asm):00103                 DECB                                      ;     COUNT
209A 26F9             (         copy.asm):00104                 BNE     CPY1                              ;MOVE ALL
                      (         copy.asm):00105         ;* GET DEST PATTERN
209C 3F               (         copy.asm):00106                 SWI
209D 0E               (         copy.asm):00107                 FCB     14                                ;GET DIRECTORY NAME
209E 1F13             (         copy.asm):00108                 TFR     X,U                               ;CPY IT
20A0 C60B             (         copy.asm):00109                 LDB     #DDADR-DNAME    SIZE OF NAME & TYPE
20A2                  (         copy.asm):00110         CPY2
20A2 6FC0             (         copy.asm):00111                 CLR     ,U+                               ;CLEAR IT
20A4 5A               (         copy.asm):00112                 DECB
20A5 26FB             (         copy.asm):00113                 BNE     CPY2                              ;DO AM ALL
20A7 862A             (         copy.asm):00114                 LDA     #'*'
20A9 A784             (         copy.asm):00115                 STA     ,X                                ;SET FILENAME
20AB A708             (         copy.asm):00116                 STA     DTYPE-DNAME,X   SET TYPE
20AD 3F               (         copy.asm):00117                 SWI
20AE 05               (         copy.asm):00118                 FCB     5                                 ;ANY MORE?
20AF 2744             (         copy.asm):00119                 BEQ     ENAM                              ;NO, THATS ALL
20B1 313F             (         copy.asm):00120                 LEAY    -1,Y                              ;BACKUP
20B3 6F84             (         copy.asm):00121                 CLR     ,X                                ;NOWILD
20B5 C608             (         copy.asm):00122                 LDB     #8                                ;8 CHARS/NAME
20B7                  (         copy.asm):00123         CPY3
20B7 3F               (         copy.asm):00124                 SWI
20B8 05               (         copy.asm):00125                 FCB     5                                 ;GET CHAR
20B9 273A             (         copy.asm):00126                 BEQ     ENAM                              ;THATS ALL
20BB 812E             (         copy.asm):00127                 CMPA    #'.'                              ;TYPE?
20BD 2707             (         copy.asm):00128                 BEQ     CPY4                              ;GET TYPE
20BF 5A               (         copy.asm):00129                 DECB                                      ;     BACKUP
20C0 2B15             (         copy.asm):00130                 BMI     BADOP                             ;INVALID
20C2 A780             (         copy.asm):00131                 STA     ,X+                               ;SAVE
20C4 20F1             (         copy.asm):00132                 BRA     CPY3                              ;CONTINUE
20C6                  (         copy.asm):00133         CPY4
20C6 3085             (         copy.asm):00134                 LEAX    B,X                               ;ADVANCE TO TYPE
20C8 6F84             (         copy.asm):00135                 CLR     ,X                                ;NO WILDCARD
20CA C603             (         copy.asm):00136                 LDB     #3                                ;THREE CHARS
20CC                  (         copy.asm):00137         CPY5
20CC 3F               (         copy.asm):00138                 SWI
20CD 05               (         copy.asm):00139                 FCB     5                                 ;GET CHAR
20CE 2725             (         copy.asm):00140                 BEQ     ENAM
20D0 5A               (         copy.asm):00141                 DECB
20D1 2B04             (         copy.asm):00142                 BMI     BADOP                             ;INVALID
20D3 A780             (         copy.asm):00143                 STA     ,X+                               ;SAVE
20D5 20F5             (         copy.asm):00144                 BRA     CPY5                              ;KEEP GOING
20D7                  (         copy.asm):00145         BADOP
20D7 3F               (         copy.asm):00146                 SWI
20D8 19               (         copy.asm):00147                 FCB     25
20D9 4261642064657374 (         copy.asm):00148                 FCN     'Bad destination pattern'
     696E6174696F6E20
     7061747465726E00
20F1 8601             (         copy.asm):00149                 LDA     #1
20F3 3F               (         copy.asm):00150                 SWI
20F4 00               (         copy.asm):00151                 FCB     0                                 ;QUIT
                      (         copy.asm):00152         ;* WE HAVE DESTIANTION FILENAME
20F5                  (         copy.asm):00153         ENAM
20F5 BE23D2           (         copy.asm):00154                 LDX     >DOSBUF                           ;PT TO NAME
20F8 C614             (         copy.asm):00155                 LDB     #DDADR+1        NAME+DRIVE
20FA CE23EC           (         copy.asm):00156                 LDU     #DSTDRV
20FD                  (         copy.asm):00157         ENAM1
20FD A680             (         copy.asm):00158                 LDA     ,X+                               ;GET CHAR
20FF A7C0             (         copy.asm):00159                 STA     ,U+                               ;SAV IN BUFFER
2101 5A               (         copy.asm):00160                 DECB
2102 26F9             (         copy.asm):00161                 BNE     ENAM1                             ;CONTINUE
                      (         copy.asm):00162         ;* LOOK UP FILES MATCHING SOURCE PATTERN IN DIRECTORY
2104 170253           (         copy.asm):00163                 LBSR    SELSRC                            ;SELECT SOURC FILE PATTERN
2107 CC0000           (         copy.asm):00164                 LDD     #DIRLOC                           ;GET DIRECTORY LOCATION
210A                  (         copy.asm):00165         LOOKUP
210A FD23D4           (         copy.asm):00166                 STD     >DIRSEC                           ;SAVE IT
210D 17024A           (         copy.asm):00167                 LBSR    SELSRC                            ;GET SOURCE PATTERN
2110 8E2414           (         copy.asm):00168                 LDX     #WRKSPC                           ;PT TO WORKSPACE
2113 3F               (         copy.asm):00169                 SWI
2114 5C               (         copy.asm):00170                 FCB     92                                ;READ IT
2115 1026FF2C         (         copy.asm):00171                 LBNE    ABORT                             ;ERROR, INDICATE INVALID
2119 86FF             (         copy.asm):00172                 LDA     #$FF
211B B723CE           (         copy.asm):00173                 STA     >DIRCHG                           ;INDICATE NO DIR CHANGE
211E                  (         copy.asm):00174         LOOK1
211E 3F               (         copy.asm):00175                 SWI
211F 13               (         copy.asm):00176                 FCB     19                                ;DUZ IT MATCH?
2120 2725             (         copy.asm):00177                 BEQ     CPYGO                             ;DO IT
2122                  (         copy.asm):00178         NXTFIL
2122 308820           (         copy.asm):00179                 LEAX    32,X                              ;ADVANCE TO NEXT SECTOR
2125 8C2614           (         copy.asm):00180                 CMPX    #WRKSPC+512     ARE WE OVER?
2128 25F4             (         copy.asm):00181                 BLO     LOOK1                             ;NO, KEEP IT UP
212A B623CE           (         copy.asm):00182                 LDA     >DIRCHG                           ;CHANGED?
212D 2608             (         copy.asm):00183                 BNE     NXTF1                             ;NO
212F FC23D4           (         copy.asm):00184                 LDD     >DIRSEC                           ;PT TO IT
2132 8E2414           (         copy.asm):00185                 LDX     #WRKSPC                           ;PT TO DATA
2135 3F               (         copy.asm):00186                 SWI
2136 5D               (         copy.asm):00187                 FCB     93                                ;WRITE IT OUT
2137                  (         copy.asm):00188         NXTF1
2137 FC23D4           (         copy.asm):00189                 LDD     >DIRSEC                           ;GET SECTOR
213A 3F               (         copy.asm):00190                 SWI
213B 4D               (         copy.asm):00191                 FCB     77                                ;LOOKUP ITS LINK
213C 26CC             (         copy.asm):00192                 BNE     LOOKUP                            ;MORE, KEEP LOOKING
213E B623CD           (         copy.asm):00193                 LDA     >FOUND                            ;DID WE LOCATE ANY
2141 2702             (         copy.asm):00194                 BEQ     QUIT                              ;YS, ITS OK
2143 3F               (         copy.asm):00195                 SWI
2144 2C               (         copy.asm):00196                 FCB     44                                ;ISSUE ERROR MESSAGE
2145                  (         copy.asm):00197         QUIT
2145 3F               (         copy.asm):00198                 SWI
2146 00               (         copy.asm):00199                 FCB     0                                 ;GO HOME
                      (         copy.asm):00200         ;* FOUND A FILE, PERFORM COPY
2147                  (         copy.asm):00201         CPYGO
2147 BF23D6           (         copy.asm):00202                 STX     >DIRPTR                           ;SAVE DIRECTORY PTR
214A 7F23CD           (         copy.asm):00203                 CLR     >FOUND                            ;INDICATE WE FOUND FILE
214D EC8815           (         copy.asm):00204                 LDD     DRADR,X                           ;GET RUN ADDRESS
2150 FD23CF           (         copy.asm):00205                 STD     RUNADR                            ;SAVE
2153 B623D8           (         copy.asm):00206                 LDA     >SRCDRV                           ;GET SOURCE DRIVE?
2156 B123EC           (         copy.asm):00207                 CMPA    >DSTDRV                           ;SAME DRIVE?
2159 2607             (         copy.asm):00208                 BNE     FRCPY                             ;NO, FORCE COPY
                      (         copy.asm):00209         ;* IF MOVEING, FILES ON SAME DRIVE, PERFORM RENAME FUNCTION
215B B623CA           (         copy.asm):00210                 LDA     >MOVE                             ;ARE WE MOVEING?
215E 102700F7         (         copy.asm):00211                 LBEQ    RENAME                            ;YES, PEFORM RENAME INSTEAD
                      (         copy.asm):00212         ;* SET UP CONTROL BLOCK FOR OPEN READ FILE
2162                  (         copy.asm):00213         FRCPY
2162 A68817           (         copy.asm):00214                 LDA     DATTR,X                           ;GET FILE ATTRIBUTES
2165 B723D1           (         copy.asm):00215                 STA     >ATTR                             ;SAVE ATTRIBUTES
2168 8580             (         copy.asm):00216                 BITA    #RPERM                            ;CAN WE READ IT
216A 2734             (         copy.asm):00217                 BEQ     PROERR                            ;PROTECTION ERrOR
216C CE2400           (         copy.asm):00218                 LDU     #SRCFIL                           ;GET SOURCE FILE CTRL BLOCK
216F 8601             (         copy.asm):00219                 LDA     #1                                ;INDICATE READ
2171 A7C4             (         copy.asm):00220                 STA     OTYPE,U
2173 B623D8           (         copy.asm):00221                 LDA     >SRCDRV                           ;GET DRIVE
2176 A741             (         copy.asm):00222                 STA     ODRIVE,U
2178 EC8813           (         copy.asm):00223                 LDD     DDADR,X                           ;GET DISK ADDRESS
217B ED42             (         copy.asm):00224                 STD     OFIRST,U        FIRST SEC IN FILE
217D ED44             (         copy.asm):00225                 STD     OSECTOR,U       NEXT SEC TO ACCESS
217F 4F               (         copy.asm):00226                 CLRA
2180 5F               (         copy.asm):00227                 CLRB
2181 ED46             (         copy.asm):00228                 STD     OLSTSEC,U       NO LAST SECTOR
2183 ED48             (         copy.asm):00229                 STD     OOFFSET,U       NO OFSET
                      (         copy.asm):00230         ;* OPEN DESTINATION FILE FOR WRITE
2185 1701EA           (         copy.asm):00231                 LBSR    SELDST                            ;SELECT DESTINATION
2188                  (         copy.asm):00232         LKFIL
2188 3F               (         copy.asm):00233                 SWI
2189 44               (         copy.asm):00234                 FCB     68                                ;DOES FILE EXIST?
218A 2618             (         copy.asm):00235                 BNE     CREF                              ;NO, CREATE IT
218C 170136           (         copy.asm):00236                 LBSR    ASK                               ;PROMPT FOR ACTION
218F 8143             (         copy.asm):00237                 CMPA    #'C'                              ;CHANGING NAME
2191 27F5             (         copy.asm):00238                 BEQ     LKFIL                             ;YES
2193 8152             (         copy.asm):00239                 CMPA    #'R'                              ;REPLACE?
2195 2711             (         copy.asm):00240                 BEQ     NOASK                             ;IF SO, DO IT
                      (         copy.asm):00241         ;* SKIP TO NEXT FILE IN DIRECTORY
2197                  (         copy.asm):00242         GONXT
2197 1701C0           (         copy.asm):00243                 LBSR    SELSRC                            ;GET SOURCE PATTERN
219A BE23D6           (         copy.asm):00244                 LDX     >DIRPTR                           ;GET POSITION
219D 16FF82           (         copy.asm):00245                 LBRA    NXTFIL                            ;LOOK AT NEXT
                      (         copy.asm):00246         ;* CAN'T READ OR WRITE FILE, PROTECTION ERROR
21A0                  (         copy.asm):00247         PROERR
21A0 3F               (         copy.asm):00248                 SWI
21A1 2D               (         copy.asm):00249                 FCB     45                                ;ISSUE ERROR
21A2 20F3             (         copy.asm):00250                 BRA     GONXT                             ;AGAIN
                      (         copy.asm):00251         ;* FILE DIDN'T EXIST, CREATE IT
21A4                  (         copy.asm):00252         CREF
21A4 3F               (         copy.asm):00253                 SWI
21A5 48               (         copy.asm):00254                 FCB     72                                ;CREATE IT
21A6 26EF             (         copy.asm):00255                 BNE     GONXT                             ;DIDN'T WORK, SKIP IT
                      (         copy.asm):00256         ;* COPY FILE IF POSSIBLE
21A8                  (         copy.asm):00257         NOASK
21A8 A68817           (         copy.asm):00258                 LDA     DATTR,X                           ;GET ATTRIBUTES
21AB 8540             (         copy.asm):00259                 BITA    #WPERM                            ;CAN WE WRITE
21AD 27F1             (         copy.asm):00260                 BEQ     PROERR                            ;INVALID
21AF B623C8           (         copy.asm):00261                 LDA     >QUIET
21B2 270B             (         copy.asm):00262                 BEQ     QUI1
21B4 3F               (         copy.asm):00263                 SWI
21B5 18               (         copy.asm):00264                 FCB     24                                ;MESSAGE
21B6 436F70792000     (         copy.asm):00265                 FCN     'Copy '
21BC 170163           (         copy.asm):00266                 LBSR    SHOSRC                            ;SHO DRIVE
21BF                  (         copy.asm):00267         QUI1
21BF CE240A           (         copy.asm):00268                 LDU     #DSTFIL                           ;POINT TO BUFFER
21C2 8602             (         copy.asm):00269                 LDA     #2                                ;WRITE
21C4 A7C4             (         copy.asm):00270                 STA     OTYPE,U
21C6 B623EC           (         copy.asm):00271                 LDA     >DSTDRV                           ;DRIVE
21C9 A741             (         copy.asm):00272                 STA     ODRIVE,U
21CB EC8813           (         copy.asm):00273                 LDD     DDADR,X                           ;GET ADDRESS
21CE ED42             (         copy.asm):00274                 STD     OFIRST,U
21D0 ED44             (         copy.asm):00275                 STD     OSECTOR,U
21D2 4F               (         copy.asm):00276                 CLRA
21D3 5F               (         copy.asm):00277                 CLRB
21D4 ED46             (         copy.asm):00278                 STD     OLSTSEC,U       NO LAST
21D6 ED48             (         copy.asm):00279                 STD     OOFFSET,U       NO OFFSET
21D8 FC23CF           (         copy.asm):00280                 LDD     >RUNADR                           ;GET RUN ADDRESS
21DB ED8815           (         copy.asm):00281                 STD     DRADR,X                           ;SET IT
21DE 7D23CB           (         copy.asm):00282                 TST     >ATFLG                            ;SET ATTRIBUTES?
21E1 2606             (         copy.asm):00283                 BNE     SETA1                             ;NO, SKIP IT
21E3 B623D1           (         copy.asm):00284                 LDA     >ATTR                             ;GET ATTRS
21E6 A78817           (         copy.asm):00285                 STA     DATTR,X                           ;SAVE EM
21E9                  (         copy.asm):00286         SETA1
21E9 3F               (         copy.asm):00287                 SWI
21EA 55               (         copy.asm):00288                 FCB     85                                ;INDICATE CHANGED
                      (         copy.asm):00289         ;* MOVE DATA FROM SOURCE TO DEST
21EB                  (         copy.asm):00290         MVDAT
21EB CE2400           (         copy.asm):00291                 LDU     #SRCFIL                           ;PT TO SOURCE
21EE 8E2614           (         copy.asm):00292                 LDX     #BUFFER                           ;PT TO BUFFER
21F1 108E0032         (         copy.asm):00293                 LDY     #MAXBUF                           ;MAX # SECS TO BUFFER
21F5                  (         copy.asm):00294         MVD1
21F5 3F               (         copy.asm):00295                 SWI
21F6 3A               (         copy.asm):00296                 FCB     58                                ;READ A BLOCK
21F7 2622             (         copy.asm):00297                 BNE     MVD3                              ;END OF FILE
21F9 30890200         (         copy.asm):00298                 LEAX    512,X                             ;ADVANCE TO NEXT
21FD 313F             (         copy.asm):00299                 LEAY    -1,Y                              ;REDUCE COUNT
21FF 26F4             (         copy.asm):00300                 BNE     MVD1                              ;KEEP GOING
2201 CE240A           (         copy.asm):00301                 LDU     #DSTFIL                           ;PT TO DEST
2204 8E2614           (         copy.asm):00302                 LDX     #BUFFER
2207 108E0032         (         copy.asm):00303                 LDY     #MAXBUF
220B                  (         copy.asm):00304         MVD2
220B 3F               (         copy.asm):00305                 SWI
220C 3C               (         copy.asm):00306                 FCB     60                                ;WRITE BLOCK
220D 1026FF86         (         copy.asm):00307                 LBNE    GONXT                             ;ERROR, DO NEXT
2211 30890200         (         copy.asm):00308                 LEAX    512,X                             ;NEXT SECTOR IN MEM
2215 313F             (         copy.asm):00309                 LEAY    -1,Y                              ;REDUCE COUNT
2217 26F2             (         copy.asm):00310                 BNE     MVD2                              ;DO EM ALL
2219 20D0             (         copy.asm):00311                 BRA     MVDAT                             ;BACK TO SOURCE
                      (         copy.asm):00312         ;* END OF FILE, WRITE LAST BUFFER
221B                  (         copy.asm):00313         MVD3
221B CE240A           (         copy.asm):00314                 LDU     #DSTFIL                           ;PT TO DEST
221E 8E2614           (         copy.asm):00315                 LDX     #BUFFER                           ;PT TO DATA
2221                  (         copy.asm):00316         MVD4
2221 108C0032         (         copy.asm):00317                 CMPY    #MAXBUF                           ;ANY LEFT
2225 240E             (         copy.asm):00318                 BHS     MVD5                              ;NO, CLOSE IT
2227 3F               (         copy.asm):00319                 SWI
2228 3C               (         copy.asm):00320                 FCB     60                                ;WRITE IT
2229 1026FF6A         (         copy.asm):00321                 LBNE    GONXT                             ;ERROR
222D 30890200         (         copy.asm):00322                 LEAX    512,X                             ;ADVANCE
2231 3121             (         copy.asm):00323                 LEAY    1,Y                               ;CONTINUE
2233 20EC             (         copy.asm):00324                 BRA     MVD4                              ;DO EM ALL
                      (         copy.asm):00325         ;* CLOSE FILE AND PROCEED
2235                  (         copy.asm):00326         MVD5
2235 3F               (         copy.asm):00327                 SWI
2236 39               (         copy.asm):00328                 FCB     57                                ;CLOSE FILE
2237 261D             (         copy.asm):00329                 BNE     GONXT1                            ;ERROR
                      (         copy.asm):00330         ;* IF MOVEING, DELETE SOURCE FILE
2239 B623CA           (         copy.asm):00331                 LDA     >MOVE                             ;ARE WE MOVEING
223C 2618             (         copy.asm):00332                 BNE     GONXT1                            ;NO, ITS OK
223E 170100           (         copy.asm):00333                 LBSR    GETSRC                            ;GET SOURCE NAME
2241 B623C8           (         copy.asm):00334                 LDA     >QUIET
2244 270E             (         copy.asm):00335                 BEQ     QUI2
2246 3F               (         copy.asm):00336                 SWI
2247 18               (         copy.asm):00337                 FCB     24                                ;OUTPUT MESSAGE
2248 44656C6574652000 (         copy.asm):00338                 FCN     'Delete '
2250 3F               (         copy.asm):00339                 SWI
2251 1E               (         copy.asm):00340                 FCB     30                                ;DISPLAY NAME
2252 3F               (         copy.asm):00341                 SWI
2253 16               (         copy.asm):00342                 FCB     22                                ;NEW LINE
2254                  (         copy.asm):00343         QUI2
2254 3F               (         copy.asm):00344                 SWI
2255 49               (         copy.asm):00345                 FCB     73                                ;DELETE THE FILE
2256                  (         copy.asm):00346         GONXT1
2256 16FF3E           (         copy.asm):00347                 LBRA    GONXT                             ;DO IT AGAIN
                      (         copy.asm):00348         ;*
                      (         copy.asm):00349         ;* 'MOVE' QUALIFIER, FILES ON SAME DISK, RENAME FILE
                      (         copy.asm):00350         ;*
2259                  (         copy.asm):00351         RENAME
2259 170116           (         copy.asm):00352                 LBSR    SELDST                            ;GET DESTINATION FILENAME
225C 3F               (         copy.asm):00353                 SWI
225D 13               (         copy.asm):00354                 FCB     19                                ;SAME AS US
225E 1027FF35         (         copy.asm):00355                 LBEQ    GONXT                             ;DO NEXT
2262                  (         copy.asm):00356         REN1
2262 3F               (         copy.asm):00357                 SWI
2263 44               (         copy.asm):00358                 FCB     68                                ;DOES IT EXIST?
2264 2637             (         copy.asm):00359                 BNE     REN4                              ;NO, OK TO RENAME
2266 17005C           (         copy.asm):00360                 LBSR    ASK                               ;PROMPT FOR ACTION
2269 8143             (         copy.asm):00361                 CMPA    #'C'                              ;CHANGE NAME?
226B 27F5             (         copy.asm):00362                 BEQ     REN1                              ;IF SO, DO IT AGAIN SAM
226D 8152             (         copy.asm):00363                 CMPA    #'R'                              ;REPLACE?
226F 1026FF24         (         copy.asm):00364                 LBNE    GONXT                             ;NO, SKIP IT & GET NEXT
2273 B623C8           (         copy.asm):00365                 LDA     >QUIET
2276 270E             (         copy.asm):00366                 BEQ     QUI3                              ;NO MESSAGE
2278 3F               (         copy.asm):00367                 SWI
2279 18               (         copy.asm):00368                 FCB     24
227A 44656C6574652000 (         copy.asm):00369                 FCN     'Delete '
2282 3F               (         copy.asm):00370                 SWI
2283 1E               (         copy.asm):00371                 FCB     30                                ;SHOW IT
2284 3F               (         copy.asm):00372                 SWI
2285 16               (         copy.asm):00373                 FCB     22                                ;NEW LINE
2286                  (         copy.asm):00374         QUI3
2286 3F               (         copy.asm):00375                 SWI
2287 49               (         copy.asm):00376                 FCB     73                                ;DELETE FILE
2288 1026FF0B         (         copy.asm):00377                 LBNE    GONXT                             ;ERROR
                      (         copy.asm):00378         ;* DELETE IN OUR COPY OF DIRECTORY
228C 8E2414           (         copy.asm):00379                 LDX     #WRKSPC                           ;PT TO OUR DATA
228F                  (         copy.asm):00380         REN2
228F 3F               (         copy.asm):00381                 SWI
2290 13               (         copy.asm):00382                 FCB     19                                ;NAME MATCH?
2291 2602             (         copy.asm):00383                 BNE     REN3                              ;NO, DON'T ERASE
2293 6F84             (         copy.asm):00384                 CLR     ,X                                ;ZAP IT
2295                  (         copy.asm):00385         REN3
2295 308820           (         copy.asm):00386                 LEAX    32,X                              ;ADVANCE
2298 8C2614           (         copy.asm):00387                 CMPX    #WRKSPC+512     OVER?
229B 25F2             (         copy.asm):00388                 BLO     REN2                              ;NO, KEEP GOING
                      (         copy.asm):00389         ;* SWAP FILENAME
229D                  (         copy.asm):00390         REN4
229D BE23D6           (         copy.asm):00391                 LDX     >DIRPTR                           ;GET DIR POSITION
22A0 B623C8           (         copy.asm):00392                 LDA     >QUIET
22A3 270B             (         copy.asm):00393                 BEQ     QUI4                              ;KEEP MOUTH SHUT
22A5 3F               (         copy.asm):00394                 SWI
22A6 18               (         copy.asm):00395                 FCB     24
22A7 4D6F76652000     (         copy.asm):00396                 FCN     'Move '
22AD 170072           (         copy.asm):00397                 LBSR    SHOSRC                            ;DISPLAY
22B0                  (         copy.asm):00398         QUI4
22B0 10BE23D2         (         copy.asm):00399                 LDY     >DOSBUF                           ;GET DOS BUFFER
22B4 3121             (         copy.asm):00400                 LEAY    1,Y                               ;ADVANCE
22B6 C613             (         copy.asm):00401                 LDB     #DDADR                            ;SIZE
22B8                  (         copy.asm):00402         REN5
22B8 A6A0             (         copy.asm):00403                 LDA     ,Y+                               ;CHAR FROM DOS
22BA A780             (         copy.asm):00404                 STA     ,X+                               ;UPDATE DIRECT
22BC 5A               (         copy.asm):00405                 DECB                                      ;     REDUCE COUNT
22BD 26F9             (         copy.asm):00406                 BNE     REN5                              ;AND CONTINUE
22BF 7F23CE           (         copy.asm):00407                 CLR     >DIRCHG                           ;INDICATE DIR CHANGED
22C2 16FED2           (         copy.asm):00408                 LBRA    GONXT                             ;GET NEXT FILE
                      (         copy.asm):00409         ;* ASK ABOUT FILE
22C5                  (         copy.asm):00410         ASK
22C5 B623CC           (         copy.asm):00411                 LDA     >NEW                              ;NEW FILES ONLY?
22C8 2757             (         copy.asm):00412                 BEQ     ASKRTS                            ;IF SO, EXIT
22CA 8652             (         copy.asm):00413                 LDA     #'R'                              ;INDICATE REPLACE
22CC 7D23C9           (         copy.asm):00414                 TST     >REPL                             ;ARE WE REPLACING
22CF 2750             (         copy.asm):00415                 BEQ     ASKRTS                            ;EXIT
22D1 3F               (         copy.asm):00416                 SWI
22D2 18               (         copy.asm):00417                 FCB     24                                ;MESSAGE
22D3 46696C652000     (         copy.asm):00418                 FCN     'File '
22D9 3F               (         copy.asm):00419                 SWI
22DA 1E               (         copy.asm):00420                 FCB     30                                ;DISPLAY NAME
22DB 3F               (         copy.asm):00421                 SWI
22DC 18               (         copy.asm):00422                 FCB     24                                ;MESSAGE
22DD 2065786973747328 (         copy.asm):00423                 FCN     ' exists(Skip/Replace/Change name)?'
     536B69702F526570
     6C6163652F436861
     6E6765206E616D65
     293F00
2300 3F               (         copy.asm):00424                 SWI
2301 22               (         copy.asm):00425                 FCB     34                                ;GET CHAR
2302 3F               (         copy.asm):00426                 SWI
2303 21               (         copy.asm):00427                 FCB     33                                ;ECHO
2304 845F             (         copy.asm):00428                 ANDA    #$5F                              ;CONVERT TO UPPER
2306 3F               (         copy.asm):00429                 SWI
2307 16               (         copy.asm):00430                 FCB     22                                ;NEW LINE
2308 8143             (         copy.asm):00431                 CMPA    #'C'                              ;CHANGING?
230A 2615             (         copy.asm):00432                 BNE     ASKRTS                            ;NO
230C                  (         copy.asm):00433         ASK1
230C 3F               (         copy.asm):00434                 SWI
230D 18               (         copy.asm):00435                 FCB     24                                ;PROMPT
230E 4E6577206E616D65 (         copy.asm):00436                 FCN     'New name: '
     3A2000
2319 3F               (         copy.asm):00437                 SWI
231A 03               (         copy.asm):00438                 FCB     3                                 ;GET LINE
231B 3F               (         copy.asm):00439                 SWI
231C 0A               (         copy.asm):00440                 FCB     10                                ;GET NAME
231D 26ED             (         copy.asm):00441                 BNE     ASK1                              ;GET IT WRITE
231F 8643             (         copy.asm):00442                 LDA     #'C'                              ;INDICATE CHANGE
2321                  (         copy.asm):00443         ASKRTS
2321 39               (         copy.asm):00444                 RTS
                      (         copy.asm):00445         ;* SHOW SOURCE FILE IDENTIFIER
2322                  (         copy.asm):00446         SHOSRC
2322 3412             (         copy.asm):00447                 PSHS    A,X                               ;SAVE REGS
2324 B623D8           (         copy.asm):00448                 LDA     >SRCDRV                           ;GET SOURCE DRIVE
2327 8B41             (         copy.asm):00449                 ADDA    #'A'                              ;CONVERT
2329 3F               (         copy.asm):00450                 SWI
232A 21               (         copy.asm):00451                 FCB     33                                ;OUTPUT
232B 863A             (         copy.asm):00452                 LDA     #':'                              ;COLON
232D 3F               (         copy.asm):00453                 SWI
232E 21               (         copy.asm):00454                 FCB     33                                ;OUTPUT
232F BE23D6           (         copy.asm):00455                 LDX     >DIRPTR                           ;GET PTR
2332 3F               (         copy.asm):00456                 SWI
2333 1F               (         copy.asm):00457                 FCB     31                                ;DISPLAY
2334 3F               (         copy.asm):00458                 SWI
2335 18               (         copy.asm):00459                 FCB     24                                ;MESSAGE
2336 20746F2000       (         copy.asm):00460                 FCN     ' to '
233B 3F               (         copy.asm):00461                 SWI
233C 1E               (         copy.asm):00462                 FCB     30                                ;SAVED FILE
233D 3F               (         copy.asm):00463                 SWI
233E 16               (         copy.asm):00464                 FCB     22                                ;NEW LINE
233F 3592             (         copy.asm):00465                 PULS    A,X,PC
                      (         copy.asm):00466         ;* GET SOURCE FILENAME INTO DOS BUFFER
2341                  (         copy.asm):00467         GETSRC
2341 3430             (         copy.asm):00468                 PSHS    X,Y                               ;SAVE REGS
2343 BE23D6           (         copy.asm):00469                 LDX     >DIRPTR                           ;GET DIRECTORY POINTER
2346 B623D8           (         copy.asm):00470                 LDA     >SRCDRV                           ;GET SOURCE DRIVE
2349 10BE23D2         (         copy.asm):00471                 LDY     >DOSBUF                           ;PT TO DOS BUFFER
234D A7A0             (         copy.asm):00472                 STA     ,Y+                               ;SAVE IT
234F C613             (         copy.asm):00473                 LDB     #DDADR                            ;LENGTH
2351                  (         copy.asm):00474         GETS1
2351 A680             (         copy.asm):00475                 LDA     ,X+                               ;GET LENGTH
2353 A7A0             (         copy.asm):00476                 STA     ,Y+                               ;SAVE IT
2355 5A               (         copy.asm):00477                 DECB                                      ;     BACKUP
2356 26F9             (         copy.asm):00478                 BNE     GETS1                             ;DO IT AGAIN
2358 35B0             (         copy.asm):00479                 PULS    X,Y,PC
                      (         copy.asm):00480         ;* SELECT SOURCE FILENAME PATTERN
235A                  (         copy.asm):00481         SELSRC
235A 3436             (         copy.asm):00482                 PSHS    A,B,X,Y                           ;SAVE REGS
235C BE23D2           (         copy.asm):00483                 LDX     >DOSBUF                           ;GET DOS BUFFER
235F 108E23D8         (         copy.asm):00484                 LDY     #SRCDRV                           ;PT TO SAVED
2363 A6A4             (         copy.asm):00485                 LDA     ,Y                                ;GET DRIVE
2365 3F               (         copy.asm):00486                 SWI
2366 4C               (         copy.asm):00487                 FCB     76                                ;SELECT IT
2367 C614             (         copy.asm):00488                 LDB     #DDADR+1        NAME+DRIVE
2369                  (         copy.asm):00489         SELS1
2369 A6A0             (         copy.asm):00490                 LDA     ,Y+                               ;GET CHAR
236B A780             (         copy.asm):00491                 STA     ,X+                               ;SAVE
236D 5A               (         copy.asm):00492                 DECB                                      ;     REDUCE COUNT
236E 26F9             (         copy.asm):00493                 BNE     SELS1                             ;MOVE ALL
2370 35B6             (         copy.asm):00494                 PULS    A,B,X,Y,PC
                      (         copy.asm):00495         ;* SELECT DESTINATION PATTERN ('U' PTS TO SUBSTITUTE NAME)
2372                  (         copy.asm):00496         SELDST
2372 3436             (         copy.asm):00497                 PSHS    A,B,X,Y                           ;SAVE REGS
2374 FE23D6           (         copy.asm):00498                 LDU     >DIRPTR                           ;GET SUBSTITURE FILENAME
2377 108E23EC         (         copy.asm):00499                 LDY     #DSTDRV                           ;PT TP DEST
237B BE23D2           (         copy.asm):00500                 LDX     >DOSBUF                           ;GET BUFFER
237E A6A0             (         copy.asm):00501                 LDA     ,Y+                               ;GET DRIVE
2380 A780             (         copy.asm):00502                 STA     ,X+                               ;WRITE IT
2382 C613             (         copy.asm):00503                 LDB     #DDADR                            ;LENGTH OF NAME
2384                  (         copy.asm):00504         SELD1
2384 A6A0             (         copy.asm):00505                 LDA     ,Y+                               ;GET CHAR FROM DEST
2386 812A             (         copy.asm):00506                 CMPA    #'*'                              ;WILDCARD
2388 2709             (         copy.asm):00507                 BEQ     SELD3                             ;HANDLE
238A A780             (         copy.asm):00508                 STA     ,X+                               ;SAVE IN DOS
238C 3341             (         copy.asm):00509                 LEAU    1,U                               ;ADVANCE PATTERN
238E 5A               (         copy.asm):00510                 DECB                                      ;     REDUCE COUNT
238F 26F3             (         copy.asm):00511                 BNE     SELD1                             ;CONTINUE
2391                  (         copy.asm):00512         SELD2
2391 35B6             (         copy.asm):00513                 PULS    A,B,X,Y,PC
2393                  (         copy.asm):00514         SELD3
2393 A6C0             (         copy.asm):00515                 LDA     ,U+                               ;GET CHAR FROM SOURCE
2395 A780             (         copy.asm):00516                 STA     ,X+                               ;SAVE IN DEST
2397 5A               (         copy.asm):00517                 DECB                                      ;     REDUCE COUNT
2398 27F7             (         copy.asm):00518                 BEQ     SELD2                             ;END, QUIT
239A C10B             (         copy.asm):00519                 CMPB    #DDADR-DNAME    AT NAME?
239C 27E6             (         copy.asm):00520                 BEQ     SELD1                             ;YES
239E C103             (         copy.asm):00521                 CMPB    #DDADR-DTYPE    AT TYPE?
23A0 27E2             (         copy.asm):00522                 BEQ     SELD1                             ;YES
23A2 3121             (         copy.asm):00523                 LEAY    1,Y                               ;ADVANCE
23A4 20ED             (         copy.asm):00524                 BRA     SELD3                             ;KEEP GOING
                      (         copy.asm):00525         ;* QUALIFIER TABLES
23A6                  (         copy.asm):00526         QTABLE
23A6 82               (         copy.asm):00527                 FCB     $82
23A7 2F5155494554     (         copy.asm):00528                 FCC     '/QUIET'
23AD 82               (         copy.asm):00529                 FCB     $82
23AE 2F5245504C414345 (         copy.asm):00530                 FCC     '/REPLACE'
23B6 82               (         copy.asm):00531                 FCB     $82
23B7 2F4D4F5645       (         copy.asm):00532                 FCC     '/MOVE'
23BC 82               (         copy.asm):00533                 FCB     $82
23BD 2F50524F54       (         copy.asm):00534                 FCC     '/PROT'
23C2 82               (         copy.asm):00535                 FCB     $82
23C3 2F4E4557         (         copy.asm):00536                 FCC     '/NEW'
23C7 80               (         copy.asm):00537                 FCB     $80
     0005             (         copy.asm):00538         QMAX            = 5                               ;# QUALIFIERS
     23C8             (         copy.asm):00539         QFLAGS          = *
23C8                  (         copy.asm):00540         QUIET
23C8 FF               (         copy.asm):00541                 FCB     $FF                               ;QUIET FLAG
23C9                  (         copy.asm):00542         REPL
23C9 FF               (         copy.asm):00543                 FCB     $FF                               ;REPLACE FLAG
23CA                  (         copy.asm):00544         MOVE
23CA FF               (         copy.asm):00545                 FCB     $FF                               ;MOVE FLAG
23CB                  (         copy.asm):00546         ATFLG
23CB FF               (         copy.asm):00547                 FCB     $FF                               ;ATRIBUTE COPY
23CC                  (         copy.asm):00548         NEW
23CC FF               (         copy.asm):00549                 FCB     $FF                               ;NEW FILES ONLY
                      (         copy.asm):00550         ;* MISC RAM VARIABLES
23CD                  (         copy.asm):00551         FOUND
23CD FF               (         copy.asm):00552                 FCB     $FF                               ;FOUND FILES FLAG
23CE                  (         copy.asm):00553         DIRCHG
23CE                  (         copy.asm):00554                 RMB     1                                 ;DIRECTORY CHANGED
23CF                  (         copy.asm):00555         RUNADR
23CF                  (         copy.asm):00556                 RMB     2                                 ;FILE RUN ADDRESS
23D1                  (         copy.asm):00557         ATTR
23D1                  (         copy.asm):00558                 RMB     1                                 ;FILE ATTRIBUTES
23D2                  (         copy.asm):00559         DOSBUF
23D2                  (         copy.asm):00560                 RMB     2                                 ;PTR TO DOS FILNAME
23D4                  (         copy.asm):00561         DIRSEC
23D4                  (         copy.asm):00562                 RMB     2                                 ;CURRENT DIRECTORY SECTOR
23D6                  (         copy.asm):00563         DIRPTR
23D6                  (         copy.asm):00564                 RMB     2                                 ;DIR POINTER
23D8                  (         copy.asm):00565         SRCDRV
23D8                  (         copy.asm):00566                 RMB     1                                 ;SOURCE DRIVE
23D9                  (         copy.asm):00567         SRCPAT
23D9                  (         copy.asm):00568                 RMB     DDADR                             ;SOURCE FIELNAME BUFFER
23EC                  (         copy.asm):00569         DSTDRV
23EC                  (         copy.asm):00570                 RMB     1                                 ;DESTINATION DRIVE
23ED                  (         copy.asm):00571         DSTPAT
23ED                  (         copy.asm):00572                 RMB     DDADR                             ;DESTINATION FILENAME BUFFER
2400                  (         copy.asm):00573         SRCFIL
2400                  (         copy.asm):00574                 RMB     10                                ;SOURCE FILE CONTROL BLOCK
240A                  (         copy.asm):00575         DSTFIL
240A                  (         copy.asm):00576                 RMB     10                                ;DESTINATION FILE CONTROL BLOCK
2414                  (         copy.asm):00577         WRKSPC
2414                  (         copy.asm):00578                 RMB     512                               ;WORK SECTOR
     2614             (         copy.asm):00579         BUFFER          = *                               ;BUFFER DATA HERE

Symbol Table:
[ G] ABORT                            2045
[ G] ASK                              22C5
[ G] ASK1                             230C
[ G] ASKRTS                           2321
[ G] ATFLG                            23CB
[ G] ATTR                             23D1
[ G] BADOP                            20D7
[ G] BUFFER                           2614
[ G] COPY                             2000
[ G] CPY1                             2095
[ G] CPY2                             20A2
[ G] CPY3                             20B7
[ G] CPY4                             20C6
[ G] CPY5                             20CC
[ G] CPYGO                            2147
[ G] CREF                             21A4
[ G] DATTR                            0017
[ G] DDADR                            0013
[ G] DIRCHG                           23CE
[ G] DIRLOC                           0000
[ G] DIRPTR                           23D6
[ G] DIRSEC                           23D4
[ G] DNAME                            0008
[ G] DOSBUF                           23D2
[ G] DPERM                            0010
[ G] DPREFIX                          0000
[ G] DRADR                            0015
[ G] DSTDRV                           23EC
[ G] DSTFIL                           240A
[ G] DSTPAT                           23ED
[ G] DTYPE                            0010
[ G] ENAM                             20F5
[ G] ENAM1                            20FD
[ G] EPERM                            0020
[ G] FOUND                            23CD
[ G] FRCPY                            2162
[ G] GETS1                            2351
[ G] GETSRC                           2341
[ G] GONXT                            2197
[ G] GONXT1                           2256
[ G] LKFIL                            2188
[ G] LOOK1                            211E
[ G] LOOKUP                           210A
[ G] MAIN                             2087
[ G] MAXBUF                           0032
[ G] MOVE                             23CA
[ G] MVD1                             21F5
[ G] MVD2                             220B
[ G] MVD3                             221B
[ G] MVD4                             2221
[ G] MVD5                             2235
[ G] MVDAT                            21EB
[ G] NEW                              23CC
[ G] NOASK                            21A8
[ G] NXTF1                            2137
[ G] NXTFIL                           2122
[ G] ODRIVE                           0001
[ G] OFIRST                           0002
[ G] OLSTSEC                          0006
[ G] OOFFSET                          0008
[ G] OSECTOR                          0004
[ G] OSEND                            DBFF
[ G] OSRAM                            2000
[ G] OSUTIL                           D000
[ G] OTYPE                            0000
[ G] PROERR                           21A0
[ G] QERR                             205D
[ G] QERR1                            2075
[ G] QERR2                            207F
[ G] QFLAGS                           23C8
[ G] QMAX                             0005
[ G] QTABLE                           23A6
[ G] QUAL                             2047
[ G] QUI1                             21BF
[ G] QUI2                             2254
[ G] QUI3                             2286
[ G] QUI4                             22B0
[ G] QUIET                            23C8
[ G] QUIT                             2145
[ G] REN1                             2262
[ G] REN2                             228F
[ G] REN3                             2295
[ G] REN4                             229D
[ G] REN5                             22B8
[ G] RENAME                           2259
[ G] REPL                             23C9
[ G] RPERM                            0080
[ G] RUNADR                           23CF
[ G] SELD1                            2384
[ G] SELD2                            2391
[ G] SELD3                            2393
[ G] SELDST                           2372
[ G] SELS1                            2369
[ G] SELSRC                           235A
[ G] SETA1                            21E9
[ G] SHOSRC                           2322
[ G] SRCDRV                           23D8
[ G] SRCFIL                           2400
[ G] SRCPAT                           23D9
[ G] WPERM                            0040
[ G] WRKSPC                           2414
