Symbol: ABORT (dir.s) = 22F5
Symbol: ADVP (dir.s) = 20A1
Symbol: ADVP1 (dir.s) = 20B3
Symbol: ADVP2 (dir.s) = 20C8
Symbol: ADVP3 (dir.s) = 20BF
Symbol: ADVP4 (dir.s) = 20C2
Symbol: ATRTAB (dir.s) = 2334
Symbol: ATTR (dir.s) = 236B
Symbol: CMPDIR (dir.s) = 2164
Symbol: CMPN1 (dir.s) = 2110
Symbol: CMPNAM (dir.s) = 2105
Symbol: DEFNAM (dir.s) = 2330
Symbol: DEFPRM (dir.s) = 20CC
Symbol: DIR (dir.s) = 2000
Symbol: DIRLOC (dir.s) = 0000
Symbol: DIROK (dir.s) = 21BC
Symbol: DISP0 (dir.s) = 214F
Symbol: DISP1 (dir.s) = 2152
Symbol: DISPB (dir.s) = 22F7
Symbol: DISPB1 (dir.s) = 22FF
Symbol: DISPD1 (dir.s) = 21A9
Symbol: DISPD2 (dir.s) = 21B1
Symbol: DISPD9 (dir.s) = 2177
Symbol: DISPDIR (dir.s) = 216F
Symbol: DISPEND (dir.s) = 22AF
Symbol: DISPEX (dir.s) = 22F4
Symbol: DISPN (dir.s) = 220E
Symbol: DRIVE (dir.s) = 237E
Symbol: DSKADR (dir.s) = 236A
Symbol: DSQU1 (dir.s) = 2073
Symbol: FSUM (dir.s) = 2303
Symbol: FSUM1 (dir.s) = 230A
Symbol: FTOTAL (dir.s) = 2378
Symbol: GOABO (dir.s) = 2085
Symbol: GTOTAL (dir.s) = 237A
Symbol: INFO (dir.s) = 236C
Symbol: INS1 (dir.s) = 2119
Symbol: INS15 (dir.s) = 2122
Symbol: INS2 (dir.s) = 2125
Symbol: INS3 (dir.s) = 2133
Symbol: INSERT (dir.s) = 2117
Symbol: INSNAM (dir.s) = 20FD
Symbol: LFCR (dir.s) = 2326
Symbol: LFCR1 (dir.s) = 232D
Symbol: LFCRE (dir.s) = 232F
Symbol: MAIN (dir.s) = 208C
Symbol: NDIR (dir.s) = 2376
Symbol: NOATTR (dir.s) = 2291
Symbol: NODS1 (dir.s) = 227B
Symbol: NODS2 (dir.s) = 228A
Symbol: NODSK (dir.s) = 226C
Symbol: NOH1 (dir.s) = 221A
Symbol: NOH15 (dir.s) = 222F
Symbol: NOH2 (dir.s) = 2242
Symbol: NOHEAD (dir.s) = 2367
Symbol: NORUN (dir.s) = 225B
Symbol: NOSIZ (dir.s) = 22AA
Symbol: NXTENT (dir.s) = 213C
Symbol: OSEND (dir.s) = DBFF
Symbol: OSRAM (dir.s) = 2000
Symbol: OSUTIL (dir.s) = D000
Symbol: QERR (dir.s) = 205B
Symbol: QFLAGS (dir.s) = 2366
Symbol: QMAX (dir.s) = 0006
Symbol: QTABLE (dir.s) = 233C
Symbol: QUAL (dir.s) = 2043
Symbol: RAM (dir.s) = 237F
Symbol: RDENT (dir.s) = 20F1
Symbol: RDSEC (dir.s) = 20E5
Symbol: RUNADR (dir.s) = 2369
Symbol: SAVDIR (dir.s) = 236D
Symbol: SECTOR (dir.s) = 237C
Symbol: SIZ1 (dir.s) = 229E
Symbol: SIZE (dir.s) = 2368
Symbol: SPAC1 (dir.s) = 2203
Symbol: SUPPRM (dir.s) = 20D0
Symbol: TOTAL (dir.s) = 2366
Symbol: TOTON (dir.s) = 2214
Symbol: TSIZ (dir.s) = 0018
Symbol: XPOS (dir.s) = 2375
