                      (         dirf.asm):00001         ;*
                      (         dirf.asm):00002         ;* DIRF: Writes file names from directory to a file
                      (         dirf.asm):00003         ;*
                      (         dirf.asm):00004         ;* Copyright 1983-2005 Dave Dunfield
                      (         dirf.asm):00005         ;* All rights reserved.
                      (         dirf.asm):00006         ;*
     2000             (         dirf.asm):00007         OSRAM           = $2000       APPLICATION RAM AREA
     DBFF             (         dirf.asm):00008         OSEND           = $DBFF       END OF GENERAL RAM
     D000             (         dirf.asm):00009         OSUTIL          = $D000       UTILITY ADDRESS SPACE
     0000             (         dirf.asm):00010         DIRLOC          = 0                               ;DIRECTORY LOCATION
                      (         dirf.asm):00011                 ORG     0
0000                  (         dirf.asm):00012         DPREFIX
0000                  (         dirf.asm):00013                 RMB     8
0008                  (         dirf.asm):00014         DNAME
0008                  (         dirf.asm):00015                 RMB     8
0010                  (         dirf.asm):00016         DTYPE
0010                  (         dirf.asm):00017                 RMB     3
0013                  (         dirf.asm):00018         DDADR
0013                  (         dirf.asm):00019                 RMB     2
0015                  (         dirf.asm):00020         DRADR
0015                  (         dirf.asm):00021                 RMB     2
0017                  (         dirf.asm):00022         DATTR
0017                  (         dirf.asm):00023                 RMB     1
                      (         dirf.asm):00024         ;*
                      (         dirf.asm):00025                 ORG     OSUTIL                            ;PROGRAM LOCATION
                      (         dirf.asm):00026         ;* TEST FOR HELP R=EST
D000                  (         dirf.asm):00027         DIRF
D000 813F             (         dirf.asm):00028                 CMPA    #'?'                              ;HELP?
D002 2651             (         dirf.asm):00029                 BNE     QUAL                              ;NO
D004 3F               (         dirf.asm):00030                 SWI
D005 19               (         dirf.asm):00031                 FCB     25                                ;OUTPUT MESSAGE
D006 5573653A20444952 (         dirf.asm):00032                 FCC     'Use: DIRF[/NODISK/NODIRECTORY/NOTYPE] <file> '
     465B2F4E4F444953
     4B2F4E4F44495245
     43544F52592F4E4F
     545950455D203C66
     696C653E20
D033 3C7061747465726E (         dirf.asm):00033                 FCN     '<pattern> [<prefix> [<postfix>]]'
     3E205B3C70726566
     69783E205B3C706F
     73746669783E5D5D
     00
D054 39               (         dirf.asm):00034                 RTS
                      (         dirf.asm):00035         ;* TEST FOR QUALIFIERS
D055                  (         dirf.asm):00036         QUAL
D055 A6A4             (         dirf.asm):00037                 LDA     ,Y                                ;GET CHAR FROM LINE
D057 812F             (         dirf.asm):00038                 CMPA    #'/'                              ;QUALIFIER?
D059 263E             (         dirf.asm):00039                 BNE     MAIN                              ;NO, START UP PGM
D05B 8ED18C           (         dirf.asm):00040                 LDX     #QTABLE                           ;PT TO TABLE
D05E 3F               (         dirf.asm):00041                 SWI
D05F 12               (         dirf.asm):00042                 FCB     18                                ;LOOKUP QUALIFIER
D060 C103             (         dirf.asm):00043                 CMPB    #NUMQ                             ;IN RANGE?
D062 2407             (         dirf.asm):00044                 BHS     QERR                              ;NO, INVALID
D064 8ED1AA           (         dirf.asm):00045                 LDX     #QFLAGS                           ;PT TO FLAGS
D067 6F85             (         dirf.asm):00046                 CLR     B,X                               ;SET THE FLAG
D069 20EA             (         dirf.asm):00047                 BRA     QUAL                              ;GET NEXT
                      (         dirf.asm):00048         ;* QUALIFIER WAS INVALID, REPORT
D06B                  (         dirf.asm):00049         QERR
D06B 3F               (         dirf.asm):00050                 SWI
D06C 18               (         dirf.asm):00051                 FCB     24                                ;MESSAGE
D06D 496E76616C696420 (         dirf.asm):00052                 FCN     'Invalid qualifier: '
     7175616C69666965
     723A2000
D081 A6A0             (         dirf.asm):00053                 LDA     ,Y+                               ;GET CHAR
D083 A6A0             (         dirf.asm):00054                 LDA     ,Y+                               ;GET CHAR
D085                  (         dirf.asm):00055         QSHOW
D085 3F               (         dirf.asm):00056                 SWI
D086 21               (         dirf.asm):00057                 FCB     33                                ;DISPLAY IT
D087 3F               (         dirf.asm):00058                 SWI
D088 05               (         dirf.asm):00059                 FCB     5                                 ;LOOK FOR TERMINATOR
D089 2704             (         dirf.asm):00060                 BEQ     QEND                              ;EXIT
D08B 812F             (         dirf.asm):00061                 CMPA    #'/'                              ;ALSO TERMINATOR
D08D 26F6             (         dirf.asm):00062                 BNE     QSHOW                             ;SHOW EM ALL
D08F                  (         dirf.asm):00063         QEND
D08F 3F               (         dirf.asm):00064                 SWI
D090 19               (         dirf.asm):00065                 FCB     25                                ;MESSAGE
D091 2700             (         dirf.asm):00066                 FCB     $27,00                            ;CLOSING QUITE
D093 8601             (         dirf.asm):00067                 LDA     #1                                ;BAD OPERAND RC
D095 39               (         dirf.asm):00068                 RTS
                      (         dirf.asm):00069         ;* INVALID OPERAND
D096                  (         dirf.asm):00070         BADOPR
D096 3F               (         dirf.asm):00071                 SWI
D097 2B               (         dirf.asm):00072                 FCB     43                                ;BAD OPERAND MESSAGE
D098                  (         dirf.asm):00073         ABORT
D098 39               (         dirf.asm):00074                 RTS
                      (         dirf.asm):00075         ;* MAIN PGM, EVALUATE OPERANDS
D099                  (         dirf.asm):00076         MAIN
D099 10BFD1AE         (         dirf.asm):00077                 STY     >TEMP                             ;SAVE PT
D09D 3F               (         dirf.asm):00078                 SWI
D09E 0A               (         dirf.asm):00079                 FCB     10                                ;GET FILENAME
D09F 26F7             (         dirf.asm):00080                 BNE     ABORT                             ;ERROR, EXIT
D0A1 3F               (         dirf.asm):00081                 SWI
D0A2 09               (         dirf.asm):00082                 FCB     9                                 ;GET DIRECT PATTERN
D0A3 26F3             (         dirf.asm):00083                 BNE     ABORT                             ;ERROR
D0A5 7FD5BB           (         dirf.asm):00084                 CLR     >PREFIX                           ;INDICATE NO PREFIX
D0A8 7FD5FB           (         dirf.asm):00085                 CLR     >POST                             ;INDICATE NO POSTFIX
D0AB 3F               (         dirf.asm):00086                 SWI
D0AC 04               (         dirf.asm):00087                 FCB     4                                 ;MORE OPERANDS
D0AD 2736             (         dirf.asm):00088                 BEQ     NOPRE                             ;NO PREFIX
D0AF 3121             (         dirf.asm):00089                 LEAY    1,Y                               ;SKIP FIRST DELIM
D0B1 B7D1B0           (         dirf.asm):00090                 STA     >DELIM                            ;SAVE DELIMITER
D0B4 8ED5BB           (         dirf.asm):00091                 LDX     #PREFIX                           ;POINT TO BUFFER
D0B7                  (         dirf.asm):00092         GETPRE
D0B7 A6A0             (         dirf.asm):00093                 LDA     ,Y+                               ;GET CHAR
D0B9 27DB             (         dirf.asm):00094                 BEQ     BADOPR                            ;INVALID
D0BB 810D             (         dirf.asm):00095                 CMPA    #$0D                              ;END OF LINE
D0BD 27D7             (         dirf.asm):00096                 BEQ     BADOPR                            ;INVALID
D0BF A780             (         dirf.asm):00097                 STA     ,X+                               ;SAVE
D0C1 B1D1B0           (         dirf.asm):00098                 CMPA    >DELIM                            ;DELIMITER?
D0C4 26F1             (         dirf.asm):00099                 BNE     GETPRE                            ;NO, KEEP GOING
D0C6 6F1F             (         dirf.asm):00100                 CLR     -1,X                              ;INDICATE END
D0C8 3F               (         dirf.asm):00101                 SWI
D0C9 04               (         dirf.asm):00102                 FCB     4                                 ;MORE OPERANDS?
D0CA 2719             (         dirf.asm):00103                 BEQ     NOPRE                             ;END OF LINE
D0CC 3121             (         dirf.asm):00104                 LEAY    1,Y                               ;SKIP FIRST DELIM
D0CE B7D1B0           (         dirf.asm):00105                 STA     >DELIM                            ;SAVE DELIMITER
D0D1 8ED5FB           (         dirf.asm):00106                 LDX     #POST                             ;POINT TO POST STRING
D0D4                  (         dirf.asm):00107         GETPOS
D0D4 A6A0             (         dirf.asm):00108                 LDA     ,Y+                               ;GET CHAR
D0D6 27BE             (         dirf.asm):00109                 BEQ     BADOPR                            ;INVALID
D0D8 810D             (         dirf.asm):00110                 CMPA    #$0D
D0DA 27BA             (         dirf.asm):00111                 BEQ     BADOPR                            ;ERROR
D0DC A780             (         dirf.asm):00112                 STA     ,X+                               ;SAVE
D0DE B1D1B0           (         dirf.asm):00113                 CMPA    >DELIM                            ;END
D0E1 26F1             (         dirf.asm):00114                 BNE     GETPOS
D0E3 6F1F             (         dirf.asm):00115                 CLR     -1,X                              ;ZAP IT
                      (         dirf.asm):00116         ;* RESTORE FILENAMES
D0E5                  (         dirf.asm):00117         NOPRE
D0E5 10BED1AE         (         dirf.asm):00118                 LDY     >TEMP                             ;GET PTR BACK
D0E9 3F               (         dirf.asm):00119                 SWI
D0EA 0A               (         dirf.asm):00120                 FCB     10                                ;GET NAME
D0EB CED3B1           (         dirf.asm):00121                 LDU     #OUTFIL                           ;PT TO IT
D0EE 3F               (         dirf.asm):00122                 SWI
D0EF 38               (         dirf.asm):00123                 FCB     56                                ;OPEN FILE
D0F0 3F               (         dirf.asm):00124                 SWI
D0F1 09               (         dirf.asm):00125                 FCB     9                                 ;GET PATTERN BACK
D0F2 A61F             (         dirf.asm):00126                 LDA     -1,X                              ;GET DRIVE
D0F4 B7D1AD           (         dirf.asm):00127                 STA     >DISK                             ;SAVE IT
D0F7 3F               (         dirf.asm):00128                 SWI
D0F8 4C               (         dirf.asm):00129                 FCB     76                                ;SELECT DRIVE
                      (         dirf.asm):00130         ;* LOOK UP FILES IN DIRECTORY
D0F9 CC0000           (         dirf.asm):00131                 LDD     #DIRLOC                           ;PT TO IT
D0FC                  (         dirf.asm):00132         LOKDIR
D0FC FDD1AE           (         dirf.asm):00133                 STD     >TEMP                             ;SAVE SECTOR
D0FF 8ED1B1           (         dirf.asm):00134                 LDX     #WRKSPC                           ;TO TO WORK
D102 3F               (         dirf.asm):00135                 SWI
D103 5C               (         dirf.asm):00136                 FCB     92                                ;READ SECTOR
D104                  (         dirf.asm):00137         LOK1
D104 3F               (         dirf.asm):00138                 SWI
D105 13               (         dirf.asm):00139                 FCB     19                                ;DOES NAME MATCH?
D106 2712             (         dirf.asm):00140                 BEQ     OUTNAM                            ;YES, OUTPUT IT
D108                  (         dirf.asm):00141         LOK2
D108 308820           (         dirf.asm):00142                 LEAX    32,X                              ;TO NEXT ENTRY
D10B 8CD3B1           (         dirf.asm):00143                 CMPX    #WRKSPC+512     ARE WE PAST END
D10E 25F4             (         dirf.asm):00144                 BLO     LOK1                              ;NO, FIND NEXT
D110 FCD1AE           (         dirf.asm):00145                 LDD     >TEMP                             ;GET SECTOR
D113 3F               (         dirf.asm):00146                 SWI
D114 4D               (         dirf.asm):00147                 FCB     77                                ;LOOKUP LINK
D115 26E5             (         dirf.asm):00148                 BNE     LOKDIR                            ;CHECK THIS SECTOR
                      (         dirf.asm):00149         ;* END OF DIR, CLOSE FILES & EXIT
D117 3F               (         dirf.asm):00150                 SWI
D118 39               (         dirf.asm):00151                 FCB     57                                ;CLOSE OUTPUT FILE
D119 39               (         dirf.asm):00152                 RTS
                      (         dirf.asm):00153         ;* WE FOUND A NAME, OUTPUT IT
D11A                  (         dirf.asm):00154         OUTNAM
D11A 3410             (         dirf.asm):00155                 PSHS    X                                 ;SAVE X
D11C 108ED5BB         (         dirf.asm):00156                 LDY     #PREFIX                           ;PT TO AREA
D120                  (         dirf.asm):00157         OUT1
D120 A6A0             (         dirf.asm):00158                 LDA     ,Y+                               ;GET CHAR
D122 2704             (         dirf.asm):00159                 BEQ     OUT2                              ;END
D124 3F               (         dirf.asm):00160                 SWI
D125 3D               (         dirf.asm):00161                 FCB     61                                ;OUTPUT CHARACTER
D126 20F8             (         dirf.asm):00162                 BRA     OUT1                              ;EXIT
D128                  (         dirf.asm):00163         OUT2
D128 B6D1AA           (         dirf.asm):00164                 LDA     >NODISK                           ;DISPLAY DISK?
D12B 270B             (         dirf.asm):00165                 BEQ     OUT3                              ;NO, DON'T
D12D B6D1AD           (         dirf.asm):00166                 LDA     >DISK                             ;GET DISK DRIVE
D130 8B41             (         dirf.asm):00167                 ADDA    #'A'                              ;CONVERT
D132 3F               (         dirf.asm):00168                 SWI
D133 3D               (         dirf.asm):00169                 FCB     61                                ;OUTPUT
D134 863A             (         dirf.asm):00170                 LDA     #':'                              ;SEPERATOR
D136 3F               (         dirf.asm):00171                 SWI
D137 3D               (         dirf.asm):00172                 FCB     61                                ;OUTPUT
D138                  (         dirf.asm):00173         OUT3
D138 B6D1AB           (         dirf.asm):00174                 LDA     >NODIR                            ;OUTPUT DIRECTORY?
D13B 2715             (         dirf.asm):00175                 BEQ     OUT6                              ;NO, DON'T
D13D 865B             (         dirf.asm):00176                 LDA     #'['                              ;PREFIX
D13F 3F               (         dirf.asm):00177                 SWI
D140 3D               (         dirf.asm):00178                 FCB     61                                ;OUTPUT
D141 C608             (         dirf.asm):00179                 LDB     #8                                ;MAX 8 CHARS
D143                  (         dirf.asm):00180         OUT4
D143 A680             (         dirf.asm):00181                 LDA     ,X+                               ;GET CHAR FROM NAME
D145 2705             (         dirf.asm):00182                 BEQ     OUT5                              ;END
D147 3F               (         dirf.asm):00183                 SWI
D148 3D               (         dirf.asm):00184                 FCB     61                                ;OUTPUT
D149 5A               (         dirf.asm):00185                 DECB                                      ;     REDUCE COUNT
D14A 26F7             (         dirf.asm):00186                 BNE     OUT4                              ;END
D14C                  (         dirf.asm):00187         OUT5
D14C 865D             (         dirf.asm):00188                 LDA     #']'                              ;POSTFIX
D14E 3F               (         dirf.asm):00189                 SWI
D14F 3D               (         dirf.asm):00190                 FCB     61                                ;OUTPUT
D150 AEE4             (         dirf.asm):00191                 LDX     ,S                                ;RESTORE X
                      (         dirf.asm):00192         ;* OUTPUT FILENAME
D152                  (         dirf.asm):00193         OUT6
D152 C608             (         dirf.asm):00194                 LDB     #8                                ;MAX 8 CHARS
D154 3008             (         dirf.asm):00195                 LEAX    DNAME,X                           ;ADVANCE TO NAME
D156                  (         dirf.asm):00196         OUT7
D156 A680             (         dirf.asm):00197                 LDA     ,X+                               ;GET CHAR
D158 2705             (         dirf.asm):00198                 BEQ     OUT8                              ;END
D15A 3F               (         dirf.asm):00199                 SWI
D15B 3D               (         dirf.asm):00200                 FCB     61                                ;OUTPUT
D15C 5A               (         dirf.asm):00201                 DECB                                      ;     REDUCE COUNT
D15D 26F7             (         dirf.asm):00202                 BNE     OUT7                              ;CONTINUE
D15F                  (         dirf.asm):00203         OUT8
D15F AEE4             (         dirf.asm):00204                 LDX     ,S                                ;RESTORE X
D161 B6D1AC           (         dirf.asm):00205                 LDA     >NOTYPE                           ;DISPLAY TYPE?
D164 2712             (         dirf.asm):00206                 BEQ     OUT10                             ;NO, SKIP IT
D166 308810           (         dirf.asm):00207                 LEAX    DTYPE,X                           ;POINT TO IT
D169 862E             (         dirf.asm):00208                 LDA     #'.'                              ;SEPERATOR
D16B 3F               (         dirf.asm):00209                 SWI
D16C 3D               (         dirf.asm):00210                 FCB     61                                ;OUTPUT
D16D C603             (         dirf.asm):00211                 LDB     #3                                ;MAX 3 CHARS
D16F                  (         dirf.asm):00212         OUT9
D16F A680             (         dirf.asm):00213                 LDA     ,X+                               ;GET CHAR
D171 2705             (         dirf.asm):00214                 BEQ     OUT10                             ;END
D173 3F               (         dirf.asm):00215                 SWI
D174 3D               (         dirf.asm):00216                 FCB     61                                ;DISPLAY
D175 5A               (         dirf.asm):00217                 DECB                                      ;     BACKUP COUNT
D176 26F7             (         dirf.asm):00218                 BNE     OUT9                              ;CONTINUE
D178                  (         dirf.asm):00219         OUT10
D178 8ED5FB           (         dirf.asm):00220                 LDX     #POST                             ;POINT TO POSTFIX
D17B                  (         dirf.asm):00221         OUT11
D17B A680             (         dirf.asm):00222                 LDA     ,X+                               ;GET CHAR
D17D 2704             (         dirf.asm):00223                 BEQ     OUT12                             ;END
D17F 3F               (         dirf.asm):00224                 SWI
D180 3D               (         dirf.asm):00225                 FCB     61                                ;OUTPUT
D181 20F8             (         dirf.asm):00226                 BRA     OUT11                             ;NEXT
D183                  (         dirf.asm):00227         OUT12
D183 860D             (         dirf.asm):00228                 LDA     #$0D                              ;END OF LINE
D185 3F               (         dirf.asm):00229                 SWI
D186 3D               (         dirf.asm):00230                 FCB     61                                ;OUTPUT
D187 3510             (         dirf.asm):00231                 PULS    X                                 ;RESTORE 'X'
D189 16FF7C           (         dirf.asm):00232                 LBRA    LOK2                              ;CONTINUE LOOKING
                      (         dirf.asm):00233         ;*
                      (         dirf.asm):00234         ;* QUALIFIER TABLE
                      (         dirf.asm):00235         ;*
D18C                  (         dirf.asm):00236         QTABLE
D18C 85               (         dirf.asm):00237                 FCB     $85
D18D 2F4E4F4449534B   (         dirf.asm):00238                 FCC     '/NODISK'
D194 85               (         dirf.asm):00239                 FCB     $85
D195 2F4E4F4449524543 (         dirf.asm):00240                 FCC     '/NODIRECTORY'
     544F5259
D1A1 84               (         dirf.asm):00241                 FCB     $84
D1A2 2F4E4F54595045   (         dirf.asm):00242                 FCC     '/NOTYPE'
D1A9 80               (         dirf.asm):00243                 FCB     $80
     0003             (         dirf.asm):00244         NUMQ            = 3
     D1AA             (         dirf.asm):00245         QFLAGS          = *
D1AA                  (         dirf.asm):00246         NODISK
D1AA FF               (         dirf.asm):00247                 FCB     $FF                               ;DON'T INCLUDE DISK PREFIX
D1AB                  (         dirf.asm):00248         NODIR
D1AB FF               (         dirf.asm):00249                 FCB     $FF                               ;DON'T INCLUDE DIRECTORY
D1AC                  (         dirf.asm):00250         NOTYPE
D1AC FF               (         dirf.asm):00251                 FCB     $FF                               ;DON'T INCLUDE TYPE
                      (         dirf.asm):00252         ;* MISC LOCAL VARIABLES
D1AD                  (         dirf.asm):00253         DISK
D1AD                  (         dirf.asm):00254                 RMB     1                                 ;DIRECTORY DISK DRIVE
D1AE                  (         dirf.asm):00255         TEMP
D1AE                  (         dirf.asm):00256                 RMB     2                                 ;TEMP STORAGE
D1B0                  (         dirf.asm):00257         DELIM
D1B0                  (         dirf.asm):00258                 RMB     1                                 ;STRING DELIMITER
D1B1                  (         dirf.asm):00259         WRKSPC
D1B1                  (         dirf.asm):00260                 RMB     512                               ;DIRECTORY LOOKUP SECTOR
D3B1                  (         dirf.asm):00261         OUTFIL
D3B1                  (         dirf.asm):00262                 RMB     522                               ;OUTPUT FILE BUFFER
D5BB                  (         dirf.asm):00263         PREFIX
D5BB                  (         dirf.asm):00264                 RMB     64                                ;PREFIX STRING
D5FB                  (         dirf.asm):00265         POST
D5FB                  (         dirf.asm):00266                 RMB     64                                ;POSTFIX STRING

Symbol Table:
[ G] ABORT                            D098
[ G] BADOPR                           D096
[ G] DATTR                            0017
[ G] DDADR                            0013
[ G] DELIM                            D1B0
[ G] DIRF                             D000
[ G] DIRLOC                           0000
[ G] DISK                             D1AD
[ G] DNAME                            0008
[ G] DPREFIX                          0000
[ G] DRADR                            0015
[ G] DTYPE                            0010
[ G] GETPOS                           D0D4
[ G] GETPRE                           D0B7
[ G] LOK1                             D104
[ G] LOK2                             D108
[ G] LOKDIR                           D0FC
[ G] MAIN                             D099
[ G] NODIR                            D1AB
[ G] NODISK                           D1AA
[ G] NOPRE                            D0E5
[ G] NOTYPE                           D1AC
[ G] NUMQ                             0003
[ G] OSEND                            DBFF
[ G] OSRAM                            2000
[ G] OSUTIL                           D000
[ G] OUT1                             D120
[ G] OUT10                            D178
[ G] OUT11                            D17B
[ G] OUT12                            D183
[ G] OUT2                             D128
[ G] OUT3                             D138
[ G] OUT4                             D143
[ G] OUT5                             D14C
[ G] OUT6                             D152
[ G] OUT7                             D156
[ G] OUT8                             D15F
[ G] OUT9                             D16F
[ G] OUTFIL                           D3B1
[ G] OUTNAM                           D11A
[ G] POST                             D5FB
[ G] PREFIX                           D5BB
[ G] QEND                             D08F
[ G] QERR                             D06B
[ G] QFLAGS                           D1AA
[ G] QSHOW                            D085
[ G] QTABLE                           D18C
[ G] QUAL                             D055
[ G] TEMP                             D1AE
[ G] WRKSPC                           D1B1
