Symbol: ABORT (dirf.s) = D098
Symbol: BADOPR (dirf.s) = D096
Symbol: DATTR (dirf.s) = 0017
Symbol: DDADR (dirf.s) = 0013
Symbol: DELIM (dirf.s) = D1B0
Symbol: DIRF (dirf.s) = D000
Symbol: DIRLOC (dirf.s) = 0000
Symbol: DISK (dirf.s) = D1AD
Symbol: DNAME (dirf.s) = 0008
Symbol: DPREFIX (dirf.s) = 0000
Symbol: DRADR (dirf.s) = 0015
Symbol: DTYPE (dirf.s) = 0010
Symbol: GETPOS (dirf.s) = D0D4
Symbol: GETPRE (dirf.s) = D0B7
Symbol: LOK1 (dirf.s) = D104
Symbol: LOK2 (dirf.s) = D108
Symbol: LOKDIR (dirf.s) = D0FC
Symbol: MAIN (dirf.s) = D099
Symbol: NODIR (dirf.s) = D1AB
Symbol: NODISK (dirf.s) = D1AA
Symbol: NOPRE (dirf.s) = D0E5
Symbol: NOTYPE (dirf.s) = D1AC
Symbol: NUMQ (dirf.s) = 0003
Symbol: OSEND (dirf.s) = DBFF
Symbol: OSRAM (dirf.s) = 2000
Symbol: OSUTIL (dirf.s) = D000
Symbol: OUT1 (dirf.s) = D120
Symbol: OUT10 (dirf.s) = D178
Symbol: OUT11 (dirf.s) = D17B
Symbol: OUT12 (dirf.s) = D183
Symbol: OUT2 (dirf.s) = D128
Symbol: OUT3 (dirf.s) = D138
Symbol: OUT4 (dirf.s) = D143
Symbol: OUT5 (dirf.s) = D14C
Symbol: OUT6 (dirf.s) = D152
Symbol: OUT7 (dirf.s) = D156
Symbol: OUT8 (dirf.s) = D15F
Symbol: OUT9 (dirf.s) = D16F
Symbol: OUTFIL (dirf.s) = D3B1
Symbol: OUTNAM (dirf.s) = D11A
Symbol: POST (dirf.s) = D5FB
Symbol: PREFIX (dirf.s) = D5BB
Symbol: QEND (dirf.s) = D08F
Symbol: QERR (dirf.s) = D06B
Symbol: QFLAGS (dirf.s) = D1AA
Symbol: QSHOW (dirf.s) = D085
Symbol: QTABLE (dirf.s) = D18C
Symbol: QUAL (dirf.s) = D055
Symbol: TEMP (dirf.s) = D1AE
Symbol: WRKSPC (dirf.s) = D1B1
