Symbol: ABORT (ed.s) = 2165
Symbol: ADLN (ed.s) = 2539
Symbol: ADVCHR (ed.s) = 24EC
Symbol: ADVEOF (ed.s) = 257D
Symbol: ADVLIN (ed.s) = 24FB
Symbol: AEOFG (ed.s) = 2519
Symbol: ALINE (ed.s) = 20D4
Symbol: APPEND (ed.s) = 217A
Symbol: BAKCHR (ed.s) = 2583
Symbol: BAKL (ed.s) = 2436
Symbol: BAKLIN (ed.s) = 259B
Symbol: BKUPL (ed.s) = 2597
Symbol: CLEOL (ed.s) = 2669
Symbol: CLRCMD (ed.s) = 265F
Symbol: CLS (ed.s) = 268B
Symbol: CMD0 (ed.s) = 20D9
Symbol: CMD1 (ed.s) = 20E5
Symbol: CMD10 (ed.s) = 2348
Symbol: CMD11 (ed.s) = 235E
Symbol: CMD12 (ed.s) = 2387
Symbol: CMD13 (ed.s) = 23A2
Symbol: CMD14 (ed.s) = 23D4
Symbol: CMD15 (ed.s) = 23E2
Symbol: CMD16 (ed.s) = 23FF
Symbol: CMD17 (ed.s) = 245C
Symbol: CMD18 (ed.s) = 245F
Symbol: CMD2 (ed.s) = 20F5
Symbol: CMD3 (ed.s) = 2122
Symbol: CMD4 (ed.s) = 212D
Symbol: CMD5 (ed.s) = 2285
Symbol: CMD6 (ed.s) = 22AF
Symbol: CMD7 (ed.s) = 22DC
Symbol: CMD8 (ed.s) = 2304
Symbol: CMD9 (ed.s) = 233C
Symbol: CMDTAB (ed.s) = 272C
Symbol: CNVBF1 (ed.s) = 2674
Symbol: CNVBUF (ed.s) = 2670
Symbol: CNVTAB (ed.s) = 2713
Symbol: CRSPEC (ed.s) = 20A8
Symbol: CURFLG (ed.s) = 2805
Symbol: CURHOM (ed.s) = 2613
Symbol: CURPOS (ed.s) = 269E
Symbol: CURUP (ed.s) = 20B8
Symbol: DELCHR (ed.s) = 24AB
Symbol: DELCR (ed.s) = 2108
Symbol: DELEOF (ed.s) = 24CA
Symbol: DELGO (ed.s) = 20F8
Symbol: DELKEY (ed.s) = 26D8
Symbol: DELLP (ed.s) = 24B1
Symbol: DELRTS (ed.s) = 2121
Symbol: DELSN (ed.s) = 22DF
Symbol: DISCR (ed.s) = 2604
Symbol: DISEOF (ed.s) = 260E
Symbol: DISHLP (ed.s) = 231B
Symbol: DISTXT (ed.s) = 25F7
Symbol: DLBUF (ed.s) = 2864
Symbol: DOCMD (ed.s) = 2264
Symbol: DOS (ed.s) = 2251
Symbol: EDIT (ed.s) = 2000
Symbol: EDIT1 (ed.s) = 201B
Symbol: EDTCMD (ed.s) = 2071
Symbol: ENDSN (ed.s) = 23CA
Symbol: ENPAK (ed.s) = 21F5
Symbol: EOFERR (ed.s) = 254A
Symbol: EOFMSG (ed.s) = 27DC
Symbol: EOLFND (ed.s) = 23FE
Symbol: ERRMSG (ed.s) = 226E
Symbol: ESCAPE (ed.s) = 26E0
Symbol: EXECMD (ed.s) = 2085
Symbol: FEOL (ed.s) = 23F2
Symbol: FINCR (ed.s) = 22EF
Symbol: FINEF (ed.s) = 2495
Symbol: FNDBOT (ed.s) = 2359
Symbol: FNDEOF (ed.s) = 2357
Symbol: FNTAB (ed.s) = 2466
Symbol: FOUND (ed.s) = 2430
Symbol: GETC1 (ed.s) = 2642
Symbol: GETC2 (ed.s) = 264E
Symbol: GETCMD (ed.s) = 263D
Symbol: GETKEY (ed.s) = 26BE
Symbol: GINSCH (ed.s) = 209B
Symbol: GOLIN (ed.s) = 21BB
Symbol: GOLOOK (ed.s) = 2417
Symbol: HDISP (ed.s) = 231F
Symbol: HLPFIL (ed.s) = 27CD
Symbol: ICMMSG (ed.s) = 27A8
Symbol: INMSG (ed.s) = 20F2
Symbol: INPBUF (ed.s) = 2824
Symbol: INS1 (ed.s) = 2369
Symbol: INS2 (ed.s) = 237A
Symbol: INSCHR (ed.s) = 2482
Symbol: INSEOF (ed.s) = 2490
Symbol: INSFLG (ed.s) = 2806
Symbol: INSLP (ed.s) = 2488
Symbol: INSMUL (ed.s) = 2493
Symbol: INSOFF (ed.s) = 27C2
Symbol: INSON (ed.s) = 27B8
Symbol: INSP (ed.s) = 2477
Symbol: INVCHR (ed.s) = 27E6
Symbol: INVCMD (ed.s) = 226B
Symbol: INVOFF (ed.s) = 27E7
Symbol: INVON (ed.s) = 27E2
Symbol: KEYIN (ed.s) = 26C0
Symbol: LOCA1 (ed.s) = 25E2
Symbol: LOCADR (ed.s) = 25D4
Symbol: LOCLIN (ed.s) = 25DC
Symbol: LOKLIN (ed.s) = 2517
Symbol: LOOK (ed.s) = 241A
Symbol: LSTBUF (ed.s) = 2682
Symbol: MOVBAC (ed.s) = 22F9
Symbol: MOVL (ed.s) = 24A1
Symbol: NAMBUF (ed.s) = 280B
Symbol: NEWFIL (ed.s) = 204E
Symbol: NEWMSG (ed.s) = 2753
Symbol: NEWNAM (ed.s) = 21A3
Symbol: NLINES (ed.s) = 0017
Symbol: NOAEOF (ed.s) = 2555
Symbol: NOCHG (ed.s) = 267E
Symbol: NOCOM (ed.s) = 21BD
Symbol: NOCUR (ed.s) = 26F2
Symbol: NODEOF (ed.s) = 211E
Symbol: NOFIND (ed.s) = 2456
Symbol: NOINST (ed.s) = 209E
Symbol: NORCHR (ed.s) = 2711
Symbol: NORES (ed.s) = 2079
Symbol: NORPOS (ed.s) = 2568
Symbol: NOTNEW (ed.s) = 205F
Symbol: NXTL (ed.s) = 2508
Symbol: OKGO (ed.s) = 244A
Symbol: OKMV (ed.s) = 256E
Symbol: OLDPOS (ed.s) = 2804
Symbol: OSEND (ed.s) = DBFF
Symbol: OSRAM (ed.s) = 2000
Symbol: OSUTIL (ed.s) = D000
Symbol: OUT1 (ed.s) = 262B
Symbol: OUT2 (ed.s) = 262F
Symbol: OUT3 (ed.s) = 2631
Symbol: OUT4 (ed.s) = 261A
Symbol: OUTDIF (ed.s) = 2621
Symbol: OUTERR (ed.s) = 275C
Symbol: OUTPRT (ed.s) = 261D
Symbol: PACK (ed.s) = 21B1
Symbol: PAGCR (ed.s) = 229B
Symbol: PAGE (ed.s) = 228C
Symbol: PAGEOF (ed.s) = 22A8
Symbol: PGB1 (ed.s) = 22C5
Symbol: PGB2 (ed.s) = 22C7
Symbol: PGBAK (ed.s) = 22B8
Symbol: PGGO (ed.s) = 22B2
Symbol: POSLIN (ed.s) = 255E
Symbol: QUIT (ed.s) = 2161
Symbol: REFBOT (ed.s) = 24B9
Symbol: REFL1 (ed.s) = 24D8
Symbol: REFL2 (ed.s) = 24E9
Symbol: REFLIN (ed.s) = 24CB
Symbol: REFR1 (ed.s) = 2192
Symbol: REFSCR (ed.s) = 25EC
Symbol: RESMSG (ed.s) = 279B
Symbol: SAVE (ed.s) = 2198
Symbol: SAVFIL (ed.s) = 2155
Symbol: SAVL (ed.s) = 2393
Symbol: SAVNAM (ed.s) = 2022
Symbol: SAVOUT (ed.s) = 2167
Symbol: SAVSPC (ed.s) = 21DF
Symbol: SINS1 (ed.s) = 23B1
Symbol: SINS2 (ed.s) = 23C2
Symbol: SKPLIN (ed.s) = 24F9
Symbol: SKPSPC (ed.s) = 21CF
Symbol: SNARF (ed.s) = 2900
Symbol: SNFMSG (ed.s) = 278A
Symbol: SNRPOS (ed.s) = 2809
Symbol: SPCPOS (ed.s) = 256A
Symbol: SROLLD (ed.s) = 2514
Symbol: SROLLU (ed.s) = 25A3
Symbol: SROLU1 (ed.s) = 25A8
Symbol: SROLU2 (ed.s) = 25BA
Symbol: STACK (ed.s) = 3EFF
Symbol: TABKEY (ed.s) = 26DC
Symbol: TABOK (ed.s) = 21ED
Symbol: TEMP (ed.s) = 2807
Symbol: TEXT (ed.s) = 3F00
Symbol: THER1 (ed.s) = 257C
Symbol: THERE (ed.s) = 25EB
Symbol: TOPF (ed.s) = 233F
Symbol: TOPSCR (ed.s) = 22D7
Symbol: TST2 (ed.s) = 2424
Symbol: TXTPOS (ed.s) = 2802
Symbol: UCR (ed.s) = 2227
Symbol: UEOF (ed.s) = 2249
Symbol: UFILL (ed.s) = 221B
Symbol: UGOLIN (ed.s) = 21FD
Symbol: UMOV (ed.s) = 223F
Symbol: UMOVL (ed.s) = 2205
Symbol: UNCMD (ed.s) = 2481
Symbol: UNOINS (ed.s) = 223B
Symbol: UNPACK (ed.s) = 21F7
Symbol: UTAB (ed.s) = 2217
Symbol: WAIHLP (ed.s) = 2329
Symbol: WAIKEY (ed.s) = 218A
Symbol: WAIMSG (ed.s) = 2770
Symbol: XLATE (ed.s) = 270C
Symbol: XPOS (ed.s) = 2800
Symbol: XPOSHB (ed.s) = 0028
Symbol: YPOS (ed.s) = 2801
