Symbol: ABORT (edit.s) = 20FD
Symbol: ADVEOF (edit.s) = 24BD
Symbol: ADVLIN (edit.s) = 24B3
Symbol: AUT1 (edit.s) = 242F
Symbol: AUTCMD (edit.s) = 2428
Symbol: AUTSTR (edit.s) = 2929
Symbol: BADOPR (edit.s) = 246B
Symbol: BAK1 (edit.s) = 24C2
Symbol: BAKLIN (edit.s) = 24C0
Symbol: BAKTOF (edit.s) = 24D3
Symbol: CHA (edit.s) = 21CF
Symbol: CHA1 (edit.s) = 21CD
Symbol: CHAL (edit.s) = 2247
Symbol: CHAL1 (edit.s) = 2255
Symbol: CHAL2 (edit.s) = 225C
Symbol: CHAL3 (edit.s) = 2284
Symbol: CHAL4 (edit.s) = 2294
Symbol: CHAL5 (edit.s) = 2290
Symbol: CHGF (edit.s) = 229B
Symbol: CHL1 (edit.s) = 21F0
Symbol: CLOSE (edit.s) = 25D6
Symbol: CNOTF (edit.s) = 2213
Symbol: CNOTR (edit.s) = 2211
Symbol: COM1 (edit.s) = 20E6
Symbol: COM2 (edit.s) = 2118
Symbol: COM3 (edit.s) = 213E
Symbol: COM4 (edit.s) = 2150
Symbol: COM5 (edit.s) = 2172
Symbol: COM6 (edit.s) = 2180
Symbol: COM7 (edit.s) = 2191
Symbol: COM8 (edit.s) = 21BB
Symbol: DEFAU1 (edit.s) = 2518
Symbol: DEL1 (edit.s) = 21A2
Symbol: DELETE (edit.s) = 249F
Symbol: DELI1 (edit.s) = 24A6
Symbol: DOAUT1 (edit.s) = 2560
Symbol: DOAUTO (edit.s) = 255D
Symbol: DOCH1 (edit.s) = 22C4
Symbol: DOCHG (edit.s) = 22BB
Symbol: DODEL (edit.s) = 253C
Symbol: DOSCMD (edit.s) = 2419
Symbol: DSPADV (edit.s) = 24DF
Symbol: DSPEOF (edit.s) = 24F9
Symbol: DSPLIN (edit.s) = 24D9
Symbol: DSQU1 (edit.s) = 2062
Symbol: EDBUF (edit.s) = 2680
Symbol: EDI1 (edit.s) = 2079
Symbol: EDI2 (edit.s) = 2087
Symbol: EDIT (edit.s) = 2000
Symbol: EDMSG (edit.s) = 20C9
Symbol: EOF (edit.s) = 2129
Symbol: EOF1 (edit.s) = 218F
Symbol: EOFTST (edit.s) = 21B4
Symbol: EXIT (edit.s) = 258F
Symbol: FCMD (edit.s) = 25EE
Symbol: FILEXI (edit.s) = 20A9
Symbol: FILNAM (edit.s) = 2910
Symbol: FINEOF (edit.s) = 256E
Symbol: FINP (edit.s) = 2548
Symbol: FNDEOF (edit.s) = 24AE
Symbol: FNDIT (edit.s) = 2325
Symbol: FNDTOP (edit.s) = 24D2
Symbol: GCMD (edit.s) = 247A
Symbol: GETL1 (edit.s) = 2529
Symbol: GETLFCR (edit.s) = 251C
Symbol: GETLIN (edit.s) = 251F
Symbol: GETOP1 (edit.s) = 2506
Symbol: GOABO (edit.s) = 206C
Symbol: GOCHG (edit.s) = 2252
Symbol: GOCMD (edit.s) = 20D6
Symbol: GOCMD1 (edit.s) = 23AD
Symbol: GOCMD2 (edit.s) = 2437
Symbol: GODEL (edit.s) = 21AA
Symbol: GODEL1 (edit.s) = 21AC
Symbol: GODISP (edit.s) = 20E1
Symbol: GOED1 (edit.s) = 20BE
Symbol: GOEDIT (edit.s) = 20B0
Symbol: GOLFCR (edit.s) = 213A
Symbol: HITEOF (edit.s) = 2320
Symbol: INRT (edit.s) = 2559
Symbol: INS1 (edit.s) = 2480
Symbol: INS2 (edit.s) = 248B
Symbol: INS3 (edit.s) = 2496
Symbol: INSERT (edit.s) = 247D
Symbol: INSP (edit.s) = 2162
Symbol: LFCR (edit.s) = 24EB
Symbol: LOC1 (edit.s) = 2303
Symbol: LOC2 (edit.s) = 230A
Symbol: LOC3 (edit.s) = 230C
Symbol: LOCATE (edit.s) = 22FF
Symbol: MAIN (edit.s) = 2074
Symbol: MTC1 (edit.s) = 22EB
Symbol: MTC2 (edit.s) = 22FA
Symbol: MTC3 (edit.s) = 22A2
Symbol: MTCF (edit.s) = 22E9
Symbol: MTCH (edit.s) = 22C6
Symbol: MTCH1 (edit.s) = 22C4
Symbol: MTNOTF (edit.s) = 22E1
Symbol: NEX1 (edit.s) = 211F
Symbol: NEXTL (edit.s) = 228E
Symbol: NOCP (edit.s) = 20EE
Symbol: NOTDEL (edit.s) = 254D
Symbol: OPENR (edit.s) = 25B2
Symbol: OPENW (edit.s) = 25BB
Symbol: OSEND (edit.s) = DBFF
Symbol: OSRAM (edit.s) = 2000
Symbol: OSUTIL (edit.s) = D000
Symbol: PR1 (edit.s) = 2106
Symbol: PRINT (edit.s) = 20FF
Symbol: PUTCHR (edit.s) = 24F1
Symbol: PUTQC (edit.s) = 24F8
Symbol: QCMD (edit.s) = 25EF
Symbol: QERR (edit.s) = 204A
Symbol: QMAX (edit.s) = 0002
Symbol: QTABLE (edit.s) = 25DF
Symbol: QUAL (edit.s) = 2034
Symbol: QUE1 (edit.s) = 23EA
Symbol: QUE2 (edit.s) = 23F6
Symbol: QUERY (edit.s) = 23DF
Symbol: RAM (edit.s) = 2600
Symbol: READ (edit.s) = 23B0
Symbol: READ1 (edit.s) = 23C5
Symbol: READ2 (edit.s) = 23CA
Symbol: READ3 (edit.s) = 23CF
Symbol: READC (edit.s) = 25C4
Symbol: REP1 (edit.s) = 233C
Symbol: REP2 (edit.s) = 2349
Symbol: REPEAT (edit.s) = 2330
Symbol: REST1 (edit.s) = 2448
Symbol: SAVFIL (edit.s) = 259D
Symbol: SAVPTR (edit.s) = 290E
Symbol: SAVREST (edit.s) = 243A
Symbol: SERBUF (edit.s) = 2700
Symbol: SHOCHG (edit.s) = 2223
Symbol: SHOR (edit.s) = 2246
Symbol: STACK (edit.s) = 2A00
Symbol: TEMP (edit.s) = 290A
Symbol: TEMP1 (edit.s) = 290C
Symbol: TEXT (edit.s) = 2A00
Symbol: TOF (edit.s) = 212E
Symbol: UCASE (edit.s) = 257A
Symbol: UCASE0 (edit.s) = 257C
Symbol: UCASE1 (edit.s) = 258A
Symbol: UNCMD (edit.s) = 2459
Symbol: UNCMDB (edit.s) = 2457
Symbol: UP1 (edit.s) = 2145
Symbol: WRITE (edit.s) = 2357
Symbol: WRITEC (edit.s) = 25CD
Symbol: WRLI1 (edit.s) = 237B
Symbol: WRLI2 (edit.s) = 238F
Symbol: WRLINS (edit.s) = 2370
