Symbol: ABORT (flink.s) = D02A
Symbol: ABORT1 (flink.s) = D0DD
Symbol: DPERM (flink.s) = 0010
Symbol: DRIVE (flink.s) = D107
Symbol: DSQU1 (flink.s) = D059
Symbol: EPERM (flink.s) = 0020
Symbol: ERRMSG (flink.s) = D0E1
Symbol: FDADDR (flink.s) = 0013
Symbol: FDSIZE (flink.s) = 0020
Symbol: FLADDR (flink.s) = 0015
Symbol: FLINK (flink.s) = D000
Symbol: FNAME (flink.s) = 0008
Symbol: FPREFIX (flink.s) = 0000
Symbol: FPROT (flink.s) = 0017
Symbol: FSPARE (flink.s) = 0018
Symbol: FTYPE (flink.s) = 0010
Symbol: GOABO (flink.s) = D063
Symbol: MAIN (flink.s) = D06A
Symbol: MAIN1 (flink.s) = D084
Symbol: MAIN2 (flink.s) = D08B
Symbol: MAIN3 (flink.s) = D0A5
Symbol: MAIN4 (flink.s) = D0B8
Symbol: MAIN5 (flink.s) = D0C1
Symbol: MAIN6 (flink.s) = D0D2
Symbol: MAIN7 (flink.s) = D0DE
Symbol: OSEND (flink.s) = DBFF
Symbol: OSRAM (flink.s) = 2000
Symbol: OSUTIL (flink.s) = D000
Symbol: QERR (flink.s) = D041
Symbol: QFLAGS (flink.s) = D106
Symbol: QMAX (flink.s) = 0001
Symbol: QTABLE (flink.s) = D0FD
Symbol: QUAL (flink.s) = D02B
Symbol: RPERM (flink.s) = 0080
Symbol: SAVDIR (flink.s) = D10A
Symbol: SECTOR (flink.s) = D108
Symbol: WPERM (flink.s) = 0040
