Symbol: ABORT (raid.s) = C103
Symbol: BADOPC (raid.s) = C70B
Symbol: BRKRES (raid.s) = C96C
Symbol: BRKTAB (raid.s) = BF7C
Symbol: BSAVOF (raid.s) = C604
Symbol: CCBITS (raid.s) = C239
Symbol: CFOUND (raid.s) = C0D5
Symbol: CHG1 (raid.s) = C24C
Symbol: CHG2 (raid.s) = C258
Symbol: CHG3 (raid.s) = C28D
Symbol: CHG4 (raid.s) = C26F
Symbol: CHGREG (raid.s) = C241
Symbol: CHGTAB (raid.s) = C290
Symbol: CHKC1 (raid.s) = C44E
Symbol: CHKC2 (raid.s) = C460
Symbol: CHKC3 (raid.s) = C463
Symbol: CHKCHR (raid.s) = C442
Symbol: CMDTAB (raid.s) = C0D9
Symbol: CONTAB (raid.s) = CEF4
Symbol: DDADR (raid.s) = 0013
Symbol: DEC1 (raid.s) = C7F2
Symbol: DEVICE (raid.s) = BF62
Symbol: DIRECT (raid.s) = C74A
Symbol: DISA1 (raid.s) = C6E1
Symbol: DISASM (raid.s) = C19F
Symbol: DISASS (raid.s) = C6D8
Symbol: DISREG (raid.s) = C1C5
Symbol: DISS1 (raid.s) = C1B1
Symbol: DISS2 (raid.s) = C1C4
Symbol: DJMPDI (raid.s) = C593
Symbol: DJMPEX (raid.s) = C583
Symbol: DJMPIN (raid.s) = C5AF
Symbol: DOPUL (raid.s) = C556
Symbol: DOPUL1 (raid.s) = C55A
Symbol: DOPUL2 (raid.s) = C571
Symbol: DOPUL3 (raid.s) = C56D
Symbol: DOSSR (raid.s) = CF79
Symbol: DRADR (raid.s) = 0015
Symbol: DSPB1 (raid.s) = C29F
Symbol: DSPB2 (raid.s) = C2BE
Symbol: DSPB3 (raid.s) = C2C1
Symbol: DSPBRK (raid.s) = C29A
Symbol: DSPBUF (raid.s) = BF94
Symbol: END1 (raid.s) = C8BB
Symbol: END2 (raid.s) = C8C9
Symbol: END3 (raid.s) = C8D3
Symbol: END4 (raid.s) = C8E6
Symbol: END5 (raid.s) = C8E0
Symbol: END6 (raid.s) = C8E2
Symbol: ENDIS (raid.s) = C8A5
Symbol: ENDIS1 (raid.s) = C760
Symbol: ERROR (raid.s) = C0CD
Symbol: EVL1 (raid.s) = C78C
Symbol: EVL2 (raid.s) = C797
Symbol: EVL3 (raid.s) = C79F
Symbol: EVL4 (raid.s) = C7A7
Symbol: EVL5 (raid.s) = C7B1
Symbol: EVL6 (raid.s) = C7BC
Symbol: EVL7 (raid.s) = C7C7
Symbol: EVLEND (raid.s) = C80E
Symbol: EVLFIN (raid.s) = C810
Symbol: EVLX1 (raid.s) = C787
Symbol: EXTEND (raid.s) = C758
Symbol: FNDO1 (raid.s) = C722
Symbol: FNDO2 (raid.s) = C729
Symbol: FNDOPC (raid.s) = C70F
Symbol: GETADR (raid.s) = C3A5
Symbol: GETB1 (raid.s) = C3C7
Symbol: GETB2 (raid.s) = C3C5
Symbol: GETB3 (raid.s) = C3C8
Symbol: GETB4 (raid.s) = C3C2
Symbol: GETBYT (raid.s) = C3B2
Symbol: GETCHR (raid.s) = CF5B
Symbol: GETECH (raid.s) = C41E
Symbol: GETN1 (raid.s) = C3E7
Symbol: GETN2 (raid.s) = C3EA
Symbol: GETNIB (raid.s) = C3D4
Symbol: GETRNG (raid.s) = C384
Symbol: GOEX1 (raid.s) = C337
Symbol: GOEX2 (raid.s) = C33A
Symbol: GOEX3 (raid.s) = C353
Symbol: GOEX4 (raid.s) = C360
Symbol: GOEXEC (raid.s) = C32B
Symbol: GOS1 (raid.s) = C301
Symbol: GOS2 (raid.s) = C304
Symbol: GOSTEP (raid.s) = C2F4
Symbol: GOSTP1 (raid.s) = C307
Symbol: GOSTP2 (raid.s) = C32A
Symbol: GRGRTS (raid.s) = C3A4
Symbol: HELD (raid.s) = BF74
Symbol: HEXOUT (raid.s) = C3F1
Symbol: HOUT (raid.s) = C3FB
Symbol: HOUT1 (raid.s) = C405
Symbol: IMM16 (raid.s) = C741
Symbol: IMM8 (raid.s) = C73B
Symbol: INC1 (raid.s) = C821
Symbol: INDEX (raid.s) = C763
Symbol: INDTAB (raid.s) = CF31
Symbol: INSR1 (raid.s) = C7AF
Symbol: INSRAM (raid.s) = BFC6
Symbol: INSREG (raid.s) = C7DD
Symbol: INSTYP (raid.s) = BF78
Symbol: ITABLE (raid.s) = CCE1
Symbol: JMPDIR (raid.s) = C58F
Symbol: JMPEXT (raid.s) = C57F
Symbol: JMPIND (raid.s) = C5A9
Symbol: JSRDIR (raid.s) = C587
Symbol: JSREXT (raid.s) = C577
Symbol: JSRIND (raid.s) = C59A
Symbol: LBRAN (raid.s) = C89C
Symbol: LBRAN1 (raid.s) = C4A5
Symbol: LBRANS (raid.s) = C4AB
Symbol: LCBRAN (raid.s) = C48B
Symbol: LFC1 (raid.s) = C43B
Symbol: LFCR (raid.s) = C433
Symbol: LKCMD (raid.s) = C0C3
Symbol: LOBRAN (raid.s) = C4A1
Symbol: LOK1 (raid.s) = C502
Symbol: LOK2 (raid.s) = C4F7
Symbol: LOKREG (raid.s) = C4EA
Symbol: MAIN (raid.s) = C0AC
Symbol: MEM1 (raid.s) = C10D
Symbol: MEM2 (raid.s) = C120
Symbol: MEM3 (raid.s) = C12A
Symbol: MEM4 (raid.s) = C134
Symbol: MEM5 (raid.s) = C13E
Symbol: MEM6 (raid.s) = C148
Symbol: MEM7 (raid.s) = C14A
Symbol: MEMORY (raid.s) = C105
Symbol: NINXIN (raid.s) = C656
Symbol: NO5BO (raid.s) = C773
Symbol: NODEC (raid.s) = C7F4
Symbol: NODSR (raid.s) = C312
Symbol: NOINC (raid.s) = C823
Symbol: NOIND (raid.s) = C77B
Symbol: NOIND1 (raid.s) = C830
Symbol: NOPARM (raid.s) = C09E
Symbol: NOQUAL (raid.s) = C067
Symbol: NORE1 (raid.s) = C65F
Symbol: NORE2 (raid.s) = C66B
Symbol: NORE3 (raid.s) = C696
Symbol: NOREXE (raid.s) = C65A
Symbol: NOT5BO (raid.s) = C5D8
Symbol: OP16 (raid.s) = C75B
Symbol: OP8 (raid.s) = C751
Symbol: OPFIND (raid.s) = C6FD
Symbol: OPFNXT (raid.s) = C6FB
Symbol: OPTAB1 (raid.s) = C9B7
Symbol: OPTAB2 (raid.s) = CC51
Symbol: OPTAB3 (raid.s) = CCC6
Symbol: OSEND (raid.s) = DBFF
Symbol: OSRAM (raid.s) = 2000
Symbol: OSUTIL (raid.s) = D000
Symbol: PCRG (raid.s) = C982
Symbol: POSBYT (raid.s) = BF79
Symbol: PSH1 (raid.s) = C83B
Symbol: PSH2 (raid.s) = C854
Symbol: PSH3 (raid.s) = C868
Symbol: PSH4 (raid.s) = C84D
Symbol: PSHNXT (raid.s) = C863
Symbol: PSHPC (raid.s) = C5A0
Symbol: PSHPUL (raid.s) = C833
Symbol: PSHTAB (raid.s) = C9A6
Symbol: PTRSAV (raid.s) = BF76
Symbol: PUL16 (raid.s) = C569
Symbol: PULSTAB (raid.s) = CF3B
Symbol: PULUTAB (raid.s) = CF4B
Symbol: PUTCHR (raid.s) = C43F
Symbol: QUIT (raid.s) = C0F8
Symbol: R16 (raid.s) = C27D
Symbol: R17 (raid.s) = C284
Symbol: RAID (raid.s) = C000
Symbol: RAID1 (raid.s) = C036
Symbol: RAID2 (raid.s) = C03D
Symbol: RAM (raid.s) = BF60
Symbol: RBITS (raid.s) = C1E3
Symbol: RDCON (raid.s) = CF65
Symbol: REGB1 (raid.s) = C1DC
Symbol: REGIND (raid.s) = BF7A
Symbol: REGTAB (raid.s) = C986
Symbol: REGTXT (raid.s) = C20F
Symbol: ROM (raid.s) = C000
Symbol: RSUB1 (raid.s) = C1FF
Symbol: RSUB2 (raid.s) = C207
Symbol: RSVREG (raid.s) = C631
Symbol: SAIREG (raid.s) = C7AD
Symbol: SAVA (raid.s) = BF65
Symbol: SAVADR (raid.s) = C8A2
Symbol: SAVB (raid.s) = BF66
Symbol: SAVCC (raid.s) = BF64
Symbol: SAVDP (raid.s) = BF67
Symbol: SAVNPC (raid.s) = C4DF
Symbol: SAVPC (raid.s) = BF6E
Symbol: SAVS (raid.s) = BF70
Symbol: SAVSTK (raid.s) = C4D5
Symbol: SAVU (raid.s) = BF6C
Symbol: SAVX (raid.s) = BF68
Symbol: SAVXPC (raid.s) = C64E
Symbol: SAVY (raid.s) = BF6A
Symbol: SBRAN (raid.s) = C891
Symbol: SBRAN1 (raid.s) = C4C7
Symbol: SBRANS (raid.s) = C4CD
Symbol: SCOBRA (raid.s) = C4B5
Symbol: SETBRK (raid.s) = C2D0
Symbol: SETOP2 (raid.s) = C6F8
Symbol: SHBRAN (raid.s) = C4C3
Symbol: SINOK (raid.s) = C5D4
Symbol: SPACE (raid.s) = C42D
Symbol: STACK (raid.s) = C000
Symbol: STDPC (raid.s) = C530
Symbol: STEP (raid.s) = C478
Symbol: STEPCE (raid.s) = C482
Symbol: STEPDI (raid.s) = C466
Symbol: STPFLG (raid.s) = BF75
Symbol: STPREG (raid.s) = C30F
Symbol: SUBM1 (raid.s) = C161
Symbol: SUBM2 (raid.s) = C16B
Symbol: SUBM3 (raid.s) = C17F
Symbol: SUBM4 (raid.s) = C186
Symbol: SUBM5 (raid.s) = C195
Symbol: SUBMEM (raid.s) = C158
Symbol: SWIADR (raid.s) = BF60
Symbol: SWIHN1 (raid.s) = C91B
Symbol: SWIHN2 (raid.s) = C92F
Symbol: SWIHN25 (raid.s) = C937
Symbol: SWIHN3 (raid.s) = C971
Symbol: SWIHN4 (raid.s) = C97A
Symbol: SWIHND (raid.s) = C911
Symbol: TADEC1 (raid.s) = C623
Symbol: TADEC2 (raid.s) = C62B
Symbol: TAINC1 (raid.s) = C613
Symbol: TAINC2 (raid.s) = C61B
Symbol: TEIND (raid.s) = C64C
Symbol: TEMP (raid.s) = BF72
Symbol: TFREGT (raid.s) = CF2F
Symbol: TFRET (raid.s) = C890
Symbol: TFREXG (raid.s) = C86B
Symbol: TFRREG (raid.s) = C881
Symbol: TOFF16 (raid.s) = C5EA
Symbol: TOFF8 (raid.s) = C5E2
Symbol: TOFFA (raid.s) = C5F4
Symbol: TOFFB (raid.s) = C5FD
Symbol: TOFFD (raid.s) = C608
Symbol: TPCO16 (raid.s) = C642
Symbol: TPCO8 (raid.s) = C638
Symbol: TPULS (raid.s) = C534
Symbol: TPULU (raid.s) = C545
Symbol: TSTC0 (raid.s) = C6BE
Symbol: TSTC1 (raid.s) = C6CC
Symbol: TSTC2 (raid.s) = C6D6
Symbol: TSTCON (raid.s) = C6B6
Symbol: TSTE1 (raid.s) = C51E
Symbol: TSTE2 (raid.s) = C520
Symbol: TSTEXG (raid.s) = C507
Symbol: TSTRTS (raid.s) = C524
Symbol: TSTTFR (raid.s) = C4E3
Symbol: WRCON (raid.s) = CF6F
Symbol: WRDOUT (raid.s) = C3ED
Symbol: WRHEX (raid.s) = C8FA
Symbol: WRHEX1 (raid.s) = C8F8
Symbol: WRHEXB (raid.s) = C8E8
Symbol: WRHEXN (raid.s) = C904
Symbol: WRHEXW (raid.s) = C8F0
Symbol: WRLIN (raid.s) = C411
Symbol: WRLND (raid.s) = C41D
Symbol: WRMSG (raid.s) = C407
Symbol: WRNOK (raid.s) = C90E
Symbol: WRPCRG (raid.s) = C7D0
Symbol: WRPR1 (raid.s) = C7D3
Symbol: XSAVPC (raid.s) = C636
