Symbol: ABORT (search.s) = D179
Symbol: BADSTR (search.s) = D109
Symbol: BINARY (search.s) = D301
Symbol: BINDI (search.s) = D223
Symbol: BUFF1 (search.s) = D367
Symbol: BUFFER (search.s) = D317
Symbol: BUFSIZ (search.s) = D30E
Symbol: BYTCT (search.s) = D315
Symbol: CASE (search.s) = D303
Symbol: DATTR (search.s) = 0017
Symbol: DDADR (search.s) = 0013
Symbol: DIRBUF (search.s) = D3B7
Symbol: DIRLOC (search.s) = 0000
Symbol: DNAME (search.s) = 0008
Symbol: DPERM (search.s) = 0010
Symbol: DPREFIX (search.s) = 0000
Symbol: DRADR (search.s) = 0015
Symbol: DSQU1 (search.s) = D0A7
Symbol: DTYPE (search.s) = 0010
Symbol: EPERM (search.s) = 0020
Symbol: FILEOF (search.s) = D2AD
Symbol: FMATCH (search.s) = D304
Symbol: FSEC (search.s) = D30C
Symbol: GMATCH (search.s) = D306
Symbol: GOABO (search.s) = D0B9
Symbol: GOTOP (search.s) = D10E
Symbol: HEX (search.s) = D300
Symbol: HEXIN (search.s) = D0D7
Symbol: LINCT (search.s) = D313
Symbol: MAIN (search.s) = D0C2
Symbol: NMATCH (search.s) = D311
Symbol: NOMAT (search.s) = D177
Symbol: NXTDIR (search.s) = D121
Symbol: OSEND (search.s) = DBFF
Symbol: OSRAM (search.s) = 2000
Symbol: OSUTIL (search.s) = D000
Symbol: PROTOK (search.s) = D1BE
Symbol: QERR (search.s) = D05E
Symbol: QFLAGS (search.s) = D300
Symbol: QMAX (search.s) = 0004
Symbol: QTABLE (search.s) = D2E5
Symbol: QUAL (search.s) = D046
Symbol: RDF1 (search.s) = D29C
Symbol: RDF2 (search.s) = D2AB
Symbol: RDFIL (search.s) = D25E
Symbol: RDFO1 (search.s) = D28D
Symbol: RDFOK (search.s) = D284
Symbol: RPERM (search.s) = 0080
Symbol: SCAN1 (search.s) = D1E3
Symbol: SCAN2 (search.s) = D1EA
Symbol: SCAN3 (search.s) = D1F4
Symbol: SCAN4 (search.s) = D24B
Symbol: SCAN5 (search.s) = D251
Symbol: SCAND (search.s) = D111
Symbol: SCAND1 (search.s) = D11D
Symbol: SCANF (search.s) = D17B
Symbol: SCSEC (search.s) = D1CF
Symbol: SEARCH (search.s) = D000
Symbol: SECTOR (search.s) = D30A
Symbol: SEREND (search.s) = D174
Symbol: STR1 (search.s) = D0F7
Symbol: STRIN (search.s) = D0EA
Symbol: TEMP (search.s) = D308
Symbol: TOTAL (search.s) = D302
Symbol: WPERM (search.s) = 0040
Symbol: WRKBUF (search.s) = D5B7
Symbol: WRKPTR (search.s) = D30F
