Symbol: BADFIL (ttypatch.s) = 23D6
Symbol: CLR1 (ttypatch.s) = 21CD
Symbol: CLRAM (ttypatch.s) = 21C8
Symbol: DISD1 (ttypatch.s) = 2259
Symbol: DISD2 (ttypatch.s) = 226D
Symbol: DISD3 (ttypatch.s) = 2277
Symbol: DISD4 (ttypatch.s) = 227F
Symbol: DISD5 (ttypatch.s) = 2284
Symbol: DISDAT (ttypatch.s) = 2258
Symbol: DMENU (ttypatch.s) = 21D6
Symbol: DMENU0 (ttypatch.s) = 21D8
Symbol: DMENU1 (ttypatch.s) = 21DC
Symbol: DMENU2 (ttypatch.s) = 21F3
Symbol: DMENU3 (ttypatch.s) = 21FC
Symbol: DMENU4 (ttypatch.s) = 221A
Symbol: DMENU5 (ttypatch.s) = 2225
Symbol: DMENU6 (ttypatch.s) = 2239
Symbol: DMENU7 (ttypatch.s) = 223C
Symbol: DMENU8 (ttypatch.s) = 2242
Symbol: DMENU9 (ttypatch.s) = 2254
Symbol: DPREFIX (ttypatch.s) = 0000
Symbol: DSKADR (ttypatch.s) = 0013
Symbol: FDATA (ttypatch.s) = 26B3
Symbol: FLOAD (ttypatch.s) = 2697
Symbol: FNAME (ttypatch.s) = 0008
Symbol: FNAMES (ttypatch.s) = 25AF
Symbol: FNUM (ttypatch.s) = 000F
Symbol: FPROT (ttypatch.s) = 0017
Symbol: FSIZE (ttypatch.s) = 2699
Symbol: FTYPE (ttypatch.s) = 0010
Symbol: GDATA (ttypatch.s) = 26E5
Symbol: GETD1 (ttypatch.s) = 23A9
Symbol: GETD2 (ttypatch.s) = 23AE
Symbol: GETDIG (ttypatch.s) = 2390
Symbol: GETS1 (ttypatch.s) = 2286
Symbol: GETS10 (ttypatch.s) = 2334
Symbol: GETS10A (ttypatch.s) = 2361
Symbol: GETS10B (ttypatch.s) = 2381
Symbol: GETS2 (ttypatch.s) = 2294
Symbol: GETS3 (ttypatch.s) = 22DF
Symbol: GETS3A (ttypatch.s) = 22F5
Symbol: GETS4 (ttypatch.s) = 2302
Symbol: GETS4A (ttypatch.s) = 2308
Symbol: GETS6 (ttypatch.s) = 230D
Symbol: GETS7 (ttypatch.s) = 2316
Symbol: GETS7A (ttypatch.s) = 231F
Symbol: GETS8 (ttypatch.s) = 2326
Symbol: GETS9 (ttypatch.s) = 232E
Symbol: GETSTR (ttypatch.s) = 2285
Symbol: IDATA (ttypatch.s) = 269A
Symbol: IEND (ttypatch.s) = 26E5
Symbol: INAMES (ttypatch.s) = 2528
Symbol: INUM (ttypatch.s) = 000D
Symbol: ISIZE (ttypatch.s) = 0019
Symbol: LDPGM (ttypatch.s) = 2171
Symbol: LOAD (ttypatch.s) = 2749
Symbol: LODADR (ttypatch.s) = 0015
Symbol: LODBAD (ttypatch.s) = 21BF
Symbol: LODERR (ttypatch.s) = 21C5
Symbol: MAIN (ttypatch.s) = 2016
Symbol: MAIN1 (ttypatch.s) = 205D
Symbol: MAIN10 (ttypatch.s) = 2107
Symbol: MAIN10A (ttypatch.s) = 2116
Symbol: MAIN10B (ttypatch.s) = 2118
Symbol: MAIN10C (ttypatch.s) = 212E
Symbol: MAIN10D (ttypatch.s) = 213A
Symbol: MAIN10E (ttypatch.s) = 2146
Symbol: MAIN11 (ttypatch.s) = 215C
Symbol: MAIN12 (ttypatch.s) = 2162
Symbol: MAIN2 (ttypatch.s) = 2060
Symbol: MAIN3 (ttypatch.s) = 2069
Symbol: MAIN4 (ttypatch.s) = 2084
Symbol: MAIN5 (ttypatch.s) = 2093
Symbol: MAIN6 (ttypatch.s) = 20A3
Symbol: MAIN7 (ttypatch.s) = 20AE
Symbol: MAIN9 (ttypatch.s) = 20BF
Symbol: MAIN9A (ttypatch.s) = 20CD
Symbol: MAIN9B (ttypatch.s) = 20D9
Symbol: MAIN9C (ttypatch.s) = 20E5
Symbol: MAIN9D (ttypatch.s) = 20F4
Symbol: MAIN9E (ttypatch.s) = 20F6
Symbol: MMENU (ttypatch.s) = 23F2
Symbol: NSIZE (ttypatch.s) = 0019
Symbol: ODATA (ttypatch.s) = 26CC
Symbol: ONAMES (ttypatch.s) = 2488
Symbol: ONUM (ttypatch.s) = 0008
Symbol: OSEND (ttypatch.s) = DBFF
Symbol: OSRAM (ttypatch.s) = 2000
Symbol: OSUTIL (ttypatch.s) = D000
Symbol: PUTC1 (ttypatch.s) = 23C4
Symbol: PUTC2 (ttypatch.s) = 23D2
Symbol: PUTCHR (ttypatch.s) = 23B4
Symbol: STACK (ttypatch.s) = 2749
Symbol: SUBMEN (ttypatch.s) = 20B7
